Component: ARM Compiler 5.06 update 6 (build 750) Tool: armlink [4d35ed]

==============================================================================

Section Cross References

    lab2 - copy.o(MyCode) refers to main.o(MyCode) for main
    stm32f2xx_hal.o(i.HAL_DeInit) refers to stm32f2xx_hal.o(i.HAL_MspDeInit) for HAL_MspDeInit
    stm32f2xx_hal.o(i.HAL_Delay) refers to stm32f2xx_hal.o(i.HAL_GetTick) for HAL_GetTick
    stm32f2xx_hal.o(i.HAL_GetTick) refers to stm32f2xx_hal.o(.data) for uwTick
    stm32f2xx_hal.o(i.HAL_IncTick) refers to stm32f2xx_hal.o(.data) for uwTick
    stm32f2xx_hal.o(i.HAL_Init) refers to stm32f2xx_hal_cortex.o(i.HAL_NVIC_SetPriorityGrouping) for HAL_NVIC_SetPriorityGrouping
    stm32f2xx_hal.o(i.HAL_Init) refers to stm32f2xx_hal.o(i.HAL_InitTick) for HAL_InitTick
    stm32f2xx_hal.o(i.HAL_Init) refers to stm32f2xx_hal.o(i.HAL_MspInit) for HAL_MspInit
    stm32f2xx_hal.o(i.HAL_InitTick) refers to stm32f2xx_hal_cortex.o(i.HAL_SYSTICK_Config) for HAL_SYSTICK_Config
    stm32f2xx_hal.o(i.HAL_InitTick) refers to stm32f2xx_hal_cortex.o(i.HAL_NVIC_SetPriority) for HAL_NVIC_SetPriority
    stm32f2xx_hal.o(i.HAL_InitTick) refers to system_stm32f2xx.o(.data) for SystemCoreClock
    stm32f2xx_hal_cortex.o(i.HAL_NVIC_GetPriorityGrouping) refers to stm32f2xx_hal_cortex.o(i.__NVIC_GetPriorityGrouping) for __NVIC_GetPriorityGrouping
    stm32f2xx_hal_cortex.o(i.HAL_NVIC_SetPriority) refers to stm32f2xx_hal_cortex.o(i.__NVIC_GetPriorityGrouping) for __NVIC_GetPriorityGrouping
    stm32f2xx_hal_cortex.o(i.HAL_NVIC_SetPriority) refers to stm32f2xx_hal_cortex.o(i.__NVIC_SetPriority) for __NVIC_SetPriority
    stm32f2xx_hal_cortex.o(i.HAL_SYSTICK_Config) refers to stm32f2xx_hal_cortex.o(i.__NVIC_SetPriority) for __NVIC_SetPriority
    stm32f2xx_hal_cortex.o(i.HAL_SYSTICK_IRQHandler) refers to stm32f2xx_hal_cortex.o(i.HAL_SYSTICK_Callback) for HAL_SYSTICK_Callback
    stm32f2xx_hal_gpio.o(i.HAL_GPIO_EXTI_IRQHandler) refers to stm32f2xx_hal_gpio.o(i.HAL_GPIO_EXTI_Callback) for HAL_GPIO_EXTI_Callback
    stm32f2xx_hal_rcc.o(i.HAL_RCC_ClockConfig) refers to stm32f2xx_hal.o(i.HAL_GetTick) for HAL_GetTick
    stm32f2xx_hal_rcc.o(i.HAL_RCC_ClockConfig) refers to stm32f2xx_hal_rcc.o(i.HAL_RCC_GetSysClockFreq) for HAL_RCC_GetSysClockFreq
    stm32f2xx_hal_rcc.o(i.HAL_RCC_ClockConfig) refers to stm32f2xx_hal.o(i.HAL_InitTick) for HAL_InitTick
    stm32f2xx_hal_rcc.o(i.HAL_RCC_ClockConfig) refers to system_stm32f2xx.o(.constdata) for AHBPrescTable
    stm32f2xx_hal_rcc.o(i.HAL_RCC_ClockConfig) refers to system_stm32f2xx.o(.data) for SystemCoreClock
    stm32f2xx_hal_rcc.o(i.HAL_RCC_DeInit) refers to stm32f2xx_hal.o(i.HAL_GetTick) for HAL_GetTick
    stm32f2xx_hal_rcc.o(i.HAL_RCC_DeInit) refers to stm32f2xx_hal.o(i.HAL_InitTick) for HAL_InitTick
    stm32f2xx_hal_rcc.o(i.HAL_RCC_DeInit) refers to system_stm32f2xx.o(.data) for SystemCoreClock
    stm32f2xx_hal_rcc.o(i.HAL_RCC_GetHCLKFreq) refers to system_stm32f2xx.o(.data) for SystemCoreClock
    stm32f2xx_hal_rcc.o(i.HAL_RCC_GetPCLK1Freq) refers to stm32f2xx_hal_rcc.o(i.HAL_RCC_GetHCLKFreq) for HAL_RCC_GetHCLKFreq
    stm32f2xx_hal_rcc.o(i.HAL_RCC_GetPCLK1Freq) refers to system_stm32f2xx.o(.constdata) for APBPrescTable
    stm32f2xx_hal_rcc.o(i.HAL_RCC_GetPCLK2Freq) refers to stm32f2xx_hal_rcc.o(i.HAL_RCC_GetHCLKFreq) for HAL_RCC_GetHCLKFreq
    stm32f2xx_hal_rcc.o(i.HAL_RCC_GetPCLK2Freq) refers to system_stm32f2xx.o(.constdata) for APBPrescTable
    stm32f2xx_hal_rcc.o(i.HAL_RCC_GetSysClockFreq) refers to uldiv.o(.text) for __aeabi_uldivmod
    stm32f2xx_hal_rcc.o(i.HAL_RCC_MCOConfig) refers to stm32f2xx_hal_gpio.o(i.HAL_GPIO_Init) for HAL_GPIO_Init
    stm32f2xx_hal_rcc.o(i.HAL_RCC_NMI_IRQHandler) refers to stm32f2xx_hal_rcc.o(i.HAL_RCC_CSSCallback) for HAL_RCC_CSSCallback
    stm32f2xx_hal_rcc.o(i.HAL_RCC_OscConfig) refers to stm32f2xx_hal.o(i.HAL_GetTick) for HAL_GetTick
    stm32f2xx_hal_rcc_ex.o(i.HAL_RCCEx_PeriphCLKConfig) refers to stm32f2xx_hal.o(i.HAL_GetTick) for HAL_GetTick
    startup_stm32f207xx.o(RESET) refers to startup_stm32f207xx.o(STACK) for __initial_sp
    startup_stm32f207xx.o(RESET) refers to startup_stm32f207xx.o(.text) for Reset_Handler
    startup_stm32f207xx.o(.text) refers to lab2 - copy.o(MyCode) for mySystemInit
    system_stm32f2xx.o(i.SystemCoreClockUpdate) refers to system_stm32f2xx.o(.data) for SystemCoreClock
    system_stm32f2xx.o(i.SystemCoreClockUpdate) refers to system_stm32f2xx.o(.constdata) for AHBPrescTable
    uldiv.o(.text) refers to llushr.o(.text) for __aeabi_llsr
    uldiv.o(.text) refers to llshl.o(.text) for __aeabi_llsl


==============================================================================

Removing Unused input sections from the image.

    Removing stm32f2xx_hal.o(.rev16_text), (4 bytes).
    Removing stm32f2xx_hal.o(.revsh_text), (4 bytes).
    Removing stm32f2xx_hal.o(.rrx_text), (6 bytes).
    Removing stm32f2xx_hal.o(i.HAL_DBGMCU_DisableDBGSleepMode), (20 bytes).
    Removing stm32f2xx_hal.o(i.HAL_DBGMCU_DisableDBGStandbyMode), (20 bytes).
    Removing stm32f2xx_hal.o(i.HAL_DBGMCU_DisableDBGStopMode), (20 bytes).
    Removing stm32f2xx_hal.o(i.HAL_DBGMCU_EnableDBGSleepMode), (20 bytes).
    Removing stm32f2xx_hal.o(i.HAL_DBGMCU_EnableDBGStandbyMode), (20 bytes).
    Removing stm32f2xx_hal.o(i.HAL_DBGMCU_EnableDBGStopMode), (20 bytes).
    Removing stm32f2xx_hal.o(i.HAL_DeInit), (68 bytes).
    Removing stm32f2xx_hal.o(i.HAL_Delay), (30 bytes).
    Removing stm32f2xx_hal.o(i.HAL_DisableCompensationCell), (28 bytes).
    Removing stm32f2xx_hal.o(i.HAL_EnableCompensationCell), (28 bytes).
    Removing stm32f2xx_hal.o(i.HAL_GetDEVID), (16 bytes).
    Removing stm32f2xx_hal.o(i.HAL_GetHalVersion), (8 bytes).
    Removing stm32f2xx_hal.o(i.HAL_GetREVID), (12 bytes).
    Removing stm32f2xx_hal.o(i.HAL_GetTick), (12 bytes).
    Removing stm32f2xx_hal.o(i.HAL_GetUID), (28 bytes).
    Removing stm32f2xx_hal.o(i.HAL_IncTick), (16 bytes).
    Removing stm32f2xx_hal.o(i.HAL_Init), (60 bytes).
    Removing stm32f2xx_hal.o(i.HAL_InitTick), (40 bytes).
    Removing stm32f2xx_hal.o(i.HAL_MspDeInit), (2 bytes).
    Removing stm32f2xx_hal.o(i.HAL_MspInit), (2 bytes).
    Removing stm32f2xx_hal.o(i.HAL_ResumeTick), (18 bytes).
    Removing stm32f2xx_hal.o(i.HAL_SuspendTick), (18 bytes).
    Removing stm32f2xx_hal.o(.data), (4 bytes).
    Removing stm32f2xx_hal_cortex.o(.rev16_text), (4 bytes).
    Removing stm32f2xx_hal_cortex.o(.revsh_text), (4 bytes).
    Removing stm32f2xx_hal_cortex.o(.rrx_text), (6 bytes).
    Removing stm32f2xx_hal_cortex.o(i.HAL_MPU_ConfigRegion), (92 bytes).
    Removing stm32f2xx_hal_cortex.o(i.HAL_MPU_Disable), (44 bytes).
    Removing stm32f2xx_hal_cortex.o(i.HAL_MPU_Enable), (64 bytes).
    Removing stm32f2xx_hal_cortex.o(i.HAL_NVIC_ClearPendingIRQ), (36 bytes).
    Removing stm32f2xx_hal_cortex.o(i.HAL_NVIC_DisableIRQ), (68 bytes).
    Removing stm32f2xx_hal_cortex.o(i.HAL_NVIC_EnableIRQ), (32 bytes).
    Removing stm32f2xx_hal_cortex.o(i.HAL_NVIC_GetActive), (48 bytes).
    Removing stm32f2xx_hal_cortex.o(i.HAL_NVIC_GetPendingIRQ), (48 bytes).
    Removing stm32f2xx_hal_cortex.o(i.HAL_NVIC_GetPriority), (148 bytes).
    Removing stm32f2xx_hal_cortex.o(i.HAL_NVIC_GetPriorityGrouping), (8 bytes).
    Removing stm32f2xx_hal_cortex.o(i.HAL_NVIC_SetPendingIRQ), (36 bytes).
    Removing stm32f2xx_hal_cortex.o(i.HAL_NVIC_SetPriority), (124 bytes).
    Removing stm32f2xx_hal_cortex.o(i.HAL_NVIC_SetPriorityGrouping), (40 bytes).
    Removing stm32f2xx_hal_cortex.o(i.HAL_NVIC_SystemReset), (68 bytes).
    Removing stm32f2xx_hal_cortex.o(i.HAL_SYSTICK_CLKSourceConfig), (40 bytes).
    Removing stm32f2xx_hal_cortex.o(i.HAL_SYSTICK_Callback), (2 bytes).
    Removing stm32f2xx_hal_cortex.o(i.HAL_SYSTICK_Config), (52 bytes).
    Removing stm32f2xx_hal_cortex.o(i.HAL_SYSTICK_IRQHandler), (8 bytes).
    Removing stm32f2xx_hal_cortex.o(i.__NVIC_GetPriorityGrouping), (16 bytes).
    Removing stm32f2xx_hal_cortex.o(i.__NVIC_SetPriority), (40 bytes).
    Removing stm32f2xx_hal_gpio.o(.rev16_text), (4 bytes).
    Removing stm32f2xx_hal_gpio.o(.revsh_text), (4 bytes).
    Removing stm32f2xx_hal_gpio.o(.rrx_text), (6 bytes).
    Removing stm32f2xx_hal_gpio.o(i.HAL_GPIO_DeInit), (372 bytes).
    Removing stm32f2xx_hal_gpio.o(i.HAL_GPIO_EXTI_Callback), (2 bytes).
    Removing stm32f2xx_hal_gpio.o(i.HAL_GPIO_EXTI_IRQHandler), (28 bytes).
    Removing stm32f2xx_hal_gpio.o(i.HAL_GPIO_Init), (524 bytes).
    Removing stm32f2xx_hal_gpio.o(i.HAL_GPIO_LockPin), (46 bytes).
    Removing stm32f2xx_hal_gpio.o(i.HAL_GPIO_ReadPin), (16 bytes).
    Removing stm32f2xx_hal_gpio.o(i.HAL_GPIO_TogglePin), (8 bytes).
    Removing stm32f2xx_hal_gpio.o(i.HAL_GPIO_WritePin), (12 bytes).
    Removing stm32f2xx_hal_rcc.o(.rev16_text), (4 bytes).
    Removing stm32f2xx_hal_rcc.o(.revsh_text), (4 bytes).
    Removing stm32f2xx_hal_rcc.o(.rrx_text), (6 bytes).
    Removing stm32f2xx_hal_rcc.o(i.HAL_RCC_CSSCallback), (2 bytes).
    Removing stm32f2xx_hal_rcc.o(i.HAL_RCC_ClockConfig), (388 bytes).
    Removing stm32f2xx_hal_rcc.o(i.HAL_RCC_DeInit), (320 bytes).
    Removing stm32f2xx_hal_rcc.o(i.HAL_RCC_DisableCSS), (12 bytes).
    Removing stm32f2xx_hal_rcc.o(i.HAL_RCC_EnableCSS), (12 bytes).
    Removing stm32f2xx_hal_rcc.o(i.HAL_RCC_GetClockConfig), (68 bytes).
    Removing stm32f2xx_hal_rcc.o(i.HAL_RCC_GetHCLKFreq), (12 bytes).
    Removing stm32f2xx_hal_rcc.o(i.HAL_RCC_GetOscConfig), (292 bytes).
    Removing stm32f2xx_hal_rcc.o(i.HAL_RCC_GetPCLK1Freq), (44 bytes).
    Removing stm32f2xx_hal_rcc.o(i.HAL_RCC_GetPCLK2Freq), (44 bytes).
    Removing stm32f2xx_hal_rcc.o(i.HAL_RCC_GetSysClockFreq), (176 bytes).
    Removing stm32f2xx_hal_rcc.o(i.HAL_RCC_MCOConfig), (192 bytes).
    Removing stm32f2xx_hal_rcc.o(i.HAL_RCC_NMI_IRQHandler), (32 bytes).
    Removing stm32f2xx_hal_rcc.o(i.HAL_RCC_OscConfig), (928 bytes).
    Removing stm32f2xx_hal_rcc_ex.o(.rev16_text), (4 bytes).
    Removing stm32f2xx_hal_rcc_ex.o(.revsh_text), (4 bytes).
    Removing stm32f2xx_hal_rcc_ex.o(.rrx_text), (6 bytes).
    Removing stm32f2xx_hal_rcc_ex.o(i.HAL_RCCEx_GetPeriphCLKConfig), (80 bytes).
    Removing stm32f2xx_hal_rcc_ex.o(i.HAL_RCCEx_PeriphCLKConfig), (436 bytes).
    Removing startup_stm32f207xx.o(HEAP), (512 bytes).
    Removing system_stm32f2xx.o(.rev16_text), (4 bytes).
    Removing system_stm32f2xx.o(.revsh_text), (4 bytes).
    Removing system_stm32f2xx.o(.rrx_text), (6 bytes).
    Removing system_stm32f2xx.o(i.SystemCoreClockUpdate), (192 bytes).
    Removing system_stm32f2xx.o(i.SystemInit), (84 bytes).
    Removing system_stm32f2xx.o(.constdata), (24 bytes).
    Removing system_stm32f2xx.o(.data), (4 bytes).

90 unused section(s) (total 6470 bytes) removed from the image.

==============================================================================

Image Symbol Table

    Local Symbols

    Symbol Name                              Value     Ov Type        Size  Object(Section)

    ../clib/microlib/division.c              0x00000000   Number         0  uldiv.o ABSOLUTE
    ../clib/microlib/longlong.c              0x00000000   Number         0  llshl.o ABSOLUTE
    ../clib/microlib/longlong.c              0x00000000   Number         0  llushr.o ABSOLUTE
    C:\Keil_v5\ARM\PACK\Keil\STM32F2xx_DFP\2.9.0\Drivers\STM32F2xx_HAL_Driver\Src\stm32f2xx_hal.c 0x00000000   Number         0  stm32f2xx_hal.o ABSOLUTE
    C:\Keil_v5\ARM\PACK\Keil\STM32F2xx_DFP\2.9.0\Drivers\STM32F2xx_HAL_Driver\Src\stm32f2xx_hal_cortex.c 0x00000000   Number         0  stm32f2xx_hal_cortex.o ABSOLUTE
    C:\Keil_v5\ARM\PACK\Keil\STM32F2xx_DFP\2.9.0\Drivers\STM32F2xx_HAL_Driver\Src\stm32f2xx_hal_gpio.c 0x00000000   Number         0  stm32f2xx_hal_gpio.o ABSOLUTE
    C:\Keil_v5\ARM\PACK\Keil\STM32F2xx_DFP\2.9.0\Drivers\STM32F2xx_HAL_Driver\Src\stm32f2xx_hal_rcc.c 0x00000000   Number         0  stm32f2xx_hal_rcc.o ABSOLUTE
    C:\Keil_v5\ARM\PACK\Keil\STM32F2xx_DFP\2.9.0\Drivers\STM32F2xx_HAL_Driver\Src\stm32f2xx_hal_rcc_ex.c 0x00000000   Number         0  stm32f2xx_hal_rcc_ex.o ABSOLUTE
    C:\\Keil_v5\\ARM\\PACK\\Keil\\STM32F2xx_DFP\\2.9.0\\Drivers\\STM32F2xx_HAL_Driver\\Src\\stm32f2xx_hal.c 0x00000000   Number         0  stm32f2xx_hal.o ABSOLUTE
    C:\\Keil_v5\\ARM\\PACK\\Keil\\STM32F2xx_DFP\\2.9.0\\Drivers\\STM32F2xx_HAL_Driver\\Src\\stm32f2xx_hal_cortex.c 0x00000000   Number         0  stm32f2xx_hal_cortex.o ABSOLUTE
    C:\\Keil_v5\\ARM\\PACK\\Keil\\STM32F2xx_DFP\\2.9.0\\Drivers\\STM32F2xx_HAL_Driver\\Src\\stm32f2xx_hal_gpio.c 0x00000000   Number         0  stm32f2xx_hal_gpio.o ABSOLUTE
    C:\\Keil_v5\\ARM\\PACK\\Keil\\STM32F2xx_DFP\\2.9.0\\Drivers\\STM32F2xx_HAL_Driver\\Src\\stm32f2xx_hal_rcc.c 0x00000000   Number         0  stm32f2xx_hal_rcc.o ABSOLUTE
    C:\\Keil_v5\\ARM\\PACK\\Keil\\STM32F2xx_DFP\\2.9.0\\Drivers\\STM32F2xx_HAL_Driver\\Src\\stm32f2xx_hal_rcc_ex.c 0x00000000   Number         0  stm32f2xx_hal_rcc_ex.o ABSOLUTE
    RTE\Device\STM32F207IGHx\startup_stm32f207xx.s 0x00000000   Number         0  startup_stm32f207xx.o ABSOLUTE
    RTE\Device\STM32F207IGHx\system_stm32f2xx.c 0x00000000   Number         0  system_stm32f2xx.o ABSOLUTE
    RTE\\Device\\STM32F207IGHx\\system_stm32f2xx.c 0x00000000   Number         0  system_stm32f2xx.o ABSOLUTE
    dc.s                                     0x00000000   Number         0  dc.o ABSOLUTE
    lab2 - Copy.s                            0x00000000   Number         0  lab2 - copy.o ABSOLUTE
    main.s                                   0x00000000   Number         0  main.o ABSOLUTE
    RESET                                    0x08000000   Section      388  startup_stm32f207xx.o(RESET)
    .text                                    0x08000184   Section       36  startup_stm32f207xx.o(.text)
    MyCode                                   0x080001a8   Section       92  lab2 - copy.o(MyCode)
    MyCode                                   0x08000204   Section       32  main.o(MyCode)
    STACK                                    0x20000000   Section     1024  startup_stm32f207xx.o(STACK)

    Global Symbols

    Symbol Name                              Value     Ov Type        Size  Object(Section)

    BuildAttributes$$THM_ISAv4$P$D$K$B$S$PE$A:L22UL41UL21$X:L11$S22US41US21$IEEE1$IW$USESV6$~STKCKD$USESV7$~SHL$OSPACE$EBA8$MICROLIB$REQ8$PRES8$EABIv2 0x00000000   Number         0  anon$$obj.o ABSOLUTE
    __Vectors_Size                           0x00000184   Number         0  startup_stm32f207xx.o ABSOLUTE
    __Vectors                                0x08000000   Data           4  startup_stm32f207xx.o(RESET)
    Reset_Handler                            0x08000185   Thumb Code     8  startup_stm32f207xx.o(.text)
    __Vectors_End                            0x08000184   Data           0  startup_stm32f207xx.o(RESET)
    NMI_Handler                              0x0800018d   Thumb Code     2  startup_stm32f207xx.o(.text)
    HardFault_Handler                        0x0800018f   Thumb Code     2  startup_stm32f207xx.o(.text)
    MemManage_Handler                        0x08000191   Thumb Code     2  startup_stm32f207xx.o(.text)
    BusFault_Handler                         0x08000193   Thumb Code     2  startup_stm32f207xx.o(.text)
    UsageFault_Handler                       0x08000195   Thumb Code     2  startup_stm32f207xx.o(.text)
    SVC_Handler                              0x08000197   Thumb Code     2  startup_stm32f207xx.o(.text)
    DebugMon_Handler                         0x08000199   Thumb Code     2  startup_stm32f207xx.o(.text)
    PendSV_Handler                           0x0800019b   Thumb Code     2  startup_stm32f207xx.o(.text)
    SysTick_Handler                          0x0800019d   Thumb Code     2  startup_stm32f207xx.o(.text)
    ADC_IRQHandler                           0x0800019f   Thumb Code     0  startup_stm32f207xx.o(.text)
    CAN1_RX0_IRQHandler                      0x0800019f   Thumb Code     0  startup_stm32f207xx.o(.text)
    CAN1_RX1_IRQHandler                      0x0800019f   Thumb Code     0  startup_stm32f207xx.o(.text)
    CAN1_SCE_IRQHandler                      0x0800019f   Thumb Code     0  startup_stm32f207xx.o(.text)
    CAN1_TX_IRQHandler                       0x0800019f   Thumb Code     0  startup_stm32f207xx.o(.text)
    CAN2_RX0_IRQHandler                      0x0800019f   Thumb Code     0  startup_stm32f207xx.o(.text)
    CAN2_RX1_IRQHandler                      0x0800019f   Thumb Code     0  startup_stm32f207xx.o(.text)
    CAN2_SCE_IRQHandler                      0x0800019f   Thumb Code     0  startup_stm32f207xx.o(.text)
    CAN2_TX_IRQHandler                       0x0800019f   Thumb Code     0  startup_stm32f207xx.o(.text)
    DCMI_IRQHandler                          0x0800019f   Thumb Code     0  startup_stm32f207xx.o(.text)
    DMA1_Stream0_IRQHandler                  0x0800019f   Thumb Code     0  startup_stm32f207xx.o(.text)
    DMA1_Stream1_IRQHandler                  0x0800019f   Thumb Code     0  startup_stm32f207xx.o(.text)
    DMA1_Stream2_IRQHandler                  0x0800019f   Thumb Code     0  startup_stm32f207xx.o(.text)
    DMA1_Stream3_IRQHandler                  0x0800019f   Thumb Code     0  startup_stm32f207xx.o(.text)
    DMA1_Stream4_IRQHandler                  0x0800019f   Thumb Code     0  startup_stm32f207xx.o(.text)
    DMA1_Stream5_IRQHandler                  0x0800019f   Thumb Code     0  startup_stm32f207xx.o(.text)
    DMA1_Stream6_IRQHandler                  0x0800019f   Thumb Code     0  startup_stm32f207xx.o(.text)
    DMA1_Stream7_IRQHandler                  0x0800019f   Thumb Code     0  startup_stm32f207xx.o(.text)
    DMA2_Stream0_IRQHandler                  0x0800019f   Thumb Code     0  startup_stm32f207xx.o(.text)
    DMA2_Stream1_IRQHandler                  0x0800019f   Thumb Code     0  startup_stm32f207xx.o(.text)
    DMA2_Stream2_IRQHandler                  0x0800019f   Thumb Code     0  startup_stm32f207xx.o(.text)
    DMA2_Stream3_IRQHandler                  0x0800019f   Thumb Code     0  startup_stm32f207xx.o(.text)
    DMA2_Stream4_IRQHandler                  0x0800019f   Thumb Code     0  startup_stm32f207xx.o(.text)
    DMA2_Stream5_IRQHandler                  0x0800019f   Thumb Code     0  startup_stm32f207xx.o(.text)
    DMA2_Stream6_IRQHandler                  0x0800019f   Thumb Code     0  startup_stm32f207xx.o(.text)
    DMA2_Stream7_IRQHandler                  0x0800019f   Thumb Code     0  startup_stm32f207xx.o(.text)
    ETH_IRQHandler                           0x0800019f   Thumb Code     0  startup_stm32f207xx.o(.text)
    ETH_WKUP_IRQHandler                      0x0800019f   Thumb Code     0  startup_stm32f207xx.o(.text)
    EXTI0_IRQHandler                         0x0800019f   Thumb Code     0  startup_stm32f207xx.o(.text)
    EXTI15_10_IRQHandler                     0x0800019f   Thumb Code     0  startup_stm32f207xx.o(.text)
    EXTI1_IRQHandler                         0x0800019f   Thumb Code     0  startup_stm32f207xx.o(.text)
    EXTI2_IRQHandler                         0x0800019f   Thumb Code     0  startup_stm32f207xx.o(.text)
    EXTI3_IRQHandler                         0x0800019f   Thumb Code     0  startup_stm32f207xx.o(.text)
    EXTI4_IRQHandler                         0x0800019f   Thumb Code     0  startup_stm32f207xx.o(.text)
    EXTI9_5_IRQHandler                       0x0800019f   Thumb Code     0  startup_stm32f207xx.o(.text)
    FLASH_IRQHandler                         0x0800019f   Thumb Code     0  startup_stm32f207xx.o(.text)
    FSMC_IRQHandler                          0x0800019f   Thumb Code     0  startup_stm32f207xx.o(.text)
    HASH_RNG_IRQHandler                      0x0800019f   Thumb Code     0  startup_stm32f207xx.o(.text)
    I2C1_ER_IRQHandler                       0x0800019f   Thumb Code     0  startup_stm32f207xx.o(.text)
    I2C1_EV_IRQHandler                       0x0800019f   Thumb Code     0  startup_stm32f207xx.o(.text)
    I2C2_ER_IRQHandler                       0x0800019f   Thumb Code     0  startup_stm32f207xx.o(.text)
    I2C2_EV_IRQHandler                       0x0800019f   Thumb Code     0  startup_stm32f207xx.o(.text)
    I2C3_ER_IRQHandler                       0x0800019f   Thumb Code     0  startup_stm32f207xx.o(.text)
    I2C3_EV_IRQHandler                       0x0800019f   Thumb Code     0  startup_stm32f207xx.o(.text)
    OTG_FS_IRQHandler                        0x0800019f   Thumb Code     0  startup_stm32f207xx.o(.text)
    OTG_FS_WKUP_IRQHandler                   0x0800019f   Thumb Code     0  startup_stm32f207xx.o(.text)
    OTG_HS_EP1_IN_IRQHandler                 0x0800019f   Thumb Code     0  startup_stm32f207xx.o(.text)
    OTG_HS_EP1_OUT_IRQHandler                0x0800019f   Thumb Code     0  startup_stm32f207xx.o(.text)
    OTG_HS_IRQHandler                        0x0800019f   Thumb Code     0  startup_stm32f207xx.o(.text)
    OTG_HS_WKUP_IRQHandler                   0x0800019f   Thumb Code     0  startup_stm32f207xx.o(.text)
    PVD_IRQHandler                           0x0800019f   Thumb Code     0  startup_stm32f207xx.o(.text)
    RCC_IRQHandler                           0x0800019f   Thumb Code     0  startup_stm32f207xx.o(.text)
    RTC_Alarm_IRQHandler                     0x0800019f   Thumb Code     0  startup_stm32f207xx.o(.text)
    RTC_WKUP_IRQHandler                      0x0800019f   Thumb Code     0  startup_stm32f207xx.o(.text)
    SDIO_IRQHandler                          0x0800019f   Thumb Code     0  startup_stm32f207xx.o(.text)
    SPI1_IRQHandler                          0x0800019f   Thumb Code     0  startup_stm32f207xx.o(.text)
    SPI2_IRQHandler                          0x0800019f   Thumb Code     0  startup_stm32f207xx.o(.text)
    SPI3_IRQHandler                          0x0800019f   Thumb Code     0  startup_stm32f207xx.o(.text)
    TAMP_STAMP_IRQHandler                    0x0800019f   Thumb Code     0  startup_stm32f207xx.o(.text)
    TIM1_BRK_TIM9_IRQHandler                 0x0800019f   Thumb Code     0  startup_stm32f207xx.o(.text)
    TIM1_CC_IRQHandler                       0x0800019f   Thumb Code     0  startup_stm32f207xx.o(.text)
    TIM1_TRG_COM_TIM11_IRQHandler            0x0800019f   Thumb Code     0  startup_stm32f207xx.o(.text)
    TIM1_UP_TIM10_IRQHandler                 0x0800019f   Thumb Code     0  startup_stm32f207xx.o(.text)
    TIM2_IRQHandler                          0x0800019f   Thumb Code     0  startup_stm32f207xx.o(.text)
    TIM3_IRQHandler                          0x0800019f   Thumb Code     0  startup_stm32f207xx.o(.text)
    TIM4_IRQHandler                          0x0800019f   Thumb Code     0  startup_stm32f207xx.o(.text)
    TIM5_IRQHandler                          0x0800019f   Thumb Code     0  startup_stm32f207xx.o(.text)
    TIM6_DAC_IRQHandler                      0x0800019f   Thumb Code     0  startup_stm32f207xx.o(.text)
    TIM7_IRQHandler                          0x0800019f   Thumb Code     0  startup_stm32f207xx.o(.text)
    TIM8_BRK_TIM12_IRQHandler                0x0800019f   Thumb Code     0  startup_stm32f207xx.o(.text)
    TIM8_CC_IRQHandler                       0x0800019f   Thumb Code     0  startup_stm32f207xx.o(.text)
    TIM8_TRG_COM_TIM14_IRQHandler            0x0800019f   Thumb Code     0  startup_stm32f207xx.o(.text)
    TIM8_UP_TIM13_IRQHandler                 0x0800019f   Thumb Code     0  startup_stm32f207xx.o(.text)
    UART4_IRQHandler                         0x0800019f   Thumb Code     0  startup_stm32f207xx.o(.text)
    UART5_IRQHandler                         0x0800019f   Thumb Code     0  startup_stm32f207xx.o(.text)
    USART1_IRQHandler                        0x0800019f   Thumb Code     0  startup_stm32f207xx.o(.text)
    USART2_IRQHandler                        0x0800019f   Thumb Code     0  startup_stm32f207xx.o(.text)
    USART3_IRQHandler                        0x0800019f   Thumb Code     0  startup_stm32f207xx.o(.text)
    USART6_IRQHandler                        0x0800019f   Thumb Code     0  startup_stm32f207xx.o(.text)
    WWDG_IRQHandler                          0x0800019f   Thumb Code     0  startup_stm32f207xx.o(.text)
    mySystemInit                             0x080001a9   Thumb Code     0  lab2 - copy.o(MyCode)
    __main                                   0x080001ab   Thumb Code     0  lab2 - copy.o(MyCode)
    main                                     0x08000205   Thumb Code     0  main.o(MyCode)
    __initial_sp                             0x20000400   Data           0  startup_stm32f207xx.o(STACK)



==============================================================================

Memory Map of the image

  Image Entry point : 0x08000185

  Load Region LR_1 (Base: 0x08000000, Size: 0x00000224, Max: 0xffffffff, ABSOLUTE)

    Execution Region ER_RO (Exec base: 0x08000000, Load base: 0x08000000, Size: 0x00000224, Max: 0xffffffff, ABSOLUTE)

    Exec Addr    Load Addr    Size         Type   Attr      Idx    E Section Name        Object

    0x08000000   0x08000000   0x00000184   Data   RO          588    RESET               startup_stm32f207xx.o
    0x08000184   0x08000184   0x00000024   Code   RO          589  * .text               startup_stm32f207xx.o
    0x080001a8   0x080001a8   0x0000005c   Code   RO            1  * MyCode              lab2 - copy.o
    0x08000204   0x08000204   0x00000020   Code   RO            6  * MyCode              main.o


    Execution Region ER_RW (Exec base: 0x20000000, Load base: 0x08000224, Size: 0x00000000, Max: 0xffffffff, ABSOLUTE)

    **** No section assigned to this execution region ****


    Execution Region ER_ZI (Exec base: 0x20000000, Load base: 0x08000224, Size: 0x00000400, Max: 0xffffffff, ABSOLUTE)

    Exec Addr    Load Addr    Size         Type   Attr      Idx    E Section Name        Object

    0x20000000        -       0x00000400   Zero   RW          586    STACK               startup_stm32f207xx.o


==============================================================================

Image component sizes


      Code (inc. data)   RO Data    RW Data    ZI Data      Debug   Object Name

        92          4          0          0          0        292   lab2 - copy.o
        32          0          0          0          0        228   main.o
        36          8        388          0       1024        820   startup_stm32f207xx.o

    ----------------------------------------------------------------------
       160         12        388          0       1024       1340   Object Totals
         0          0          0          0          0          0   (incl. Generated)
         0          0          0          0          0          0   (incl. Padding)

    ----------------------------------------------------------------------
         0          0          0          0          0          0   Library Totals
         0          0          0          0          0          0   (incl. Padding)

    ----------------------------------------------------------------------

==============================================================================


      Code (inc. data)   RO Data    RW Data    ZI Data      Debug   

       160         12        388          0       1024       1340   Grand Totals
       160         12        388          0       1024       1340   ELF Image Totals
       160         12        388          0          0          0   ROM Totals

==============================================================================

    Total RO  Size (Code + RO Data)                  548 (   0.54kB)
    Total RW  Size (RW Data + ZI Data)              1024 (   1.00kB)
    Total ROM Size (Code + RO Data + RW Data)        548 (   0.54kB)

==============================================================================

