Component: ARM Compiler 5.06 update 6 (build 750) Tool: armlink [4d35ed]

==============================================================================

Section Cross References

    i2c_stm32f2xx.o(i.I2C_Addr) refers to i2c_stm32f2xx.o(i.WaitFlagSet) for WaitFlagSet
    i2c_stm32f2xx.o(i.I2C_RdBuf) refers to i2c_stm32f2xx.o(i.I2C_Start) for I2C_Start
    i2c_stm32f2xx.o(i.I2C_RdBuf) refers to i2c_stm32f2xx.o(i.I2C_Addr) for I2C_Addr
    i2c_stm32f2xx.o(i.I2C_RdBuf) refers to i2c_stm32f2xx.o(i.I2C_Read) for I2C_Read
    i2c_stm32f2xx.o(i.I2C_RdBuf) refers to i2c_stm32f2xx.o(i.I2C_Stop) for I2C_Stop
    i2c_stm32f2xx.o(i.I2C_RdBuf) refers to i2c_stm32f2xx.o(i.I2C_Recovery) for I2C_Recovery
    i2c_stm32f2xx.o(i.I2C_RdData) refers to i2c_stm32f2xx.o(i.I2C_Start) for I2C_Start
    i2c_stm32f2xx.o(i.I2C_RdData) refers to i2c_stm32f2xx.o(i.I2C_Addr) for I2C_Addr
    i2c_stm32f2xx.o(i.I2C_RdData) refers to i2c_stm32f2xx.o(i.I2C_Write) for I2C_Write
    i2c_stm32f2xx.o(i.I2C_RdData) refers to i2c_stm32f2xx.o(i.I2C_Read) for I2C_Read
    i2c_stm32f2xx.o(i.I2C_RdData) refers to i2c_stm32f2xx.o(i.I2C_Stop) for I2C_Stop
    i2c_stm32f2xx.o(i.I2C_RdData) refers to i2c_stm32f2xx.o(i.I2C_Recovery) for I2C_Recovery
    i2c_stm32f2xx.o(i.I2C_Read) refers to i2c_stm32f2xx.o(i.WaitFlagSet) for WaitFlagSet
    i2c_stm32f2xx.o(i.I2C_Recovery) refers to i2c_stm32f2xx.o(i.io_dir) for io_dir
    i2c_stm32f2xx.o(i.I2C_Recovery) refers to i2c_stm32f2xx.o(i.io_pin) for io_pin
    i2c_stm32f2xx.o(i.I2C_Recovery) refers to i2c_stm32f2xx.o(i.Wait) for Wait
    i2c_stm32f2xx.o(i.I2C_Recovery) refers to i2c_stm32f2xx.o(i.io_state) for io_state
    i2c_stm32f2xx.o(i.I2C_Recovery) refers to i2c_stm32f2xx.o(i.I2C_Init) for I2C_Init
    i2c_stm32f2xx.o(i.I2C_Start) refers to i2c_stm32f2xx.o(i.WaitFlagSet) for WaitFlagSet
    i2c_stm32f2xx.o(i.I2C_Stop) refers to i2c_stm32f2xx.o(i.WaitFlagClr) for WaitFlagClr
    i2c_stm32f2xx.o(i.I2C_WrBuf) refers to i2c_stm32f2xx.o(i.I2C_Start) for I2C_Start
    i2c_stm32f2xx.o(i.I2C_WrBuf) refers to i2c_stm32f2xx.o(i.I2C_Addr) for I2C_Addr
    i2c_stm32f2xx.o(i.I2C_WrBuf) refers to i2c_stm32f2xx.o(i.I2C_Write) for I2C_Write
    i2c_stm32f2xx.o(i.I2C_WrBuf) refers to i2c_stm32f2xx.o(i.I2C_Stop) for I2C_Stop
    i2c_stm32f2xx.o(i.I2C_WrBuf) refers to i2c_stm32f2xx.o(i.I2C_Recovery) for I2C_Recovery
    i2c_stm32f2xx.o(i.I2C_WrData) refers to i2c_stm32f2xx.o(i.I2C_Start) for I2C_Start
    i2c_stm32f2xx.o(i.I2C_WrData) refers to i2c_stm32f2xx.o(i.I2C_Addr) for I2C_Addr
    i2c_stm32f2xx.o(i.I2C_WrData) refers to i2c_stm32f2xx.o(i.I2C_Write) for I2C_Write
    i2c_stm32f2xx.o(i.I2C_WrData) refers to i2c_stm32f2xx.o(i.I2C_Stop) for I2C_Stop
    i2c_stm32f2xx.o(i.I2C_WrData) refers to i2c_stm32f2xx.o(i.I2C_Recovery) for I2C_Recovery
    i2c_stm32f2xx.o(i.I2C_Write) refers to i2c_stm32f2xx.o(i.WaitFlagSet) for WaitFlagSet
    i2c_stm32f2xx.o(i.WaitFlagClr) refers to i2c_stm32f2xx.o(i.I2C_sr) for I2C_sr
    i2c_stm32f2xx.o(i.WaitFlagSet) refers to i2c_stm32f2xx.o(i.I2C_sr) for I2C_sr
    joy.o(i.IOE_Read) refers to i2c_stm32f2xx.o(i.I2C_RdData) for I2C_RdData
    joy.o(i.IOE_Write) refers to i2c_stm32f2xx.o(i.I2C_WrData) for I2C_WrData
    joy.o(i.JOY_GetKeys) refers to joy.o(i.IOE_Read) for IOE_Read
    joy.o(i.JOY_Init) refers to joy.o(i.IOE_Write) for IOE_Write
    joy.o(i.JOY_UnInit) refers to joy.o(i.IOE_Write) for IOE_Write
    lab 5.o(i.LED) refers to led_mcbstm32f200.o(i.LED_SetOut) for LED_SetOut
    lab 5.o(i.SysTick_Handler) refers to stm32f2xx_hal.o(i.HAL_IncTick) for HAL_IncTick
    lab 5.o(i.SysTick_Handler) refers to lab 5.o(i.sampleJoystick) for sampleJoystick
    lab 5.o(i.clearHighlight) refers to glcd_mcbstm32f200.o(i.GLCD_SetForegroundColor) for GLCD_SetForegroundColor
    lab 5.o(i.clearHighlight) refers to lab 5.o(i.getAbsoluteYpos) for getAbsoluteYpos
    lab 5.o(i.clearHighlight) refers to lab 5.o(i.getAbsoluteXpos) for getAbsoluteXpos
    lab 5.o(i.clearHighlight) refers to glcd_mcbstm32f200.o(i.GLCD_DrawRectangle) for GLCD_DrawRectangle
    lab 5.o(i.draw) refers to glcd_mcbstm32f200.o(i.GLCD_SetBackgroundColor) for GLCD_SetBackgroundColor
    lab 5.o(i.draw) refers to glcd_mcbstm32f200.o(i.GLCD_SetForegroundColor) for GLCD_SetForegroundColor
    lab 5.o(i.draw) refers to lab 5.o(i.getAbsoluteYpos) for getAbsoluteYpos
    lab 5.o(i.draw) refers to lab 5.o(i.getAbsoluteXpos) for getAbsoluteXpos
    lab 5.o(i.draw) refers to glcd_mcbstm32f200.o(i.GLCD_DrawChar) for GLCD_DrawChar
    lab 5.o(i.getAbsoluteXpos) refers to lab 5.o(.data) for dx
    lab 5.o(i.getAbsoluteYpos) refers to lab 5.o(.data) for dy
    lab 5.o(i.getChar) refers to lab 5.o(.data) for relX
    lab 5.o(i.highlightText) refers to glcd_mcbstm32f200.o(i.GLCD_SetForegroundColor) for GLCD_SetForegroundColor
    lab 5.o(i.highlightText) refers to lab 5.o(i.getAbsoluteYpos) for getAbsoluteYpos
[...]
    libinit2.o(.ARM.Collect$$libinit$$00000014) refers to libinit2.o(.ARM.Collect$$libinit$$0000000F) for .ARM.Collect$$libinit$$0000000F
    libinit2.o(.ARM.Collect$$libinit$$00000016) refers to libinit2.o(.ARM.Collect$$libinit$$0000000F) for .ARM.Collect$$libinit$$0000000F
    libinit2.o(.ARM.Collect$$libinit$$00000018) refers to libinit2.o(.ARM.Collect$$libinit$$0000000F) for .ARM.Collect$$libinit$$0000000F
    libinit2.o(.ARM.Collect$$libinit$$00000026) refers to argv_veneer.o(.emb_text) for __ARM_argv_veneer
    libinit2.o(.ARM.Collect$$libinit$$00000027) refers to argv_veneer.o(.emb_text) for __ARM_argv_veneer
    sys_exit.o(.text) refers (Special) to use_no_semi.o(.text) for __I$use$semihosting
    sys_exit.o(.text) refers (Special) to indicate_semi.o(.text) for __semihosting_library_function
    rtexit2.o(.ARM.Collect$$rtexit$$00000003) refers to libshutdown.o(.ARM.Collect$$libshutdown$$00000000) for __rt_lib_shutdown
    rtexit2.o(.ARM.Collect$$rtexit$$00000004) refers to sys_exit.o(.text) for _sys_exit
    rtexit2.o(.ARM.exidx) refers to rtexit2.o(.ARM.Collect$$rtexit$$00000001) for .ARM.Collect$$rtexit$$00000001
    rtexit2.o(.ARM.exidx) refers to rtexit2.o(.ARM.Collect$$rtexit$$00000003) for .ARM.Collect$$rtexit$$00000003
    rtexit2.o(.ARM.exidx) refers to rtexit2.o(.ARM.Collect$$rtexit$$00000004) for .ARM.Collect$$rtexit$$00000004
    __raise.o(.text) refers to defsig.o(CL$$defsig) for __default_signal_handler
    defsig_general.o(.text) refers to sys_wrch.o(.text) for _ttywrch
    argv_veneer.o(.emb_text) refers to no_argv.o(.text) for __ARM_get_argv
    sys_wrch.o(.text) refers (Special) to use_no_semi.o(.text) for __I$use$semihosting
    sys_wrch.o(.text) refers (Special) to indicate_semi.o(.text) for __semihosting_library_function
    defsig.o(CL$$defsig) refers to defsig_fpe_inner.o(.text) for __rt_SIGFPE_inner
    defsig.o(CL$$defsig) refers to defsig_rtmem_inner.o(.text) for __rt_SIGRTMEM_inner
    _get_argv_nomalloc.o(.text) refers (Special) to hrguard.o(.text) for __heap_region$guard
    _get_argv_nomalloc.o(.text) refers to defsig_rtmem_outer.o(.text) for __rt_SIGRTMEM
    _get_argv_nomalloc.o(.text) refers to sys_command.o(.text) for _sys_command_string
    libshutdown.o(.ARM.Collect$$libshutdown$$00000000) refers (Special) to libshutdown2.o(.ARM.Collect$$libshutdown$$00000002) for __rt_lib_shutdown_cpp_1
    libshutdown.o(.ARM.Collect$$libshutdown$$00000000) refers (Special) to libshutdown2.o(.ARM.Collect$$libshutdown$$00000007) for __rt_lib_shutdown_fp_trap_1
    libshutdown.o(.ARM.Collect$$libshutdown$$00000000) refers (Special) to libshutdown2.o(.ARM.Collect$$libshutdown$$0000000F) for __rt_lib_shutdown_heap_1
    libshutdown.o(.ARM.Collect$$libshutdown$$00000000) refers (Special) to libshutdown2.o(.ARM.Collect$$libshutdown$$00000010) for __rt_lib_shutdown_return
    libshutdown.o(.ARM.Collect$$libshutdown$$00000000) refers (Special) to libshutdown2.o(.ARM.Collect$$libshutdown$$0000000A) for __rt_lib_shutdown_signal_1
    libshutdown.o(.ARM.Collect$$libshutdown$$00000000) refers (Special) to libshutdown2.o(.ARM.Collect$$libshutdown$$00000004) for __rt_lib_shutdown_stdio_1
    libshutdown.o(.ARM.Collect$$libshutdown$$00000000) refers (Special) to libshutdown2.o(.ARM.Collect$$libshutdown$$0000000C) for __rt_lib_shutdown_user_alloc_1
    sys_command.o(.text) refers (Special) to use_no_semi.o(.text) for __I$use$semihosting
    sys_command.o(.text) refers (Special) to indicate_semi.o(.text) for __semihosting_library_function
    defsig_abrt_inner.o(.text) refers to defsig_general.o(.text) for __default_signal_display
    defsig_rtred_inner.o(.text) refers to defsig_general.o(.text) for __default_signal_display
    defsig_rtmem_inner.o(.text) refers to defsig_general.o(.text) for __default_signal_display
    defsig_rtmem_outer.o(.text) refers to defsig_rtmem_inner.o(.text) for __rt_SIGRTMEM_inner
    defsig_rtmem_outer.o(.text) refers to defsig_exit.o(.text) for __sig_exit
    defsig_rtmem_formal.o(.text) refers to rt_raise.o(.text) for __rt_raise
    defsig_stak_inner.o(.text) refers to defsig_general.o(.text) for __default_signal_display
    defsig_pvfn_inner.o(.text) refers to defsig_general.o(.text) for __default_signal_display
    defsig_cppl_inner.o(.text) refers to defsig_general.o(.text) for __default_signal_display
    defsig_segv_inner.o(.text) refers to defsig_general.o(.text) for __default_signal_display
    defsig_other.o(.text) refers to defsig_general.o(.text) for __default_signal_display


==============================================================================

Removing Unused input sections from the image.

    Removing i2c_stm32f2xx.o(.rev16_text), (4 bytes).
    Removing i2c_stm32f2xx.o(.revsh_text), (4 bytes).
    Removing i2c_stm32f2xx.o(.rrx_text), (6 bytes).
    Removing i2c_stm32f2xx.o(i.I2C_RdBuf), (160 bytes).
    Removing i2c_stm32f2xx.o(i.I2C_WrBuf), (150 bytes).
    Removing joy.o(.rev16_text), (4 bytes).
    Removing joy.o(.revsh_text), (4 bytes).
    Removing joy.o(.rrx_text), (6 bytes).
    Removing joy.o(i.JOY_UnInit), (12 bytes).
    Removing lab 5.o(.rev16_text), (4 bytes).
    Removing lab 5.o(.revsh_text), (4 bytes).
    Removing lab 5.o(.rrx_text), (6 bytes).
    Removing serial.o(.rev16_text), (4 bytes).
    Removing serial.o(.revsh_text), (4 bytes).
    Removing serial.o(.rrx_text), (6 bytes).
    Removing serial.o(i.SER_GetChar), (28 bytes).
    Removing serial.o(i.SER_PutChar), (28 bytes).
    Removing buttons_mcbstm32f200.o(.rev16_text), (4 bytes).
    Removing buttons_mcbstm32f200.o(.revsh_text), (4 bytes).
    Removing buttons_mcbstm32f200.o(.rrx_text), (6 bytes).
    Removing buttons_mcbstm32f200.o(i.Buttons_GetCount), (4 bytes).
    Removing buttons_mcbstm32f200.o(i.Buttons_GetState), (68 bytes).
    Removing buttons_mcbstm32f200.o(i.Buttons_Initialize), (176 bytes).
    Removing buttons_mcbstm32f200.o(i.Buttons_Uninitialize), (48 bytes).
    Removing glcd_mcbstm32f200.o(.rev16_text), (4 bytes).
    Removing glcd_mcbstm32f200.o(.revsh_text), (4 bytes).
    Removing glcd_mcbstm32f200.o(.rrx_text), (6 bytes).
    Removing glcd_mcbstm32f200.o(i.GLCD_DrawBargraph), (112 bytes).
    Removing glcd_mcbstm32f200.o(i.GLCD_DrawBitmap), (84 bytes).
    Removing glcd_mcbstm32f200.o(i.GLCD_DrawPixel), (128 bytes).
    Removing glcd_mcbstm32f200.o(i.GLCD_DrawString), (44 bytes).
    Removing glcd_mcbstm32f200.o(i.GLCD_FrameBufferAccess), (44 bytes).
    Removing glcd_mcbstm32f200.o(i.GLCD_FrameBufferAddress), (8 bytes).
    Removing glcd_mcbstm32f200.o(i.GLCD_Uninitialize), (84 bytes).
    Removing glcd_mcbstm32f200.o(i.GLCD_VScroll), (8 bytes).
    Removing led_mcbstm32f200.o(.rev16_text), (4 bytes).
    Removing led_mcbstm32f200.o(.revsh_text), (4 bytes).
    Removing led_mcbstm32f200.o(.rrx_text), (6 bytes).
    Removing led_mcbstm32f200.o(i.LED_GetCount), (4 bytes).
    Removing led_mcbstm32f200.o(i.LED_Uninitialize), (48 bytes).
    Removing stm32f2xx_hal.o(.rev16_text), (4 bytes).
    Removing stm32f2xx_hal.o(.revsh_text), (4 bytes).
    Removing stm32f2xx_hal.o(.rrx_text), (6 bytes).
    Removing stm32f2xx_hal.o(i.HAL_DBGMCU_DisableDBGSleepMode), (20 bytes).
    Removing stm32f2xx_hal.o(i.HAL_DBGMCU_DisableDBGStandbyMode), (20 bytes).
    Removing stm32f2xx_hal.o(i.HAL_DBGMCU_DisableDBGStopMode), (20 bytes).
    Removing stm32f2xx_hal.o(i.HAL_DBGMCU_EnableDBGSleepMode), (20 bytes).
    Removing stm32f2xx_hal.o(i.HAL_DBGMCU_EnableDBGStandbyMode), (20 bytes).
    Removing stm32f2xx_hal.o(i.HAL_DBGMCU_EnableDBGStopMode), (20 bytes).
    Removing stm32f2xx_hal.o(i.HAL_DeInit), (68 bytes).
    Removing stm32f2xx_hal.o(i.HAL_DisableCompensationCell), (28 bytes).
    Removing stm32f2xx_hal.o(i.HAL_EnableCompensationCell), (28 bytes).
    Removing stm32f2xx_hal.o(i.HAL_GetDEVID), (16 bytes).
    Removing stm32f2xx_hal.o(i.HAL_GetHalVersion), (8 bytes).
    Removing stm32f2xx_hal.o(i.HAL_GetREVID), (12 bytes).
    Removing stm32f2xx_hal.o(i.HAL_GetUID), (28 bytes).
    Removing stm32f2xx_hal.o(i.HAL_MspDeInit), (2 bytes).
    Removing stm32f2xx_hal.o(i.HAL_ResumeTick), (18 bytes).
    Removing stm32f2xx_hal.o(i.HAL_SuspendTick), (18 bytes).
    Removing stm32f2xx_hal_cortex.o(.rev16_text), (4 bytes).
    Removing stm32f2xx_hal_cortex.o(.revsh_text), (4 bytes).
    Removing stm32f2xx_hal_cortex.o(.rrx_text), (6 bytes).
    Removing stm32f2xx_hal_cortex.o(i.HAL_MPU_ConfigRegion), (92 bytes).
    Removing stm32f2xx_hal_cortex.o(i.HAL_MPU_Disable), (44 bytes).
    Removing stm32f2xx_hal_cortex.o(i.HAL_MPU_Enable), (64 bytes).
    Removing stm32f2xx_hal_cortex.o(i.HAL_NVIC_ClearPendingIRQ), (36 bytes).
    Removing stm32f2xx_hal_cortex.o(i.HAL_NVIC_DisableIRQ), (68 bytes).
    Removing stm32f2xx_hal_cortex.o(i.HAL_NVIC_EnableIRQ), (32 bytes).
    Removing stm32f2xx_hal_cortex.o(i.HAL_NVIC_GetActive), (48 bytes).
    Removing stm32f2xx_hal_cortex.o(i.HAL_NVIC_GetPendingIRQ), (48 bytes).
    Removing stm32f2xx_hal_cortex.o(i.HAL_NVIC_GetPriority), (148 bytes).
    Removing stm32f2xx_hal_cortex.o(i.HAL_NVIC_GetPriorityGrouping), (8 bytes).
    Removing stm32f2xx_hal_cortex.o(i.HAL_NVIC_SetPendingIRQ), (36 bytes).
    Removing stm32f2xx_hal_cortex.o(i.HAL_NVIC_SystemReset), (68 bytes).
    Removing stm32f2xx_hal_cortex.o(i.HAL_SYSTICK_CLKSourceConfig), (40 bytes).
    Removing stm32f2xx_hal_cortex.o(i.HAL_SYSTICK_Callback), (2 bytes).
    Removing stm32f2xx_hal_cortex.o(i.HAL_SYSTICK_IRQHandler), (8 bytes).
    Removing stm32f2xx_hal_dma.o(.rev16_text), (4 bytes).
    Removing stm32f2xx_hal_dma.o(.revsh_text), (4 bytes).
    Removing stm32f2xx_hal_dma.o(.rrx_text), (6 bytes).
    Removing stm32f2xx_hal_dma.o(i.DMA_CalcBaseAndBitshift), (52 bytes).
    Removing stm32f2xx_hal_dma.o(i.DMA_CheckFifoParam), (170 bytes).
    Removing stm32f2xx_hal_dma.o(i.DMA_SetConfig), (44 bytes).
    Removing stm32f2xx_hal_dma.o(i.HAL_DMA_Abort), (170 bytes).
    Removing stm32f2xx_hal_dma.o(i.HAL_DMA_Abort_IT), (40 bytes).
    Removing stm32f2xx_hal_dma.o(i.HAL_DMA_DeInit), (98 bytes).
    Removing stm32f2xx_hal_dma.o(i.HAL_DMA_GetError), (6 bytes).
    Removing stm32f2xx_hal_dma.o(i.HAL_DMA_GetState), (8 bytes).
    Removing stm32f2xx_hal_dma.o(i.HAL_DMA_IRQHandler), (576 bytes).
    Removing stm32f2xx_hal_dma.o(i.HAL_DMA_Init), (236 bytes).
    Removing stm32f2xx_hal_dma.o(i.HAL_DMA_PollForTransfer), (346 bytes).
    Removing stm32f2xx_hal_dma.o(i.HAL_DMA_RegisterCallback), (94 bytes).
    Removing stm32f2xx_hal_dma.o(i.HAL_DMA_Start), (102 bytes).
    Removing stm32f2xx_hal_dma.o(i.HAL_DMA_Start_IT), (158 bytes).
    Removing stm32f2xx_hal_dma.o(i.HAL_DMA_UnRegisterCallback), (124 bytes).
    Removing stm32f2xx_hal_dma.o(.constdata), (8 bytes).
    Removing stm32f2xx_hal_dma_ex.o(.rev16_text), (4 bytes).
    Removing stm32f2xx_hal_dma_ex.o(.revsh_text), (4 bytes).
    Removing stm32f2xx_hal_dma_ex.o(.rrx_text), (6 bytes).
    Removing stm32f2xx_hal_dma_ex.o(i.DMA_MultiBufferSetConfig), (32 bytes).
    Removing stm32f2xx_hal_dma_ex.o(i.HAL_DMAEx_ChangeMemory), (18 bytes).
    Removing stm32f2xx_hal_dma_ex.o(i.HAL_DMAEx_MultiBufferStart), (124 bytes).
    Removing stm32f2xx_hal_dma_ex.o(i.HAL_DMAEx_MultiBufferStart_IT), (4056 bytes).
    Removing stm32f2xx_hal_gpio.o(.rev16_text), (4 bytes).
    Removing stm32f2xx_hal_gpio.o(.revsh_text), (4 bytes).
    Removing stm32f2xx_hal_gpio.o(.rrx_text), (6 bytes).
    Removing stm32f2xx_hal_gpio.o(i.HAL_GPIO_DeInit), (372 bytes).
    Removing stm32f2xx_hal_gpio.o(i.HAL_GPIO_EXTI_Callback), (2 bytes).
    Removing stm32f2xx_hal_gpio.o(i.HAL_GPIO_EXTI_IRQHandler), (28 bytes).
    Removing stm32f2xx_hal_gpio.o(i.HAL_GPIO_LockPin), (46 bytes).
    Removing stm32f2xx_hal_gpio.o(i.HAL_GPIO_ReadPin), (16 bytes).
    Removing stm32f2xx_hal_gpio.o(i.HAL_GPIO_TogglePin), (8 bytes).
    Removing stm32f2xx_hal_rcc.o(.rev16_text), (4 bytes).
    Removing stm32f2xx_hal_rcc.o(.revsh_text), (4 bytes).
    Removing stm32f2xx_hal_rcc.o(.rrx_text), (6 bytes).
    Removing stm32f2xx_hal_rcc.o(i.HAL_RCC_CSSCallback), (2 bytes).
    Removing stm32f2xx_hal_rcc.o(i.HAL_RCC_ClockConfig), (388 bytes).
    Removing stm32f2xx_hal_rcc.o(i.HAL_RCC_DeInit), (320 bytes).
    Removing stm32f2xx_hal_rcc.o(i.HAL_RCC_DisableCSS), (12 bytes).
    Removing stm32f2xx_hal_rcc.o(i.HAL_RCC_EnableCSS), (12 bytes).
    Removing stm32f2xx_hal_rcc.o(i.HAL_RCC_GetClockConfig), (68 bytes).
    Removing stm32f2xx_hal_rcc.o(i.HAL_RCC_GetHCLKFreq), (12 bytes).
    Removing stm32f2xx_hal_rcc.o(i.HAL_RCC_GetOscConfig), (292 bytes).
    Removing stm32f2xx_hal_rcc.o(i.HAL_RCC_GetPCLK1Freq), (44 bytes).
    Removing stm32f2xx_hal_rcc.o(i.HAL_RCC_GetPCLK2Freq), (44 bytes).
    Removing stm32f2xx_hal_rcc.o(i.HAL_RCC_GetSysClockFreq), (176 bytes).
    Removing stm32f2xx_hal_rcc.o(i.HAL_RCC_MCOConfig), (192 bytes).
    Removing stm32f2xx_hal_rcc.o(i.HAL_RCC_NMI_IRQHandler), (32 bytes).
    Removing stm32f2xx_hal_rcc.o(i.HAL_RCC_OscConfig), (928 bytes).
    Removing stm32f2xx_hal_rcc_ex.o(.rev16_text), (4 bytes).
    Removing stm32f2xx_hal_rcc_ex.o(.revsh_text), (4 bytes).
    Removing stm32f2xx_hal_rcc_ex.o(.rrx_text), (6 bytes).
    Removing stm32f2xx_hal_rcc_ex.o(i.HAL_RCCEx_GetPeriphCLKConfig), (80 bytes).
    Removing stm32f2xx_hal_rcc_ex.o(i.HAL_RCCEx_PeriphCLKConfig), (436 bytes).
    Removing stm32f2xx_hal_sram.o(.rev16_text), (4 bytes).
    Removing stm32f2xx_hal_sram.o(.revsh_text), (4 bytes).
    Removing stm32f2xx_hal_sram.o(.rrx_text), (6 bytes).
    Removing stm32f2xx_hal_sram.o(i.HAL_SRAM_DMA_XferCpltCallback), (2 bytes).
    Removing stm32f2xx_hal_sram.o(i.HAL_SRAM_DMA_XferErrorCallback), (2 bytes).
    Removing stm32f2xx_hal_sram.o(i.HAL_SRAM_DeInit), (34 bytes).
    Removing stm32f2xx_hal_sram.o(i.HAL_SRAM_GetState), (8 bytes).
    Removing stm32f2xx_hal_sram.o(i.HAL_SRAM_MspDeInit), (2 bytes).
    Removing stm32f2xx_hal_sram.o(i.HAL_SRAM_Read_16b), (70 bytes).
    Removing stm32f2xx_hal_sram.o(i.HAL_SRAM_Read_32b), (68 bytes).
    Removing stm32f2xx_hal_sram.o(i.HAL_SRAM_Read_8b), (70 bytes).
    Removing stm32f2xx_hal_sram.o(i.HAL_SRAM_Read_DMA), (96 bytes).
    Removing stm32f2xx_hal_sram.o(i.HAL_SRAM_WriteOperation_Disable), (60 bytes).
    Removing stm32f2xx_hal_sram.o(i.HAL_SRAM_WriteOperation_Enable), (54 bytes).
    Removing stm32f2xx_hal_sram.o(i.HAL_SRAM_Write_16b), (82 bytes).
    Removing stm32f2xx_hal_sram.o(i.HAL_SRAM_Write_32b), (80 bytes).
    Removing stm32f2xx_hal_sram.o(i.HAL_SRAM_Write_8b), (82 bytes).
    Removing stm32f2xx_hal_sram.o(i.HAL_SRAM_Write_DMA), (108 bytes).
    Removing stm32f2xx_ll_fsmc.o(.rev16_text), (4 bytes).
    Removing stm32f2xx_ll_fsmc.o(.revsh_text), (4 bytes).
    Removing stm32f2xx_ll_fsmc.o(.rrx_text), (6 bytes).
    Removing stm32f2xx_ll_fsmc.o(i.FSMC_NAND_AttributeSpace_Timing_Init), (54 bytes).
    Removing stm32f2xx_ll_fsmc.o(i.FSMC_NAND_CommonSpace_Timing_Init), (54 bytes).
    Removing stm32f2xx_ll_fsmc.o(i.FSMC_NAND_DeInit), (66 bytes).
    Removing stm32f2xx_ll_fsmc.o(i.FSMC_NAND_ECC_Disable), (28 bytes).
    Removing stm32f2xx_ll_fsmc.o(i.FSMC_NAND_ECC_Enable), (28 bytes).
    Removing stm32f2xx_ll_fsmc.o(i.FSMC_NAND_GetECC), (88 bytes).
    Removing stm32f2xx_ll_fsmc.o(i.FSMC_NAND_Init), (76 bytes).
    Removing stm32f2xx_ll_fsmc.o(i.FSMC_NORSRAM_DeInit), (56 bytes).
    Removing stm32f2xx_ll_fsmc.o(i.FSMC_NORSRAM_WriteOperation_Disable), (18 bytes).
    Removing stm32f2xx_ll_fsmc.o(i.FSMC_NORSRAM_WriteOperation_Enable), (18 bytes).
    Removing stm32f2xx_ll_fsmc.o(i.FSMC_PCCARD_AttributeSpace_Timing_Init), (38 bytes).
    Removing stm32f2xx_ll_fsmc.o(i.FSMC_PCCARD_CommonSpace_Timing_Init), (38 bytes).
    Removing stm32f2xx_ll_fsmc.o(i.FSMC_PCCARD_DeInit), (32 bytes).
    Removing stm32f2xx_ll_fsmc.o(i.FSMC_PCCARD_IOSpace_Timing_Init), (38 bytes).
    Removing stm32f2xx_ll_fsmc.o(i.FSMC_PCCARD_Init), (44 bytes).
    Removing system_stm32f2xx.o(.rev16_text), (4 bytes).
    Removing system_stm32f2xx.o(.revsh_text), (4 bytes).
    Removing system_stm32f2xx.o(.rrx_text), (6 bytes).

173 unused section(s) (total 14030 bytes) removed from the image.

==============================================================================

Image Symbol Table

    Local Symbols

    Symbol Name                              Value     Ov Type        Size  Object(Section)

    ../clib/angel/boardlib.s                 0x00000000   Number         0  boardinit1.o ABSOLUTE
    ../clib/angel/boardlib.s                 0x00000000   Number         0  boardinit2.o ABSOLUTE
    ../clib/angel/boardlib.s                 0x00000000   Number         0  boardinit3.o ABSOLUTE
    ../clib/angel/boardlib.s                 0x00000000   Number         0  boardshut.o ABSOLUTE
    ../clib/angel/handlers.s                 0x00000000   Number         0  __scatter_zi.o ABSOLUTE
    ../clib/angel/handlers.s                 0x00000000   Number         0  __scatter_copy.o ABSOLUTE
    ../clib/angel/kernel.s                   0x00000000   Number         0  __rtentry.o ABSOLUTE
    ../clib/angel/kernel.s                   0x00000000   Number         0  __rtentry4.o ABSOLUTE
    ../clib/angel/kernel.s                   0x00000000   Number         0  __rtentry2.o ABSOLUTE
    ../clib/angel/kernel.s                   0x00000000   Number         0  rtexit2.o ABSOLUTE
    ../clib/angel/kernel.s                   0x00000000   Number         0  rtexit.o ABSOLUTE
    ../clib/angel/rt.s                       0x00000000   Number         0  rt_div0.o ABSOLUTE
    ../clib/angel/rt.s                       0x00000000   Number         0  aeabi_ldiv0_sigfpe.o ABSOLUTE
    ../clib/angel/rt.s                       0x00000000   Number         0  aeabi_ldiv0.o ABSOLUTE
    ../clib/angel/rt.s                       0x00000000   Number         0  rt_raise.o ABSOLUTE
    ../clib/angel/scatter.s                  0x00000000   Number         0  __scatter.o ABSOLUTE
    ../clib/angel/startup.s                  0x00000000   Number         0  __main.o ABSOLUTE
    ../clib/angel/sys.s                      0x00000000   Number         0  libspace.o ABSOLUTE
    ../clib/angel/sys.s                      0x00000000   Number         0  sys_stackheap_outer.o ABSOLUTE
    ../clib/angel/sys.s                      0x00000000   Number         0  use_no_semi.o ABSOLUTE
    ../clib/angel/sys.s                      0x00000000   Number         0  indicate_semi.o ABSOLUTE
    ../clib/angel/sysapp.c                   0x00000000   Number         0  sys_exit.o ABSOLUTE
    ../clib/angel/sysapp.c                   0x00000000   Number         0  sys_wrch.o ABSOLUTE
    ../clib/angel/sysapp.c                   0x00000000   Number         0  sys_command.o ABSOLUTE
    ../clib/armsys.c                         0x00000000   Number         0  argv_veneer.o ABSOLUTE
    ../clib/armsys.c                         0x00000000   Number         0  argv_veneer.o ABSOLUTE
    ../clib/armsys.c                         0x00000000   Number         0  _get_argv_nomalloc.o ABSOLUTE
    ../clib/armsys.c                         0x00000000   Number         0  no_argv.o ABSOLUTE
    ../clib/heapalloc.c                      0x00000000   Number         0  hrguard.o ABSOLUTE
    ../clib/heapaux.c                        0x00000000   Number         0  heapauxi.o ABSOLUTE
    ../clib/libinit.s                        0x00000000   Number         0  libinit2.o ABSOLUTE
    ../clib/libinit.s                        0x00000000   Number         0  libinit.o ABSOLUTE
    ../clib/libinit.s                        0x00000000   Number         0  libshutdown2.o ABSOLUTE
    ../clib/libinit.s                        0x00000000   Number         0  libshutdown.o ABSOLUTE
    ../clib/longlong.s                       0x00000000   Number         0  lludivv7m.o ABSOLUTE
    ../clib/signal.c                         0x00000000   Number         0  defsig_abrt_inner.o ABSOLUTE
    ../clib/signal.c                         0x00000000   Number         0  __raise.o ABSOLUTE
    ../clib/signal.c                         0x00000000   Number         0  defsig_fpe_formal.o ABSOLUTE
    ../clib/signal.c                         0x00000000   Number         0  defsig_fpe_outer.o ABSOLUTE
    ../clib/signal.c                         0x00000000   Number         0  defsig_pvfn_inner.o ABSOLUTE
    ../clib/signal.c                         0x00000000   Number         0  defsig_rtmem_outer.o ABSOLUTE
    ../clib/signal.c                         0x00000000   Number         0  defsig_rtmem_formal.o ABSOLUTE
    ../clib/signal.c                         0x00000000   Number         0  defsig_stak_inner.o ABSOLUTE
    ../clib/signal.c                         0x00000000   Number         0  defsig_rtmem_inner.o ABSOLUTE
    ../clib/signal.c                         0x00000000   Number         0  defsig_other.o ABSOLUTE
    ../clib/signal.c                         0x00000000   Number         0  defsig_segv_inner.o ABSOLUTE
    ../clib/signal.c                         0x00000000   Number         0  defsig_cppl_inner.o ABSOLUTE
    ../clib/signal.c                         0x00000000   Number         0  defsig_general.o ABSOLUTE
    ../clib/signal.c                         0x00000000   Number         0  defsig_rtred_inner.o ABSOLUTE
    ../clib/signal.c                         0x00000000   Number         0  defsig_fpe_inner.o ABSOLUTE
    ../clib/signal.c                         0x00000000   Number         0  defsig_exit.o ABSOLUTE
    ../clib/signal.s                         0x00000000   Number         0  defsig.o ABSOLUTE
    ../clib/stdlib.c                         0x00000000   Number         0  exit.o ABSOLUTE
    ../fplib/fpinit.s                        0x00000000   Number         0  fpinit.o ABSOLUTE
    C:\Keil_v5\ARM\PACK\Keil\STM32F2xx_DFP\2.9.0\Drivers\STM32F2xx_HAL_Driver\Src\stm32f2xx_hal.c 0x00000000   Number         0  stm32f2xx_hal.o ABSOLUTE
    C:\Keil_v5\ARM\PACK\Keil\STM32F2xx_DFP\2.9.0\Drivers\STM32F2xx_HAL_Driver\Src\stm32f2xx_hal_cortex.c 0x00000000   Number         0  stm32f2xx_hal_cortex.o ABSOLUTE
    C:\Keil_v5\ARM\PACK\Keil\STM32F2xx_DFP\2.9.0\Drivers\STM32F2xx_HAL_Driver\Src\stm32f2xx_hal_dma.c 0x00000000   Number         0  stm32f2xx_hal_dma.o ABSOLUTE
    C:\Keil_v5\ARM\PACK\Keil\STM32F2xx_DFP\2.9.0\Drivers\STM32F2xx_HAL_Driver\Src\stm32f2xx_hal_dma_ex.c 0x00000000   Number         0  stm32f2xx_hal_dma_ex.o ABSOLUTE
    C:\Keil_v5\ARM\PACK\Keil\STM32F2xx_DFP\2.9.0\Drivers\STM32F2xx_HAL_Driver\Src\stm32f2xx_hal_gpio.c 0x00000000   Number         0  stm32f2xx_hal_gpio.o ABSOLUTE
    C:\Keil_v5\ARM\PACK\Keil\STM32F2xx_DFP\2.9.0\Drivers\STM32F2xx_HAL_Driver\Src\stm32f2xx_hal_rcc.c 0x00000000   Number         0  stm32f2xx_hal_rcc.o ABSOLUTE
    C:\Keil_v5\ARM\PACK\Keil\STM32F2xx_DFP\2.9.0\Drivers\STM32F2xx_HAL_Driver\Src\stm32f2xx_hal_rcc_ex.c 0x00000000   Number         0  stm32f2xx_hal_rcc_ex.o ABSOLUTE
    C:\Keil_v5\ARM\PACK\Keil\STM32F2xx_DFP\2.9.0\Drivers\STM32F2xx_HAL_Driver\Src\stm32f2xx_hal_sram.c 0x00000000   Number         0  stm32f2xx_hal_sram.o ABSOLUTE
    C:\Keil_v5\ARM\PACK\Keil\STM32F2xx_DFP\2.9.0\Drivers\STM32F2xx_HAL_Driver\Src\stm32f2xx_ll_fsmc.c 0x00000000   Number         0  stm32f2xx_ll_fsmc.o ABSOLUTE
    C:\Keil_v5\ARM\PACK\Keil\STM32F2xx_DFP\2.9.0\MDK\Boards\Keil\MCBSTM32F200\Common\Buttons_MCBSTM32F200.c 0x00000000   Number         0  buttons_mcbstm32f200.o ABSOLUTE
    C:\Keil_v5\ARM\PACK\Keil\STM32F2xx_DFP\2.9.0\MDK\Boards\Keil\MCBSTM32F200\Common\GLCD_Fonts.c 0x00000000   Number         0  glcd_fonts.o ABSOLUTE
    C:\Keil_v5\ARM\PACK\Keil\STM32F2xx_DFP\2.9.0\MDK\Boards\Keil\MCBSTM32F200\Common\GLCD_MCBSTM32F200.c 0x00000000   Number         0  glcd_mcbstm32f200.o ABSOLUTE
    C:\Keil_v5\ARM\PACK\Keil\STM32F2xx_DFP\2.9.0\MDK\Boards\Keil\MCBSTM32F200\Common\LED_MCBSTM32F200.c 0x00000000   Number         0  led_mcbstm32f200.o ABSOLUTE
    C:\\Keil_v5\\ARM\\PACK\\Keil\\STM32F2xx_DFP\\2.9.0\\Drivers\\STM32F2xx_HAL_Driver\\Src\\stm32f2xx_hal.c 0x00000000   Number         0  stm32f2xx_hal.o ABSOLUTE
    C:\\Keil_v5\\ARM\\PACK\\Keil\\STM32F2xx_DFP\\2.9.0\\Drivers\\STM32F2xx_HAL_Driver\\Src\\stm32f2xx_hal_cortex.c 0x00000000   Number         0  stm32f2xx_hal_cortex.o ABSOLUTE
    C:\\Keil_v5\\ARM\\PACK\\Keil\\STM32F2xx_DFP\\2.9.0\\Drivers\\STM32F2xx_HAL_Driver\\Src\\stm32f2xx_hal_dma.c 0x00000000   Number         0  stm32f2xx_hal_dma.o ABSOLUTE
    C:\\Keil_v5\\ARM\\PACK\\Keil\\STM32F2xx_DFP\\2.9.0\\Drivers\\STM32F2xx_HAL_Driver\\Src\\stm32f2xx_hal_dma_ex.c 0x00000000   Number         0  stm32f2xx_hal_dma_ex.o ABSOLUTE
    C:\\Keil_v5\\ARM\\PACK\\Keil\\STM32F2xx_DFP\\2.9.0\\Drivers\\STM32F2xx_HAL_Driver\\Src\\stm32f2xx_hal_gpio.c 0x00000000   Number         0  stm32f2xx_hal_gpio.o ABSOLUTE
    C:\\Keil_v5\\ARM\\PACK\\Keil\\STM32F2xx_DFP\\2.9.0\\Drivers\\STM32F2xx_HAL_Driver\\Src\\stm32f2xx_hal_rcc.c 0x00000000   Number         0  stm32f2xx_hal_rcc.o ABSOLUTE
    C:\\Keil_v5\\ARM\\PACK\\Keil\\STM32F2xx_DFP\\2.9.0\\Drivers\\STM32F2xx_HAL_Driver\\Src\\stm32f2xx_hal_rcc_ex.c 0x00000000   Number         0  stm32f2xx_hal_rcc_ex.o ABSOLUTE
    C:\\Keil_v5\\ARM\\PACK\\Keil\\STM32F2xx_DFP\\2.9.0\\Drivers\\STM32F2xx_HAL_Driver\\Src\\stm32f2xx_hal_sram.c 0x00000000   Number         0  stm32f2xx_hal_sram.o ABSOLUTE
    C:\\Keil_v5\\ARM\\PACK\\Keil\\STM32F2xx_DFP\\2.9.0\\Drivers\\STM32F2xx_HAL_Driver\\Src\\stm32f2xx_ll_fsmc.c 0x00000000   Number         0  stm32f2xx_ll_fsmc.o ABSOLUTE
    C:\\Keil_v5\\ARM\\PACK\\Keil\\STM32F2xx_DFP\\2.9.0\\MDK\\Boards\\Keil\\MCBSTM32F200\\Common\\Buttons_MCBSTM32F200.c 0x00000000   Number         0  buttons_mcbstm32f200.o ABSOLUTE
    C:\\Keil_v5\\ARM\\PACK\\Keil\\STM32F2xx_DFP\\2.9.0\\MDK\\Boards\\Keil\\MCBSTM32F200\\Common\\GLCD_MCBSTM32F200.c 0x00000000   Number         0  glcd_mcbstm32f200.o ABSOLUTE
    C:\\Keil_v5\\ARM\\PACK\\Keil\\STM32F2xx_DFP\\2.9.0\\MDK\\Boards\\Keil\\MCBSTM32F200\\Common\\LED_MCBSTM32F200.c 0x00000000   Number         0  led_mcbstm32f200.o ABSOLUTE
    I2C_STM32F2xx.c                          0x00000000   Number         0  i2c_stm32f2xx.o ABSOLUTE
    I2C_STM32F2xx.c                          0x00000000   Number         0  i2c_stm32f2xx.o ABSOLUTE
    JOY.c                                    0x00000000   Number         0  joy.o ABSOLUTE
    JOY.c                                    0x00000000   Number         0  joy.o ABSOLUTE
    RTE\Device\STM32F207IGHx\startup_stm32f207xx.s 0x00000000   Number         0  startup_stm32f207xx.o ABSOLUTE
    RTE\Device\STM32F207IGHx\system_stm32f2xx.c 0x00000000   Number         0  system_stm32f2xx.o ABSOLUTE
    RTE\\Device\\STM32F207IGHx\\system_stm32f2xx.c 0x00000000   Number         0  system_stm32f2xx.o ABSOLUTE
    Serial.c                                 0x00000000   Number         0  serial.o ABSOLUTE
    Serial.c                                 0x00000000   Number         0  serial.o ABSOLUTE
    dc.s                                     0x00000000   Number         0  dc.o ABSOLUTE
    lab 5.c                                  0x00000000   Number         0  lab 5.o ABSOLUTE
    lab 5.c                                  0x00000000   Number         0  lab 5.o ABSOLUTE
    RESET                                    0x08000000   Section      388  startup_stm32f207xx.o(RESET)
    !!!main                                  0x08000184   Section        8  __main.o(!!!main)
    !!!scatter                               0x0800018c   Section       52  __scatter.o(!!!scatter)
    !!handler_copy                           0x080001c0   Section       26  __scatter_copy.o(!!handler_copy)
    !!handler_zi                             0x080001dc   Section       28  __scatter_zi.o(!!handler_zi)
    .ARM.Collect$$libinit$$00000000          0x080001f8   Section        2  libinit.o(.ARM.Collect$$libinit$$00000000)
    .ARM.Collect$$libinit$$00000002          0x080001fa   Section        0  libinit2.o(.ARM.Collect$$libinit$$00000002)
    .ARM.Collect$$libinit$$00000004          0x080001fa   Section        0  libinit2.o(.ARM.Collect$$libinit$$00000004)
    .ARM.Collect$$libinit$$0000000A          0x080001fa   Section        0  libinit2.o(.ARM.Collect$$libinit$$0000000A)
    .ARM.Collect$$libinit$$0000000C          0x080001fa   Section        0  libinit2.o(.ARM.Collect$$libinit$$0000000C)
    .ARM.Collect$$libinit$$0000000E          0x080001fa   Section        0  libinit2.o(.ARM.Collect$$libinit$$0000000E)
    .ARM.Collect$$libinit$$00000011          0x080001fa   Section        0  libinit2.o(.ARM.Collect$$libinit$$00000011)
    .ARM.Collect$$libinit$$00000013          0x080001fa   Section        0  libinit2.o(.ARM.Collect$$libinit$$00000013)
    .ARM.Collect$$libinit$$00000015          0x080001fa   Section        0  libinit2.o(.ARM.Collect$$libinit$$00000015)
    .ARM.Collect$$libinit$$00000017          0x080001fa   Section        0  libinit2.o(.ARM.Collect$$libinit$$00000017)
    .ARM.Collect$$libinit$$00000019          0x080001fa   Section        0  libinit2.o(.ARM.Collect$$libinit$$00000019)
    .ARM.Collect$$libinit$$0000001B          0x080001fa   Section        0  libinit2.o(.ARM.Collect$$libinit$$0000001B)
    .ARM.Collect$$libinit$$0000001D          0x080001fa   Section        0  libinit2.o(.ARM.Collect$$libinit$$0000001D)
    .ARM.Collect$$libinit$$0000001F          0x080001fa   Section        0  libinit2.o(.ARM.Collect$$libinit$$0000001F)
    .ARM.Collect$$libinit$$00000021          0x080001fa   Section        0  libinit2.o(.ARM.Collect$$libinit$$00000021)
    .ARM.Collect$$libinit$$00000023          0x080001fa   Section        0  libinit2.o(.ARM.Collect$$libinit$$00000023)
    .ARM.Collect$$libinit$$00000025          0x080001fa   Section        0  libinit2.o(.ARM.Collect$$libinit$$00000025)
    .ARM.Collect$$libinit$$0000002C          0x080001fa   Section        0  libinit2.o(.ARM.Collect$$libinit$$0000002C)
    .ARM.Collect$$libinit$$0000002E          0x080001fa   Section        0  libinit2.o(.ARM.Collect$$libinit$$0000002E)
    .ARM.Collect$$libinit$$00000030          0x080001fa   Section        0  libinit2.o(.ARM.Collect$$libinit$$00000030)
    .ARM.Collect$$libinit$$00000032          0x080001fa   Section        0  libinit2.o(.ARM.Collect$$libinit$$00000032)
    .ARM.Collect$$libinit$$00000033          0x080001fa   Section        2  libinit2.o(.ARM.Collect$$libinit$$00000033)
    .ARM.Collect$$libshutdown$$00000000      0x080001fc   Section        2  libshutdown.o(.ARM.Collect$$libshutdown$$00000000)
    .ARM.Collect$$libshutdown$$00000002      0x080001fe   Section        0  libshutdown2.o(.ARM.Collect$$libshutdown$$00000002)
    .ARM.Collect$$libshutdown$$00000004      0x080001fe   Section        0  libshutdown2.o(.ARM.Collect$$libshutdown$$00000004)
    .ARM.Collect$$libshutdown$$00000007      0x080001fe   Section        0  libshutdown2.o(.ARM.Collect$$libshutdown$$00000007)
    .ARM.Collect$$libshutdown$$0000000A      0x080001fe   Section        0  libshutdown2.o(.ARM.Collect$$libshutdown$$0000000A)
    .ARM.Collect$$libshutdown$$0000000C      0x080001fe   Section        0  libshutdown2.o(.ARM.Collect$$libshutdown$$0000000C)
    .ARM.Collect$$libshutdown$$0000000F      0x080001fe   Section        0  libshutdown2.o(.ARM.Collect$$libshutdown$$0000000F)
    .ARM.Collect$$libshutdown$$00000010      0x080001fe   Section        2  libshutdown2.o(.ARM.Collect$$libshutdown$$00000010)
    .ARM.Collect$$rtentry$$00000000          0x08000200   Section        0  __rtentry.o(.ARM.Collect$$rtentry$$00000000)
    .ARM.Collect$$rtentry$$00000002          0x08000200   Section        0  __rtentry2.o(.ARM.Collect$$rtentry$$00000002)
    .ARM.Collect$$rtentry$$00000004          0x08000200   Section        6  __rtentry4.o(.ARM.Collect$$rtentry$$00000004)
    .ARM.Collect$$rtentry$$00000009          0x08000206   Section        0  __rtentry2.o(.ARM.Collect$$rtentry$$00000009)
    .ARM.Collect$$rtentry$$0000000A          0x08000206   Section        4  __rtentry2.o(.ARM.Collect$$rtentry$$0000000A)
    .ARM.Collect$$rtentry$$0000000C          0x0800020a   Section        0  __rtentry2.o(.ARM.Collect$$rtentry$$0000000C)
    .ARM.Collect$$rtentry$$0000000D          0x0800020a   Section        8  __rtentry2.o(.ARM.Collect$$rtentry$$0000000D)
    .ARM.Collect$$rtexit$$00000000           0x08000212   Section        2  rtexit.o(.ARM.Collect$$rtexit$$00000000)
    .ARM.Collect$$rtexit$$00000002           0x08000214   Section        0  rtexit2.o(.ARM.Collect$$rtexit$$00000002)
    .ARM.Collect$$rtexit$$00000003           0x08000214   Section        4  rtexit2.o(.ARM.Collect$$rtexit$$00000003)
    .ARM.Collect$$rtexit$$00000004           0x08000218   Section        6  rtexit2.o(.ARM.Collect$$rtexit$$00000004)
    .text                                    0x08000220   Section       64  startup_stm32f207xx.o(.text)
    .text                                    0x08000260   Section        0  heapauxi.o(.text)
    .text                                    0x08000266   Section       74  sys_stackheap_outer.o(.text)
    .text                                    0x080002b0   Section        0  exit.o(.text)
    .text                                    0x080002c4   Section        8  libspace.o(.text)
    .text                                    0x080002cc   Section        0  sys_exit.o(.text)
    .text                                    0x080002d8   Section        2  use_no_semi.o(.text)
    .text                                    0x080002da   Section        0  indicate_semi.o(.text)
    i.FSMC_NORSRAM_Extended_Timing_Init      0x080002dc   Section        0  stm32f2xx_ll_fsmc.o(i.FSMC_NORSRAM_Extended_Timing_Init)
    i.FSMC_NORSRAM_Init                      0x08000324   Section        0  stm32f2xx_ll_fsmc.o(i.FSMC_NORSRAM_Init)
    i.FSMC_NORSRAM_Timing_Init               0x0800037c   Section        0  stm32f2xx_ll_fsmc.o(i.FSMC_NORSRAM_Timing_Init)
    i.GLCD_ClearScreen                       0x080003c0   Section        0  glcd_mcbstm32f200.o(i.GLCD_ClearScreen)
    i.GLCD_DrawChar                          0x080003fc   Section        0  glcd_mcbstm32f200.o(i.GLCD_DrawChar)
    i.GLCD_DrawHLine                         0x080004cc   Section        0  glcd_mcbstm32f200.o(i.GLCD_DrawHLine)
    i.GLCD_DrawRectangle                     0x08000508   Section        0  glcd_mcbstm32f200.o(i.GLCD_DrawRectangle)
    i.GLCD_DrawVLine                         0x08000544   Section        0  glcd_mcbstm32f200.o(i.GLCD_DrawVLine)
    i.GLCD_Initialize                        0x08000580   Section        0  glcd_mcbstm32f200.o(i.GLCD_Initialize)
    i.GLCD_SetBackgroundColor                0x08000cb4   Section        0  glcd_mcbstm32f200.o(i.GLCD_SetBackgroundColor)
    i.GLCD_SetFont                           0x08000cc4   Section        0  glcd_mcbstm32f200.o(i.GLCD_SetFont)
    i.GLCD_SetForegroundColor                0x08000cd4   Section        0  glcd_mcbstm32f200.o(i.GLCD_SetForegroundColor)
    i.GLCD_SetWindow                         0x08000ce4   Section        0  glcd_mcbstm32f200.o(i.GLCD_SetWindow)
    GLCD_SetWindow                           0x08000ce5   Thumb Code   168  glcd_mcbstm32f200.o(i.GLCD_SetWindow)
    i.HAL_Delay                              0x08000d90   Section        0  stm32f2xx_hal.o(i.HAL_Delay)
    i.HAL_GPIO_Init                          0x08000db0   Section        0  stm32f2xx_hal_gpio.o(i.HAL_GPIO_Init)
    i.HAL_GPIO_WritePin                      0x08000fbc   Section        0  stm32f2xx_hal_gpio.o(i.HAL_GPIO_WritePin)
    i.HAL_GetTick                            0x08000fc8   Section        0  stm32f2xx_hal.o(i.HAL_GetTick)
    i.HAL_IncTick                            0x08000fd4   Section        0  stm32f2xx_hal.o(i.HAL_IncTick)
    i.HAL_Init                               0x08000fe4   Section        0  stm32f2xx_hal.o(i.HAL_Init)
    i.HAL_InitTick                           0x08001020   Section        0  stm32f2xx_hal.o(i.HAL_InitTick)
    i.HAL_MspInit                            0x08001048   Section        0  stm32f2xx_hal.o(i.HAL_MspInit)
    i.HAL_NVIC_SetPriority                   0x0800104a   Section        0  stm32f2xx_hal_cortex.o(i.HAL_NVIC_SetPriority)
    i.HAL_NVIC_SetPriorityGrouping           0x080010c8   Section        0  stm32f2xx_hal_cortex.o(i.HAL_NVIC_SetPriorityGrouping)
    i.HAL_SRAM_Init                          0x080010f0   Section        0  stm32f2xx_hal_sram.o(i.HAL_SRAM_Init)
    i.HAL_SRAM_MspInit                       0x08001148   Section        0  stm32f2xx_hal_sram.o(i.HAL_SRAM_MspInit)
    i.HAL_SYSTICK_Config                     0x0800114a   Section        0  stm32f2xx_hal_cortex.o(i.HAL_SYSTICK_Config)
    i.I2C_Addr                               0x08001180   Section        0  i2c_stm32f2xx.o(i.I2C_Addr)
    i.I2C_Init                               0x0800119c   Section        0  i2c_stm32f2xx.o(i.I2C_Init)
    i.I2C_RdData                             0x08001284   Section        0  i2c_stm32f2xx.o(i.I2C_RdData)
    i.I2C_Read                               0x08001348   Section        0  i2c_stm32f2xx.o(i.I2C_Read)
    i.I2C_Recovery                           0x08001388   Section        0  i2c_stm32f2xx.o(i.I2C_Recovery)
    i.I2C_Start                              0x08001430   Section        0  i2c_stm32f2xx.o(i.I2C_Start)
    i.I2C_Stop                               0x0800144c   Section        0  i2c_stm32f2xx.o(i.I2C_Stop)
    i.I2C_WrData                             0x08001468   Section        0  i2c_stm32f2xx.o(i.I2C_WrData)
    i.I2C_Write                              0x08001508   Section        0  i2c_stm32f2xx.o(i.I2C_Write)
    i.I2C_sr                                 0x0800151c   Section        0  i2c_stm32f2xx.o(i.I2C_sr)
    I2C_sr                                   0x0800151d   Thumb Code    14  i2c_stm32f2xx.o(i.I2C_sr)
    i.IOE_Read                               0x08001530   Section        0  joy.o(i.IOE_Read)
    IOE_Read                                 0x08001531   Thumb Code    20  joy.o(i.IOE_Read)
    i.IOE_Write                              0x08001544   Section        0  joy.o(i.IOE_Write)
    IOE_Write                                0x08001545   Thumb Code    18  joy.o(i.IOE_Write)
    i.JOY_GetKeys                            0x08001556   Section        0  joy.o(i.JOY_GetKeys)
    i.JOY_Init                               0x080015b8   Section        0  joy.o(i.JOY_Init)
    i.LED                                    0x0800160c   Section        0  lab 5.o(i.LED)
    i.LED_Initialize                         0x08001644   Section        0  led_mcbstm32f200.o(i.LED_Initialize)
    i.LED_Off                                0x08001708   Section        0  led_mcbstm32f200.o(i.LED_Off)
    i.LED_On                                 0x08001734   Section        0  led_mcbstm32f200.o(i.LED_On)
    i.LED_SetOut                             0x08001760   Section        0  led_mcbstm32f200.o(i.LED_SetOut)
    i.SER_Init                               0x08001788   Section        0  serial.o(i.SER_Init)
    i.SysTick_Config                         0x0800183c   Section        0  lab 5.o(i.SysTick_Config)
    SysTick_Config                           0x0800183d   Thumb Code    74  lab 5.o(i.SysTick_Config)
    i.SysTick_Handler                        0x08001890   Section        0  lab 5.o(i.SysTick_Handler)
    i.SystemCoreClockUpdate                  0x0800189c   Section        0  system_stm32f2xx.o(i.SystemCoreClockUpdate)
    i.SystemInit                             0x0800195c   Section        0  system_stm32f2xx.o(i.SystemInit)
    i.Wait                                   0x080019b0   Section        0  i2c_stm32f2xx.o(i.Wait)
    Wait                                     0x080019b1   Thumb Code    16  i2c_stm32f2xx.o(i.Wait)
    i.WaitFlagClr                            0x080019c0   Section        0  i2c_stm32f2xx.o(i.WaitFlagClr)
    WaitFlagClr                              0x080019c1   Thumb Code    30  i2c_stm32f2xx.o(i.WaitFlagClr)
    i.WaitFlagSet                            0x080019e4   Section        0  i2c_stm32f2xx.o(i.WaitFlagSet)
    WaitFlagSet                              0x080019e5   Thumb Code    30  i2c_stm32f2xx.o(i.WaitFlagSet)
    i.__NVIC_GetPriorityGrouping             0x08001a08   Section        0  stm32f2xx_hal_cortex.o(i.__NVIC_GetPriorityGrouping)
    __NVIC_GetPriorityGrouping               0x08001a09   Thumb Code    10  stm32f2xx_hal_cortex.o(i.__NVIC_GetPriorityGrouping)
    i.__NVIC_SetPriority                     0x08001a18   Section        0  stm32f2xx_hal_cortex.o(i.__NVIC_SetPriority)
    __NVIC_SetPriority                       0x08001a19   Thumb Code    32  stm32f2xx_hal_cortex.o(i.__NVIC_SetPriority)
    i.clearHighlight                         0x08001a40   Section        0  lab 5.o(i.clearHighlight)
    i.draw                                   0x08001a6e   Section        0  lab 5.o(i.draw)
    i.getAbsoluteXpos                        0x08001ab8   Section        0  lab 5.o(i.getAbsoluteXpos)
    i.getAbsoluteYpos                        0x08001ad0   Section        0  lab 5.o(i.getAbsoluteYpos)
    i.getChar                                0x08001ae8   Section        0  lab 5.o(i.getChar)
    i.highlightText                          0x08001b00   Section        0  lab 5.o(i.highlightText)
    i.inColBounds                            0x08001b34   Section        0  lab 5.o(i.inColBounds)
    i.inRowBounds                            0x08001b42   Section        0  lab 5.o(i.inRowBounds)
    i.io_dir                                 0x08001b50   Section        0  i2c_stm32f2xx.o(i.io_dir)
    i.io_pin                                 0x08001bb0   Section        0  i2c_stm32f2xx.o(i.io_pin)
    i.io_state                               0x08001bfc   Section        0  i2c_stm32f2xx.o(i.io_state)
    i.main                                   0x08001c1c   Section        0  lab 5.o(i.main)
    i.sampleJoystick                         0x08001c60   Section        0  lab 5.o(i.sampleJoystick)
    i.setup                                  0x08001d30   Section        0  lab 5.o(i.setup)
    i.wr_cmd                                 0x08001db0   Section        0  glcd_mcbstm32f200.o(i.wr_cmd)
    wr_cmd                                   0x08001db1   Thumb Code     8  glcd_mcbstm32f200.o(i.wr_cmd)
    i.wr_dat                                 0x08001db8   Section        0  glcd_mcbstm32f200.o(i.wr_dat)
    wr_dat                                   0x08001db9   Thumb Code     8  glcd_mcbstm32f200.o(i.wr_dat)
    i.wr_dat_only                            0x08001dc0   Section        0  glcd_mcbstm32f200.o(i.wr_dat_only)
    wr_dat_only                              0x08001dc1   Thumb Code     8  glcd_mcbstm32f200.o(i.wr_dat_only)
    i.wr_reg                                 0x08001dc8   Section        0  glcd_mcbstm32f200.o(i.wr_reg)
    wr_reg                                   0x08001dc9   Thumb Code    20  glcd_mcbstm32f200.o(i.wr_reg)
    .constdata                               0x08001ddc   Section     6304  glcd_fonts.o(.constdata)
    Font_6x8_h                               0x08001ddc   Data         896  glcd_fonts.o(.constdata)
    Font_16x24_h                             0x0800215c   Data        5376  glcd_fonts.o(.constdata)
    .constdata                               0x0800367c   Section       64  led_mcbstm32f200.o(.constdata)
    LED_PIN                                  0x0800367c   Data          64  led_mcbstm32f200.o(.constdata)
    .constdata                               0x080036bc   Section       24  system_stm32f2xx.o(.constdata)
    .data                                    0x20000000   Section       25  lab 5.o(.data)
    .data                                    0x2000001c   Section        9  glcd_mcbstm32f200.o(.data)
    foreground_color                         0x2000001c   Data           2  glcd_mcbstm32f200.o(.data)
    background_color                         0x2000001e   Data           2  glcd_mcbstm32f200.o(.data)
    active_font                              0x20000020   Data           4  glcd_mcbstm32f200.o(.data)
    Himax                                    0x20000024   Data           1  glcd_mcbstm32f200.o(.data)
    .data                                    0x20000028   Section        4  stm32f2xx_hal.o(.data)
    .data                                    0x2000002c   Section        4  system_stm32f2xx.o(.data)
    .bss                                     0x20000030   Section       68  glcd_mcbstm32f200.o(.bss)
    hsram4                                   0x20000030   Data          68  glcd_mcbstm32f200.o(.bss)
    .bss                                     0x20000074   Section       96  libspace.o(.bss)
    HEAP                                     0x200000d8   Section      512  startup_stm32f207xx.o(HEAP)
    Heap_Mem                                 0x200000d8   Data         512  startup_stm32f207xx.o(HEAP)
    STACK                                    0x200002d8   Section     1024  startup_stm32f207xx.o(STACK)
    Stack_Mem                                0x200002d8   Data        1024  startup_stm32f207xx.o(STACK)
    __initial_sp                             0x200006d8   Data           0  startup_stm32f207xx.o(STACK)

    Global Symbols

    Symbol Name                              Value     Ov Type        Size  Object(Section)

    BuildAttributes$$THM_ISAv4$P$D$K$B$S$PE$A:L22UL41UL21$X:L11$S22US41US21$IEEE1$IW$USESV6$~STKCKD$USESV7$~SHL$OSPACE$ROPI$EBA8$UX$STANDARDLIB$REQ8$PRES8$EABIv2 0x00000000   Number         0  anon$$obj.o ABSOLUTE
    __ARM_use_no_argv                        0x00000000   Number         0  lab 5.o ABSOLUTE
    __ARM_exceptions_init                     - Undefined Weak Reference
    __alloca_initialize                       - Undefined Weak Reference
    __arm_preinit_                            - Undefined Weak Reference
    __cpp_initialize__aeabi_                  - Undefined Weak Reference
    __cxa_finalize                            - Undefined Weak Reference
    __rt_locale                               - Undefined Weak Reference
    __sigvec_lookup                           - Undefined Weak Reference
    _atexit_init                              - Undefined Weak Reference
    _call_atexit_fns                          - Undefined Weak Reference
    _clock_init                               - Undefined Weak Reference
    _fp_trap_init                             - Undefined Weak Reference
    _fp_trap_shutdown                         - Undefined Weak Reference
    _get_lc_collate                           - Undefined Weak Reference
    _get_lc_ctype                             - Undefined Weak Reference
    _get_lc_monetary                          - Undefined Weak Reference
    _get_lc_numeric                           - Undefined Weak Reference
    _get_lc_time                              - Undefined Weak Reference
    _getenv_init                              - Undefined Weak Reference
    _handle_redirection                       - Undefined Weak Reference
    _init_alloc                               - Undefined Weak Reference
    _init_user_alloc                          - Undefined Weak Reference
    _initio                                   - Undefined Weak Reference
    _rand_init                                - Undefined Weak Reference
    _signal_finish                            - Undefined Weak Reference
    _signal_init                              - Undefined Weak Reference
    _terminate_alloc                          - Undefined Weak Reference
    _terminate_user_alloc                     - Undefined Weak Reference
    _terminateio                              - Undefined Weak Reference
    __Vectors_Size                           0x00000184   Number         0  startup_stm32f207xx.o ABSOLUTE
    __Vectors                                0x08000000   Data           4  startup_stm32f207xx.o(RESET)
    __Vectors_End                            0x08000184   Data           0  startup_stm32f207xx.o(RESET)
    __main                                   0x08000185   Thumb Code     8  __main.o(!!!main)
    __scatterload                            0x0800018d   Thumb Code     0  __scatter.o(!!!scatter)
    __scatterload_rt2                        0x0800018d   Thumb Code    44  __scatter.o(!!!scatter)
    __scatterload_rt2_thumb_only             0x0800018d   Thumb Code     0  __scatter.o(!!!scatter)
    __scatterload_null                       0x0800019b   Thumb Code     0  __scatter.o(!!!scatter)
    __scatterload_copy                       0x080001c1   Thumb Code    26  __scatter_copy.o(!!handler_copy)
    __scatterload_zeroinit                   0x080001dd   Thumb Code    28  __scatter_zi.o(!!handler_zi)
    __rt_lib_init                            0x080001f9   Thumb Code     0  libinit.o(.ARM.Collect$$libinit$$00000000)
    __rt_lib_init_alloca_1                   0x080001fb   Thumb Code     0  libinit2.o(.ARM.Collect$$libinit$$0000002E)
    __rt_lib_init_argv_1                     0x080001fb   Thumb Code     0  libinit2.o(.ARM.Collect$$libinit$$0000002C)
    __rt_lib_init_atexit_1                   0x080001fb   Thumb Code     0  libinit2.o(.ARM.Collect$$libinit$$0000001B)
    __rt_lib_init_clock_1                    0x080001fb   Thumb Code     0  libinit2.o(.ARM.Collect$$libinit$$00000021)
    __rt_lib_init_cpp_1                      0x080001fb   Thumb Code     0  libinit2.o(.ARM.Collect$$libinit$$00000032)
    __rt_lib_init_exceptions_1               0x080001fb   Thumb Code     0  libinit2.o(.ARM.Collect$$libinit$$00000030)
    __rt_lib_init_fp_1                       0x080001fb   Thumb Code     0  libinit2.o(.ARM.Collect$$libinit$$00000002)
    __rt_lib_init_fp_trap_1                  0x080001fb   Thumb Code     0  libinit2.o(.ARM.Collect$$libinit$$0000001F)
    __rt_lib_init_getenv_1                   0x080001fb   Thumb Code     0  libinit2.o(.ARM.Collect$$libinit$$00000023)
    __rt_lib_init_heap_1                     0x080001fb   Thumb Code     0  libinit2.o(.ARM.Collect$$libinit$$0000000A)
    __rt_lib_init_lc_collate_1               0x080001fb   Thumb Code     0  libinit2.o(.ARM.Collect$$libinit$$00000011)
    __rt_lib_init_lc_ctype_1                 0x080001fb   Thumb Code     0  libinit2.o(.ARM.Collect$$libinit$$00000013)
    __rt_lib_init_lc_monetary_1              0x080001fb   Thumb Code     0  libinit2.o(.ARM.Collect$$libinit$$00000015)
    __rt_lib_init_lc_numeric_1               0x080001fb   Thumb Code     0  libinit2.o(.ARM.Collect$$libinit$$00000017)
    __rt_lib_init_lc_time_1                  0x080001fb   Thumb Code     0  libinit2.o(.ARM.Collect$$libinit$$00000019)
    __rt_lib_init_preinit_1                  0x080001fb   Thumb Code     0  libinit2.o(.ARM.Collect$$libinit$$00000004)
    __rt_lib_init_rand_1                     0x080001fb   Thumb Code     0  libinit2.o(.ARM.Collect$$libinit$$0000000E)
    __rt_lib_init_return                     0x080001fb   Thumb Code     0  libinit2.o(.ARM.Collect$$libinit$$00000033)
    __rt_lib_init_signal_1                   0x080001fb   Thumb Code     0  libinit2.o(.ARM.Collect$$libinit$$0000001D)
    __rt_lib_init_stdio_1                    0x080001fb   Thumb Code     0  libinit2.o(.ARM.Collect$$libinit$$00000025)
    __rt_lib_init_user_alloc_1               0x080001fb   Thumb Code     0  libinit2.o(.ARM.Collect$$libinit$$0000000C)
    __rt_lib_shutdown                        0x080001fd   Thumb Code     0  libshutdown.o(.ARM.Collect$$libshutdown$$00000000)
    __rt_lib_shutdown_cpp_1                  0x080001ff   Thumb Code     0  libshutdown2.o(.ARM.Collect$$libshutdown$$00000002)
    __rt_lib_shutdown_fp_trap_1              0x080001ff   Thumb Code     0  libshutdown2.o(.ARM.Collect$$libshutdown$$00000007)
    __rt_lib_shutdown_heap_1                 0x080001ff   Thumb Code     0  libshutdown2.o(.ARM.Collect$$libshutdown$$0000000F)
    __rt_lib_shutdown_return                 0x080001ff   Thumb Code     0  libshutdown2.o(.ARM.Collect$$libshutdown$$00000010)
    __rt_lib_shutdown_signal_1               0x080001ff   Thumb Code     0  libshutdown2.o(.ARM.Collect$$libshutdown$$0000000A)
    __rt_lib_shutdown_stdio_1                0x080001ff   Thumb Code     0  libshutdown2.o(.ARM.Collect$$libshutdown$$00000004)
    __rt_lib_shutdown_user_alloc_1           0x080001ff   Thumb Code     0  libshutdown2.o(.ARM.Collect$$libshutdown$$0000000C)
    __rt_entry                               0x08000201   Thumb Code     0  __rtentry.o(.ARM.Collect$$rtentry$$00000000)
    __rt_entry_presh_1                       0x08000201   Thumb Code     0  __rtentry2.o(.ARM.Collect$$rtentry$$00000002)
    __rt_entry_sh                            0x08000201   Thumb Code     0  __rtentry4.o(.ARM.Collect$$rtentry$$00000004)
    __rt_entry_li                            0x08000207   Thumb Code     0  __rtentry2.o(.ARM.Collect$$rtentry$$0000000A)
    __rt_entry_postsh_1                      0x08000207   Thumb Code     0  __rtentry2.o(.ARM.Collect$$rtentry$$00000009)
    __rt_entry_main                          0x0800020b   Thumb Code     0  __rtentry2.o(.ARM.Collect$$rtentry$$0000000D)
    __rt_entry_postli_1                      0x0800020b   Thumb Code     0  __rtentry2.o(.ARM.Collect$$rtentry$$0000000C)
    __rt_exit                                0x08000213   Thumb Code     0  rtexit.o(.ARM.Collect$$rtexit$$00000000)
    __rt_exit_ls                             0x08000215   Thumb Code     0  rtexit2.o(.ARM.Collect$$rtexit$$00000003)
    __rt_exit_prels_1                        0x08000215   Thumb Code     0  rtexit2.o(.ARM.Collect$$rtexit$$00000002)
    __rt_exit_exit                           0x08000219   Thumb Code     0  rtexit2.o(.ARM.Collect$$rtexit$$00000004)
    Reset_Handler                            0x08000221   Thumb Code     8  startup_stm32f207xx.o(.text)
    NMI_Handler                              0x08000229   Thumb Code     2  startup_stm32f207xx.o(.text)
    HardFault_Handler                        0x0800022b   Thumb Code     2  startup_stm32f207xx.o(.text)
    MemManage_Handler                        0x0800022d   Thumb Code     2  startup_stm32f207xx.o(.text)
    BusFault_Handler                         0x0800022f   Thumb Code     2  startup_stm32f207xx.o(.text)
    UsageFault_Handler                       0x08000231   Thumb Code     2  startup_stm32f207xx.o(.text)
    SVC_Handler                              0x08000233   Thumb Code     2  startup_stm32f207xx.o(.text)
    DebugMon_Handler                         0x08000235   Thumb Code     2  startup_stm32f207xx.o(.text)
    PendSV_Handler                           0x08000237   Thumb Code     2  startup_stm32f207xx.o(.text)
    ADC_IRQHandler                           0x0800023b   Thumb Code     0  startup_stm32f207xx.o(.text)
    CAN1_RX0_IRQHandler                      0x0800023b   Thumb Code     0  startup_stm32f207xx.o(.text)
    CAN1_RX1_IRQHandler                      0x0800023b   Thumb Code     0  startup_stm32f207xx.o(.text)
    CAN1_SCE_IRQHandler                      0x0800023b   Thumb Code     0  startup_stm32f207xx.o(.text)
    CAN1_TX_IRQHandler                       0x0800023b   Thumb Code     0  startup_stm32f207xx.o(.text)
    CAN2_RX0_IRQHandler                      0x0800023b   Thumb Code     0  startup_stm32f207xx.o(.text)
    CAN2_RX1_IRQHandler                      0x0800023b   Thumb Code     0  startup_stm32f207xx.o(.text)
    CAN2_SCE_IRQHandler                      0x0800023b   Thumb Code     0  startup_stm32f207xx.o(.text)
    CAN2_TX_IRQHandler                       0x0800023b   Thumb Code     0  startup_stm32f207xx.o(.text)
    DCMI_IRQHandler                          0x0800023b   Thumb Code     0  startup_stm32f207xx.o(.text)
    DMA1_Stream0_IRQHandler                  0x0800023b   Thumb Code     0  startup_stm32f207xx.o(.text)
    DMA1_Stream1_IRQHandler                  0x0800023b   Thumb Code     0  startup_stm32f207xx.o(.text)
    DMA1_Stream2_IRQHandler                  0x0800023b   Thumb Code     0  startup_stm32f207xx.o(.text)
    DMA1_Stream3_IRQHandler                  0x0800023b   Thumb Code     0  startup_stm32f207xx.o(.text)
    DMA1_Stream4_IRQHandler                  0x0800023b   Thumb Code     0  startup_stm32f207xx.o(.text)
    DMA1_Stream5_IRQHandler                  0x0800023b   Thumb Code     0  startup_stm32f207xx.o(.text)
    DMA1_Stream6_IRQHandler                  0x0800023b   Thumb Code     0  startup_stm32f207xx.o(.text)
    DMA1_Stream7_IRQHandler                  0x0800023b   Thumb Code     0  startup_stm32f207xx.o(.text)
    DMA2_Stream0_IRQHandler                  0x0800023b   Thumb Code     0  startup_stm32f207xx.o(.text)
    DMA2_Stream1_IRQHandler                  0x0800023b   Thumb Code     0  startup_stm32f207xx.o(.text)
    DMA2_Stream2_IRQHandler                  0x0800023b   Thumb Code     0  startup_stm32f207xx.o(.text)
    DMA2_Stream3_IRQHandler                  0x0800023b   Thumb Code     0  startup_stm32f207xx.o(.text)
    DMA2_Stream4_IRQHandler                  0x0800023b   Thumb Code     0  startup_stm32f207xx.o(.text)
    DMA2_Stream5_IRQHandler                  0x0800023b   Thumb Code     0  startup_stm32f207xx.o(.text)
    DMA2_Stream6_IRQHandler                  0x0800023b   Thumb Code     0  startup_stm32f207xx.o(.text)
    DMA2_Stream7_IRQHandler                  0x0800023b   Thumb Code     0  startup_stm32f207xx.o(.text)
    ETH_IRQHandler                           0x0800023b   Thumb Code     0  startup_stm32f207xx.o(.text)
    ETH_WKUP_IRQHandler                      0x0800023b   Thumb Code     0  startup_stm32f207xx.o(.text)
    EXTI0_IRQHandler                         0x0800023b   Thumb Code     0  startup_stm32f207xx.o(.text)
    EXTI15_10_IRQHandler                     0x0800023b   Thumb Code     0  startup_stm32f207xx.o(.text)
    EXTI1_IRQHandler                         0x0800023b   Thumb Code     0  startup_stm32f207xx.o(.text)
    EXTI2_IRQHandler                         0x0800023b   Thumb Code     0  startup_stm32f207xx.o(.text)
    EXTI3_IRQHandler                         0x0800023b   Thumb Code     0  startup_stm32f207xx.o(.text)
    EXTI4_IRQHandler                         0x0800023b   Thumb Code     0  startup_stm32f207xx.o(.text)
    EXTI9_5_IRQHandler                       0x0800023b   Thumb Code     0  startup_stm32f207xx.o(.text)
    FLASH_IRQHandler                         0x0800023b   Thumb Code     0  startup_stm32f207xx.o(.text)
    FSMC_IRQHandler                          0x0800023b   Thumb Code     0  startup_stm32f207xx.o(.text)
    HASH_RNG_IRQHandler                      0x0800023b   Thumb Code     0  startup_stm32f207xx.o(.text)
    I2C1_ER_IRQHandler                       0x0800023b   Thumb Code     0  startup_stm32f207xx.o(.text)
    I2C1_EV_IRQHandler                       0x0800023b   Thumb Code     0  startup_stm32f207xx.o(.text)
    I2C2_ER_IRQHandler                       0x0800023b   Thumb Code     0  startup_stm32f207xx.o(.text)
    I2C2_EV_IRQHandler                       0x0800023b   Thumb Code     0  startup_stm32f207xx.o(.text)
    I2C3_ER_IRQHandler                       0x0800023b   Thumb Code     0  startup_stm32f207xx.o(.text)
    I2C3_EV_IRQHandler                       0x0800023b   Thumb Code     0  startup_stm32f207xx.o(.text)
    OTG_FS_IRQHandler                        0x0800023b   Thumb Code     0  startup_stm32f207xx.o(.text)
    OTG_FS_WKUP_IRQHandler                   0x0800023b   Thumb Code     0  startup_stm32f207xx.o(.text)
    OTG_HS_EP1_IN_IRQHandler                 0x0800023b   Thumb Code     0  startup_stm32f207xx.o(.text)
    OTG_HS_EP1_OUT_IRQHandler                0x0800023b   Thumb Code     0  startup_stm32f207xx.o(.text)
    OTG_HS_IRQHandler                        0x0800023b   Thumb Code     0  startup_stm32f207xx.o(.text)
    OTG_HS_WKUP_IRQHandler                   0x0800023b   Thumb Code     0  startup_stm32f207xx.o(.text)
    PVD_IRQHandler                           0x0800023b   Thumb Code     0  startup_stm32f207xx.o(.text)
    RCC_IRQHandler                           0x0800023b   Thumb Code     0  startup_stm32f207xx.o(.text)
    RTC_Alarm_IRQHandler                     0x0800023b   Thumb Code     0  startup_stm32f207xx.o(.text)
    RTC_WKUP_IRQHandler                      0x0800023b   Thumb Code     0  startup_stm32f207xx.o(.text)
    SDIO_IRQHandler                          0x0800023b   Thumb Code     0  startup_stm32f207xx.o(.text)
    SPI1_IRQHandler                          0x0800023b   Thumb Code     0  startup_stm32f207xx.o(.text)
    SPI2_IRQHandler                          0x0800023b   Thumb Code     0  startup_stm32f207xx.o(.text)
    SPI3_IRQHandler                          0x0800023b   Thumb Code     0  startup_stm32f207xx.o(.text)
    TAMP_STAMP_IRQHandler                    0x0800023b   Thumb Code     0  startup_stm32f207xx.o(.text)
    TIM1_BRK_TIM9_IRQHandler                 0x0800023b   Thumb Code     0  startup_stm32f207xx.o(.text)
    TIM1_CC_IRQHandler                       0x0800023b   Thumb Code     0  startup_stm32f207xx.o(.text)
    TIM1_TRG_COM_TIM11_IRQHandler            0x0800023b   Thumb Code     0  startup_stm32f207xx.o(.text)
    TIM1_UP_TIM10_IRQHandler                 0x0800023b   Thumb Code     0  startup_stm32f207xx.o(.text)
    TIM2_IRQHandler                          0x0800023b   Thumb Code     0  startup_stm32f207xx.o(.text)
    TIM3_IRQHandler                          0x0800023b   Thumb Code     0  startup_stm32f207xx.o(.text)
    TIM4_IRQHandler                          0x0800023b   Thumb Code     0  startup_stm32f207xx.o(.text)
    TIM5_IRQHandler                          0x0800023b   Thumb Code     0  startup_stm32f207xx.o(.text)
    TIM6_DAC_IRQHandler                      0x0800023b   Thumb Code     0  startup_stm32f207xx.o(.text)
    TIM7_IRQHandler                          0x0800023b   Thumb Code     0  startup_stm32f207xx.o(.text)
    TIM8_BRK_TIM12_IRQHandler                0x0800023b   Thumb Code     0  startup_stm32f207xx.o(.text)
    TIM8_CC_IRQHandler                       0x0800023b   Thumb Code     0  startup_stm32f207xx.o(.text)
    TIM8_TRG_COM_TIM14_IRQHandler            0x0800023b   Thumb Code     0  startup_stm32f207xx.o(.text)
    TIM8_UP_TIM13_IRQHandler                 0x0800023b   Thumb Code     0  startup_stm32f207xx.o(.text)
    UART4_IRQHandler                         0x0800023b   Thumb Code     0  startup_stm32f207xx.o(.text)
    UART5_IRQHandler                         0x0800023b   Thumb Code     0  startup_stm32f207xx.o(.text)
    USART1_IRQHandler                        0x0800023b   Thumb Code     0  startup_stm32f207xx.o(.text)
    USART2_IRQHandler                        0x0800023b   Thumb Code     0  startup_stm32f207xx.o(.text)
    USART3_IRQHandler                        0x0800023b   Thumb Code     0  startup_stm32f207xx.o(.text)
    USART6_IRQHandler                        0x0800023b   Thumb Code     0  startup_stm32f207xx.o(.text)
    WWDG_IRQHandler                          0x0800023b   Thumb Code     0  startup_stm32f207xx.o(.text)
    __user_initial_stackheap                 0x0800023d   Thumb Code     0  startup_stm32f207xx.o(.text)
    __use_two_region_memory                  0x08000261   Thumb Code     2  heapauxi.o(.text)
    __rt_heap_escrow$2region                 0x08000263   Thumb Code     2  heapauxi.o(.text)
    __rt_heap_expand$2region                 0x08000265   Thumb Code     2  heapauxi.o(.text)
    __user_setup_stackheap                   0x08000267   Thumb Code    74  sys_stackheap_outer.o(.text)
    exit                                     0x080002b1   Thumb Code    18  exit.o(.text)
    __user_libspace                          0x080002c5   Thumb Code     8  libspace.o(.text)
    __user_perproc_libspace                  0x080002c5   Thumb Code     0  libspace.o(.text)
    __user_perthread_libspace                0x080002c5   Thumb Code     0  libspace.o(.text)
    _sys_exit                                0x080002cd   Thumb Code     8  sys_exit.o(.text)
    __I$use$semihosting                      0x080002d9   Thumb Code     0  use_no_semi.o(.text)
    __use_no_semihosting_swi                 0x080002d9   Thumb Code     2  use_no_semi.o(.text)
    __semihosting_library_function           0x080002db   Thumb Code     0  indicate_semi.o(.text)
    FSMC_NORSRAM_Extended_Timing_Init        0x080002dd   Thumb Code    66  stm32f2xx_ll_fsmc.o(i.FSMC_NORSRAM_Extended_Timing_Init)
    FSMC_NORSRAM_Init                        0x08000325   Thumb Code    84  stm32f2xx_ll_fsmc.o(i.FSMC_NORSRAM_Init)
    FSMC_NORSRAM_Timing_Init                 0x0800037d   Thumb Code    68  stm32f2xx_ll_fsmc.o(i.FSMC_NORSRAM_Timing_Init)
    GLCD_ClearScreen                         0x080003c1   Thumb Code    54  glcd_mcbstm32f200.o(i.GLCD_ClearScreen)
    GLCD_DrawChar                            0x080003fd   Thumb Code   194  glcd_mcbstm32f200.o(i.GLCD_DrawChar)
    GLCD_DrawHLine                           0x080004cd   Thumb Code    54  glcd_mcbstm32f200.o(i.GLCD_DrawHLine)
    GLCD_DrawRectangle                       0x08000509   Thumb Code    58  glcd_mcbstm32f200.o(i.GLCD_DrawRectangle)
    GLCD_DrawVLine                           0x08000545   Thumb Code    54  glcd_mcbstm32f200.o(i.GLCD_DrawVLine)
    GLCD_Initialize                          0x08000581   Thumb Code  1838  glcd_mcbstm32f200.o(i.GLCD_Initialize)
    GLCD_SetBackgroundColor                  0x08000cb5   Thumb Code    10  glcd_mcbstm32f200.o(i.GLCD_SetBackgroundColor)
    GLCD_SetFont                             0x08000cc5   Thumb Code    10  glcd_mcbstm32f200.o(i.GLCD_SetFont)
    GLCD_SetForegroundColor                  0x08000cd5   Thumb Code    10  glcd_mcbstm32f200.o(i.GLCD_SetForegroundColor)
    HAL_Delay                                0x08000d91   Thumb Code    30  stm32f2xx_hal.o(i.HAL_Delay)
    HAL_GPIO_Init                            0x08000db1   Thumb Code   476  stm32f2xx_hal_gpio.o(i.HAL_GPIO_Init)
    HAL_GPIO_WritePin                        0x08000fbd   Thumb Code    12  stm32f2xx_hal_gpio.o(i.HAL_GPIO_WritePin)
    HAL_GetTick                              0x08000fc9   Thumb Code     6  stm32f2xx_hal.o(i.HAL_GetTick)
    HAL_IncTick                              0x08000fd5   Thumb Code    12  stm32f2xx_hal.o(i.HAL_IncTick)
    HAL_Init                                 0x08000fe5   Thumb Code    54  stm32f2xx_hal.o(i.HAL_Init)
    HAL_InitTick                             0x08001021   Thumb Code    36  stm32f2xx_hal.o(i.HAL_InitTick)
    HAL_MspInit                              0x08001049   Thumb Code     2  stm32f2xx_hal.o(i.HAL_MspInit)
    HAL_NVIC_SetPriority                     0x0800104b   Thumb Code   124  stm32f2xx_hal_cortex.o(i.HAL_NVIC_SetPriority)
    HAL_NVIC_SetPriorityGrouping             0x080010c9   Thumb Code    32  stm32f2xx_hal_cortex.o(i.HAL_NVIC_SetPriorityGrouping)
    HAL_SRAM_Init                            0x080010f1   Thumb Code    88  stm32f2xx_hal_sram.o(i.HAL_SRAM_Init)
    HAL_SRAM_MspInit                         0x08001149   Thumb Code     2  stm32f2xx_hal_sram.o(i.HAL_SRAM_MspInit)
    HAL_SYSTICK_Config                       0x0800114b   Thumb Code    52  stm32f2xx_hal_cortex.o(i.HAL_SYSTICK_Config)
    I2C_Addr                                 0x08001181   Thumb Code    22  i2c_stm32f2xx.o(i.I2C_Addr)
    I2C_Init                                 0x0800119d   Thumb Code   218  i2c_stm32f2xx.o(i.I2C_Init)
    I2C_RdData                               0x08001285   Thumb Code   196  i2c_stm32f2xx.o(i.I2C_RdData)
    I2C_Read                                 0x08001349   Thumb Code    58  i2c_stm32f2xx.o(i.I2C_Read)
    I2C_Recovery                             0x08001389   Thumb Code   158  i2c_stm32f2xx.o(i.I2C_Recovery)
    I2C_Start                                0x08001431   Thumb Code    22  i2c_stm32f2xx.o(i.I2C_Start)
    I2C_Stop                                 0x0800144d   Thumb Code    24  i2c_stm32f2xx.o(i.I2C_Stop)
    I2C_WrData                               0x08001469   Thumb Code   158  i2c_stm32f2xx.o(i.I2C_WrData)
    I2C_Write                                0x08001509   Thumb Code    16  i2c_stm32f2xx.o(i.I2C_Write)
    JOY_GetKeys                              0x08001557   Thumb Code    98  joy.o(i.JOY_GetKeys)
    JOY_Init                                 0x080015b9   Thumb Code    80  joy.o(i.JOY_Init)
    LED                                      0x0800160d   Thumb Code    46  lab 5.o(i.LED)
    LED_Initialize                           0x08001645   Thumb Code   178  led_mcbstm32f200.o(i.LED_Initialize)
    LED_Off                                  0x08001709   Thumb Code    40  led_mcbstm32f200.o(i.LED_Off)
    LED_On                                   0x08001735   Thumb Code    40  led_mcbstm32f200.o(i.LED_On)
    LED_SetOut                               0x08001761   Thumb Code    40  led_mcbstm32f200.o(i.LED_SetOut)
    SER_Init                                 0x08001789   Thumb Code   164  serial.o(i.SER_Init)
    SysTick_Handler                          0x08001891   Thumb Code    12  lab 5.o(i.SysTick_Handler)
    SystemCoreClockUpdate                    0x0800189d   Thumb Code   170  system_stm32f2xx.o(i.SystemCoreClockUpdate)
    SystemInit                               0x0800195d   Thumb Code    68  system_stm32f2xx.o(i.SystemInit)
    clearHighlight                           0x08001a41   Thumb Code    46  lab 5.o(i.clearHighlight)
    draw                                     0x08001a6f   Thumb Code    72  lab 5.o(i.draw)
    getAbsoluteXpos                          0x08001ab9   Thumb Code    16  lab 5.o(i.getAbsoluteXpos)
    getAbsoluteYpos                          0x08001ad1   Thumb Code    16  lab 5.o(i.getAbsoluteYpos)
    getChar                                  0x08001ae9   Thumb Code    16  lab 5.o(i.getChar)
    highlightText                            0x08001b01   Thumb Code    42  lab 5.o(i.highlightText)
    inColBounds                              0x08001b35   Thumb Code    14  lab 5.o(i.inColBounds)
    inRowBounds                              0x08001b43   Thumb Code    14  lab 5.o(i.inRowBounds)
    io_dir                                   0x08001b51   Thumb Code    90  i2c_stm32f2xx.o(i.io_dir)
    io_pin                                   0x08001bb1   Thumb Code    70  i2c_stm32f2xx.o(i.io_pin)
    io_state                                 0x08001bfd   Thumb Code    28  i2c_stm32f2xx.o(i.io_state)
    main                                     0x08001c1d   Thumb Code    64  lab 5.o(i.main)
    sampleJoystick                           0x08001c61   Thumb Code   196  lab 5.o(i.sampleJoystick)
    setup                                    0x08001d31   Thumb Code   104  lab 5.o(i.setup)
    GLCD_Font_6x8                            0x0800365c   Data          16  glcd_fonts.o(.constdata)
    GLCD_Font_16x24                          0x0800366c   Data          16  glcd_fonts.o(.constdata)
    AHBPrescTable                            0x080036bc   Data          16  system_stm32f2xx.o(.constdata)
    APBPrescTable                            0x080036cc   Data           8  system_stm32f2xx.o(.constdata)
    Region$$Table$$Base                      0x080036d4   Number         0  anon$$obj.o(Region$$Table)
    Region$$Table$$Limit                     0x080036f4   Number         0  anon$$obj.o(Region$$Table)
    fw                                       0x20000000   Data           4  lab 5.o(.data)
    fh                                       0x20000004   Data           4  lab 5.o(.data)
    dx                                       0x20000008   Data           4  lab 5.o(.data)
    dy                                       0x2000000c   Data           4  lab 5.o(.data)
    relX                                     0x20000010   Data           4  lab 5.o(.data)
    relY                                     0x20000014   Data           4  lab 5.o(.data)
    ready                                    0x20000018   Data           1  lab 5.o(.data)
    uwTick                                   0x20000028   Data           4  stm32f2xx_hal.o(.data)
    SystemCoreClock                          0x2000002c   Data           4  system_stm32f2xx.o(.data)
    __libspace_start                         0x20000074   Data          96  libspace.o(.bss)
    __temporary_stack_top$libspace           0x200000d4   Data           0  libspace.o(.bss)



==============================================================================

Memory Map of the image

  Image Entry point : 0x08000221

  Load Region LR_1 (Base: 0x08000000, Size: 0x00003724, Max: 0xffffffff, ABSOLUTE)

    Execution Region ER_RO (Exec base: 0x08000000, Load base: 0x08000000, Size: 0x000036f4, Max: 0xffffffff, ABSOLUTE)

    Exec Addr    Load Addr    Size         Type   Attr      Idx    E Section Name        Object

    0x08000000   0x08000000   0x00000184   Data   RO         1614    RESET               startup_stm32f207xx.o
    0x08000184   0x08000184   0x00000008   Code   RO         1662  * !!!main             c_w.l(__main.o)
    0x0800018c   0x0800018c   0x00000034   Code   RO         1829    !!!scatter          c_w.l(__scatter.o)
    0x080001c0   0x080001c0   0x0000001a   Code   RO         1831    !!handler_copy      c_w.l(__scatter_copy.o)
    0x080001da   0x080001da   0x00000002   PAD
    0x080001dc   0x080001dc   0x0000001c   Code   RO         1833    !!handler_zi        c_w.l(__scatter_zi.o)
    0x080001f8   0x080001f8   0x00000002   Code   RO         1699    .ARM.Collect$$libinit$$00000000  c_w.l(libinit.o)
    0x080001fa   0x080001fa   0x00000000   Code   RO         1712    .ARM.Collect$$libinit$$00000002  c_w.l(libinit2.o)
    0x080001fa   0x080001fa   0x00000000   Code   RO         1714    .ARM.Collect$$libinit$$00000004  c_w.l(libinit2.o)
    0x080001fa   0x080001fa   0x00000000   Code   RO         1717    .ARM.Collect$$libinit$$0000000A  c_w.l(libinit2.o)
    0x080001fa   0x080001fa   0x00000000   Code   RO         1719    .ARM.Collect$$libinit$$0000000C  c_w.l(libinit2.o)
    0x080001fa   0x080001fa   0x00000000   Code   RO         1721    .ARM.Collect$$libinit$$0000000E  c_w.l(libinit2.o)
    0x080001fa   0x080001fa   0x00000000   Code   RO         1724    .ARM.Collect$$libinit$$00000011  c_w.l(libinit2.o)
    0x080001fa   0x080001fa   0x00000000   Code   RO         1726    .ARM.Collect$$libinit$$00000013  c_w.l(libinit2.o)
    0x080001fa   0x080001fa   0x00000000   Code   RO         1728    .ARM.Collect$$libinit$$00000015  c_w.l(libinit2.o)
    0x080001fa   0x080001fa   0x00000000   Code   RO         1730    .ARM.Collect$$libinit$$00000017  c_w.l(libinit2.o)
    0x080001fa   0x080001fa   0x00000000   Code   RO         1732    .ARM.Collect$$libinit$$00000019  c_w.l(libinit2.o)
    0x080001fa   0x080001fa   0x00000000   Code   RO         1734    .ARM.Collect$$libinit$$0000001B  c_w.l(libinit2.o)
    0x080001fa   0x080001fa   0x00000000   Code   RO         1736    .ARM.Collect$$libinit$$0000001D  c_w.l(libinit2.o)
    0x080001fa   0x080001fa   0x00000000   Code   RO         1738    .ARM.Collect$$libinit$$0000001F  c_w.l(libinit2.o)
    0x080001fa   0x080001fa   0x00000000   Code   RO         1740    .ARM.Collect$$libinit$$00000021  c_w.l(libinit2.o)
    0x080001fa   0x080001fa   0x00000000   Code   RO         1742    .ARM.Collect$$libinit$$00000023  c_w.l(libinit2.o)
    0x080001fa   0x080001fa   0x00000000   Code   RO         1744    .ARM.Collect$$libinit$$00000025  c_w.l(libinit2.o)
    0x080001fa   0x080001fa   0x00000000   Code   RO         1748    .ARM.Collect$$libinit$$0000002C  c_w.l(libinit2.o)
    0x080001fa   0x080001fa   0x00000000   Code   RO         1750    .ARM.Collect$$libinit$$0000002E  c_w.l(libinit2.o)
    0x080001fa   0x080001fa   0x00000000   Code   RO         1752    .ARM.Collect$$libinit$$00000030  c_w.l(libinit2.o)
    0x080001fa   0x080001fa   0x00000000   Code   RO         1754    .ARM.Collect$$libinit$$00000032  c_w.l(libinit2.o)
    0x080001fa   0x080001fa   0x00000002   Code   RO         1755    .ARM.Collect$$libinit$$00000033  c_w.l(libinit2.o)
    0x080001fc   0x080001fc   0x00000002   Code   RO         1786    .ARM.Collect$$libshutdown$$00000000  c_w.l(libshutdown.o)
    0x080001fe   0x080001fe   0x00000000   Code   RO         1812    .ARM.Collect$$libshutdown$$00000002  c_w.l(libshutdown2.o)
    0x080001fe   0x080001fe   0x00000000   Code   RO         1814    .ARM.Collect$$libshutdown$$00000004  c_w.l(libshutdown2.o)
    0x080001fe   0x080001fe   0x00000000   Code   RO         1817    .ARM.Collect$$libshutdown$$00000007  c_w.l(libshutdown2.o)
    0x080001fe   0x080001fe   0x00000000   Code   RO         1820    .ARM.Collect$$libshutdown$$0000000A  c_w.l(libshutdown2.o)
    0x080001fe   0x080001fe   0x00000000   Code   RO         1822    .ARM.Collect$$libshutdown$$0000000C  c_w.l(libshutdown2.o)
    0x080001fe   0x080001fe   0x00000000   Code   RO         1825    .ARM.Collect$$libshutdown$$0000000F  c_w.l(libshutdown2.o)
    0x080001fe   0x080001fe   0x00000002   Code   RO         1826    .ARM.Collect$$libshutdown$$00000010  c_w.l(libshutdown2.o)
    0x08000200   0x08000200   0x00000000   Code   RO         1664    .ARM.Collect$$rtentry$$00000000  c_w.l(__rtentry.o)
    0x08000200   0x08000200   0x00000000   Code   RO         1670    .ARM.Collect$$rtentry$$00000002  c_w.l(__rtentry2.o)
    0x08000200   0x08000200   0x00000006   Code   RO         1682    .ARM.Collect$$rtentry$$00000004  c_w.l(__rtentry4.o)
    0x08000206   0x08000206   0x00000000   Code   RO         1672    .ARM.Collect$$rtentry$$00000009  c_w.l(__rtentry2.o)
    0x08000206   0x08000206   0x00000004   Code   RO         1673    .ARM.Collect$$rtentry$$0000000A  c_w.l(__rtentry2.o)
    0x0800020a   0x0800020a   0x00000000   Code   RO         1675    .ARM.Collect$$rtentry$$0000000C  c_w.l(__rtentry2.o)
    0x0800020a   0x0800020a   0x00000008   Code   RO         1676    .ARM.Collect$$rtentry$$0000000D  c_w.l(__rtentry2.o)
    0x08000212   0x08000212   0x00000002   Code   RO         1703    .ARM.Collect$$rtexit$$00000000  c_w.l(rtexit.o)
    0x08000214   0x08000214   0x00000000   Code   RO         1759    .ARM.Collect$$rtexit$$00000002  c_w.l(rtexit2.o)
    0x08000214   0x08000214   0x00000004   Code   RO         1760    .ARM.Collect$$rtexit$$00000003  c_w.l(rtexit2.o)
    0x08000218   0x08000218   0x00000006   Code   RO         1761    .ARM.Collect$$rtexit$$00000004  c_w.l(rtexit2.o)
    0x0800021e   0x0800021e   0x00000002   PAD
    0x08000220   0x08000220   0x00000040   Code   RO         1615  * .text               startup_stm32f207xx.o
    0x08000260   0x08000260   0x00000006   Code   RO         1660    .text               c_w.l(heapauxi.o)
    0x08000266   0x08000266   0x0000004a   Code   RO         1686    .text               c_w.l(sys_stackheap_outer.o)
    0x080002b0   0x080002b0   0x00000012   Code   RO         1688    .text               c_w.l(exit.o)
    0x080002c2   0x080002c2   0x00000002   PAD
    0x080002c4   0x080002c4   0x00000008   Code   RO         1700    .text               c_w.l(libspace.o)
    0x080002cc   0x080002cc   0x0000000c   Code   RO         1756    .text               c_w.l(sys_exit.o)
    0x080002d8   0x080002d8   0x00000002   Code   RO         1775    .text               c_w.l(use_no_semi.o)
    0x080002da   0x080002da   0x00000000   Code   RO         1777    .text               c_w.l(indicate_semi.o)
    0x080002da   0x080002da   0x00000002   PAD
    0x080002dc   0x080002dc   0x00000048   Code   RO         1493    i.FSMC_NORSRAM_Extended_Timing_Init  stm32f2xx_ll_fsmc.o
    0x08000324   0x08000324   0x00000058   Code   RO         1494    i.FSMC_NORSRAM_Init  stm32f2xx_ll_fsmc.o
    0x0800037c   0x0800037c   0x00000044   Code   RO         1495    i.FSMC_NORSRAM_Timing_Init  stm32f2xx_ll_fsmc.o
    0x080003c0   0x080003c0   0x0000003c   Code   RO          483    i.GLCD_ClearScreen  glcd_mcbstm32f200.o
    0x080003fc   0x080003fc   0x000000d0   Code   RO          486    i.GLCD_DrawChar     glcd_mcbstm32f200.o
    0x080004cc   0x080004cc   0x0000003c   Code   RO          487    i.GLCD_DrawHLine    glcd_mcbstm32f200.o
    0x08000508   0x08000508   0x0000003a   Code   RO          489    i.GLCD_DrawRectangle  glcd_mcbstm32f200.o
    0x08000542   0x08000542   0x00000002   PAD
    0x08000544   0x08000544   0x0000003c   Code   RO          491    i.GLCD_DrawVLine    glcd_mcbstm32f200.o
    0x08000580   0x08000580   0x00000734   Code   RO          494    i.GLCD_Initialize   glcd_mcbstm32f200.o
    0x08000cb4   0x08000cb4   0x00000010   Code   RO          495    i.GLCD_SetBackgroundColor  glcd_mcbstm32f200.o
    0x08000cc4   0x08000cc4   0x00000010   Code   RO          496    i.GLCD_SetFont      glcd_mcbstm32f200.o
    0x08000cd4   0x08000cd4   0x00000010   Code   RO          497    i.GLCD_SetForegroundColor  glcd_mcbstm32f200.o
    0x08000ce4   0x08000ce4   0x000000ac   Code   RO          498    i.GLCD_SetWindow    glcd_mcbstm32f200.o
    0x08000d90   0x08000d90   0x0000001e   Code   RO          702    i.HAL_Delay         stm32f2xx_hal.o
    0x08000dae   0x08000dae   0x00000002   PAD
    0x08000db0   0x08000db0   0x0000020c   Code   RO         1154    i.HAL_GPIO_Init     stm32f2xx_hal_gpio.o
    0x08000fbc   0x08000fbc   0x0000000c   Code   RO         1158    i.HAL_GPIO_WritePin  stm32f2xx_hal_gpio.o
    0x08000fc8   0x08000fc8   0x0000000c   Code   RO          708    i.HAL_GetTick       stm32f2xx_hal.o
    0x08000fd4   0x08000fd4   0x00000010   Code   RO          710    i.HAL_IncTick       stm32f2xx_hal.o
    0x08000fe4   0x08000fe4   0x0000003c   Code   RO          711    i.HAL_Init          stm32f2xx_hal.o
    0x08001020   0x08001020   0x00000028   Code   RO          712    i.HAL_InitTick      stm32f2xx_hal.o
    0x08001048   0x08001048   0x00000002   Code   RO          714    i.HAL_MspInit       stm32f2xx_hal.o
    0x0800104a   0x0800104a   0x0000007c   Code   RO          863    i.HAL_NVIC_SetPriority  stm32f2xx_hal_cortex.o
    0x080010c6   0x080010c6   0x00000002   PAD
    0x080010c8   0x080010c8   0x00000028   Code   RO          864    i.HAL_NVIC_SetPriorityGrouping  stm32f2xx_hal_cortex.o
    0x080010f0   0x080010f0   0x00000058   Code   RO         1365    i.HAL_SRAM_Init     stm32f2xx_hal_sram.o
    0x08001148   0x08001148   0x00000002   Code   RO         1367    i.HAL_SRAM_MspInit  stm32f2xx_hal_sram.o
    0x0800114a   0x0800114a   0x00000034   Code   RO          868    i.HAL_SYSTICK_Config  stm32f2xx_hal_cortex.o
    0x0800117e   0x0800117e   0x00000002   PAD
    0x08001180   0x08001180   0x0000001c   Code   RO            4    i.I2C_Addr          i2c_stm32f2xx.o
    0x0800119c   0x0800119c   0x000000e8   Code   RO            5    i.I2C_Init          i2c_stm32f2xx.o
    0x08001284   0x08001284   0x000000c4   Code   RO            7    i.I2C_RdData        i2c_stm32f2xx.o
    0x08001348   0x08001348   0x00000040   Code   RO            8    i.I2C_Read          i2c_stm32f2xx.o
    0x08001388   0x08001388   0x000000a8   Code   RO            9    i.I2C_Recovery      i2c_stm32f2xx.o
    0x08001430   0x08001430   0x0000001c   Code   RO           10    i.I2C_Start         i2c_stm32f2xx.o
    0x0800144c   0x0800144c   0x0000001c   Code   RO           11    i.I2C_Stop          i2c_stm32f2xx.o
    0x08001468   0x08001468   0x0000009e   Code   RO           13    i.I2C_WrData        i2c_stm32f2xx.o
    0x08001506   0x08001506   0x00000002   PAD
    0x08001508   0x08001508   0x00000014   Code   RO           14    i.I2C_Write         i2c_stm32f2xx.o
    0x0800151c   0x0800151c   0x00000014   Code   RO           15    i.I2C_sr            i2c_stm32f2xx.o
    0x08001530   0x08001530   0x00000014   Code   RO          161    i.IOE_Read          joy.o
    0x08001544   0x08001544   0x00000012   Code   RO          162    i.IOE_Write         joy.o
    0x08001556   0x08001556   0x00000062   Code   RO          163    i.JOY_GetKeys       joy.o
    0x080015b8   0x080015b8   0x00000054   Code   RO          164    i.JOY_Init          joy.o
    0x0800160c   0x0800160c   0x00000038   Code   RO          210    i.LED               lab 5.o
    0x08001644   0x08001644   0x000000c4   Code   RO          636    i.LED_Initialize    led_mcbstm32f200.o
    0x08001708   0x08001708   0x0000002c   Code   RO          637    i.LED_Off           led_mcbstm32f200.o
    0x08001734   0x08001734   0x0000002c   Code   RO          638    i.LED_On            led_mcbstm32f200.o
    0x08001760   0x08001760   0x00000028   Code   RO          639    i.LED_SetOut        led_mcbstm32f200.o
    0x08001788   0x08001788   0x000000b4   Code   RO          390    i.SER_Init          serial.o
    0x0800183c   0x0800183c   0x00000054   Code   RO          211    i.SysTick_Config    lab 5.o
    0x08001890   0x08001890   0x0000000c   Code   RO          212    i.SysTick_Handler   lab 5.o
    0x0800189c   0x0800189c   0x000000c0   Code   RO         1622    i.SystemCoreClockUpdate  system_stm32f2xx.o
    0x0800195c   0x0800195c   0x00000054   Code   RO         1623    i.SystemInit        system_stm32f2xx.o
    0x080019b0   0x080019b0   0x00000010   Code   RO           16    i.Wait              i2c_stm32f2xx.o
    0x080019c0   0x080019c0   0x00000024   Code   RO           17    i.WaitFlagClr       i2c_stm32f2xx.o
    0x080019e4   0x080019e4   0x00000024   Code   RO           18    i.WaitFlagSet       i2c_stm32f2xx.o
    0x08001a08   0x08001a08   0x00000010   Code   RO          870    i.__NVIC_GetPriorityGrouping  stm32f2xx_hal_cortex.o
    0x08001a18   0x08001a18   0x00000028   Code   RO          871    i.__NVIC_SetPriority  stm32f2xx_hal_cortex.o
    0x08001a40   0x08001a40   0x0000002e   Code   RO          213    i.clearHighlight    lab 5.o
    0x08001a6e   0x08001a6e   0x00000048   Code   RO          214    i.draw              lab 5.o
    0x08001ab6   0x08001ab6   0x00000002   PAD
    0x08001ab8   0x08001ab8   0x00000018   Code   RO          215    i.getAbsoluteXpos   lab 5.o
    0x08001ad0   0x08001ad0   0x00000018   Code   RO          216    i.getAbsoluteYpos   lab 5.o
    0x08001ae8   0x08001ae8   0x00000018   Code   RO          217    i.getChar           lab 5.o
    0x08001b00   0x08001b00   0x00000034   Code   RO          218    i.highlightText     lab 5.o
    0x08001b34   0x08001b34   0x0000000e   Code   RO          219    i.inColBounds       lab 5.o
    0x08001b42   0x08001b42   0x0000000e   Code   RO          220    i.inRowBounds       lab 5.o
    0x08001b50   0x08001b50   0x00000060   Code   RO           19    i.io_dir            i2c_stm32f2xx.o
    0x08001bb0   0x08001bb0   0x0000004c   Code   RO           20    i.io_pin            i2c_stm32f2xx.o
    0x08001bfc   0x08001bfc   0x00000020   Code   RO           21    i.io_state          i2c_stm32f2xx.o
    0x08001c1c   0x08001c1c   0x00000044   Code   RO          221    i.main              lab 5.o
    0x08001c60   0x08001c60   0x000000d0   Code   RO          222    i.sampleJoystick    lab 5.o
    0x08001d30   0x08001d30   0x00000080   Code   RO          223    i.setup             lab 5.o
    0x08001db0   0x08001db0   0x00000008   Code   RO          501    i.wr_cmd            glcd_mcbstm32f200.o
    0x08001db8   0x08001db8   0x00000008   Code   RO          502    i.wr_dat            glcd_mcbstm32f200.o
    0x08001dc0   0x08001dc0   0x00000008   Code   RO          503    i.wr_dat_only       glcd_mcbstm32f200.o
    0x08001dc8   0x08001dc8   0x00000014   Code   RO          504    i.wr_reg            glcd_mcbstm32f200.o
    0x08001ddc   0x08001ddc   0x000018a0   Data   RO          471    .constdata          glcd_fonts.o
    0x0800367c   0x0800367c   0x00000040   Data   RO          641    .constdata          led_mcbstm32f200.o
    0x080036bc   0x080036bc   0x00000018   Data   RO         1624    .constdata          system_stm32f2xx.o
    0x080036d4   0x080036d4   0x00000020   Data   RO         1827    Region$$Table       anon$$obj.o


    Execution Region ER_RW (Exec base: 0x20000000, Load base: 0x080036f4, Size: 0x00000030, Max: 0xffffffff, ABSOLUTE)

    Exec Addr    Load Addr    Size         Type   Attr      Idx    E Section Name        Object

    0x20000000   0x080036f4   0x00000019   Data   RW          224    .data               lab 5.o
    0x20000019   0x0800370d   0x00000003   PAD
    0x2000001c   0x08003710   0x00000009   Data   RW          506    .data               glcd_mcbstm32f200.o
    0x20000025   0x08003719   0x00000003   PAD
    0x20000028   0x0800371c   0x00000004   Data   RW          717    .data               stm32f2xx_hal.o
    0x2000002c   0x08003720   0x00000004   Data   RW         1625    .data               system_stm32f2xx.o


    Execution Region ER_ZI (Exec base: 0x20000030, Load base: 0x08003724, Size: 0x000006a8, Max: 0xffffffff, ABSOLUTE)

    Exec Addr    Load Addr    Size         Type   Attr      Idx    E Section Name        Object

    0x20000030        -       0x00000044   Zero   RW          505    .bss                glcd_mcbstm32f200.o
    0x20000074        -       0x00000060   Zero   RW         1701    .bss                c_w.l(libspace.o)
    0x200000d4   0x08003724   0x00000004   PAD
    0x200000d8        -       0x00000200   Zero   RW         1613    HEAP                startup_stm32f207xx.o
    0x200002d8        -       0x00000400   Zero   RW         1612    STACK               startup_stm32f207xx.o


==============================================================================

Image component sizes


      Code (inc. data)   RO Data    RW Data    ZI Data      Debug   Object Name

         0          0       6304          0          0        896   glcd_fonts.o
      2554         96          0          9         68      12067   glcd_mcbstm32f200.o
      1234         98          0          0          0     545410   i2c_stm32f2xx.o
       220          4          0          0          0       2429   joy.o
       826         94          0         25          0      63347   lab 5.o
       324         26         64          0          0       3721   led_mcbstm32f200.o
       180         16          0          0          0        511   serial.o
        64         26        388          0       1536        828   startup_stm32f207xx.o
       160         20          0          4          0       4865   stm32f2xx_hal.o
       272         22          0          0          0      30598   stm32f2xx_hal_cortex.o
       536         48          0          0          0       2500   stm32f2xx_hal_gpio.o
        90          0          0          0          0       1947   stm32f2xx_hal_sram.o
       228         10          0          0          0       2895   stm32f2xx_ll_fsmc.o
       276         38         24          4          0       2119   system_stm32f2xx.o

    ----------------------------------------------------------------------
      6976        498       6812         48       1604     674133   Object Totals
         0          0         32          0          0          0   (incl. Generated)
        12          0          0          6          0          0   (incl. Padding)

    ----------------------------------------------------------------------

      Code (inc. data)   RO Data    RW Data    ZI Data      Debug   Library Member Name

         8          0          0          0          0         68   __main.o
         0          0          0          0          0          0   __rtentry.o
        12          0          0          0          0          0   __rtentry2.o
         6          0          0          0          0          0   __rtentry4.o
        52          8          0          0          0          0   __scatter.o
        26          0          0          0          0          0   __scatter_copy.o
        28          0          0          0          0          0   __scatter_zi.o
        18          0          0          0          0         80   exit.o
         6          0          0          0          0        152   heapauxi.o
         0          0          0          0          0          0   indicate_semi.o
         2          0          0          0          0          0   libinit.o
         2          0          0          0          0          0   libinit2.o
         2          0          0          0          0          0   libshutdown.o
         2          0          0          0          0          0   libshutdown2.o
         8          4          0          0         96         68   libspace.o
         2          0          0          0          0          0   rtexit.o
        10          0          0          0          0          0   rtexit2.o
        12          4          0          0          0         68   sys_exit.o
        74          0          0          0          0         80   sys_stackheap_outer.o
         2          0          0          0          0         68   use_no_semi.o

    ----------------------------------------------------------------------
       280         16          0          0        100        584   Library Totals
         8          0          0          0          4          0   (incl. Padding)

    ----------------------------------------------------------------------

      Code (inc. data)   RO Data    RW Data    ZI Data      Debug   Library Name

       272         16          0          0         96        584   c_w.l

    ----------------------------------------------------------------------
       280         16          0          0        100        584   Library Totals

    ----------------------------------------------------------------------

==============================================================================


      Code (inc. data)   RO Data    RW Data    ZI Data      Debug   

      7256        514       6812         48       1704     670917   Grand Totals
      7256        514       6812         48       1704     670917   ELF Image Totals
      7256        514       6812         48          0          0   ROM Totals

==============================================================================

    Total RO  Size (Code + RO Data)                14068 (  13.74kB)
    Total RW  Size (RW Data + ZI Data)              1752 (   1.71kB)
    Total ROM Size (Code + RO Data + RW Data)      14116 (  13.79kB)

==============================================================================

