<html>
<body>
<pre>
<h1>µVision Build Log</h1>
<h2>Tool Versions:</h2>
IDE-Version: µVision V5.26.2.0
Copyright (C) 2018 ARM Ltd and ARM Germany GmbH. All rights reserved.
License Information: none none, None, LIC=----
 
Tool Versions:
Toolchain:       MDK-Lite  Version: 5.26.2.0
Toolchain Path:  C:\Keil_v5\ARM\ARMCC\Bin
C Compiler:      Armcc.exe V5.06 update 6 (build 750)
Assembler:       Armasm.exe V5.06 update 6 (build 750)
Linker/Locator:  ArmLink.exe V5.06 update 6 (build 750)
Library Manager: ArmAr.exe V5.06 update 6 (build 750)
Hex Converter:   FromElf.exe V5.06 update 6 (build 750)
CPU DLL:         SARMCM3.DLL V5.26.2.0
Dialog DLL:      DCM.DLL V1.17.2.0
Target DLL:      UL2CM3.DLL V1.161.6.0
Dialog DLL:      TCM.DLL V1.36.1.0
 
<h2>Project:</h2>
C:\Users\asakib\OneDrive - Florida Polytechnic University\Desktop\EmbeddedOS_FALL2019\Lab6\Lab6EOS\RTOS Clock\RTOS_clock.uvprojx
Project File Date:  11/23/2019

<h2>Output:</h2>
*** Using Compiler 'V5.06 update 6 (build 750)', folder: 'C:\Keil_v5\ARM\ARMCC\Bin'
Build target 'Target 1'
compiling displayTime.c...
compiling GLCD_Fonts.c...
compiling RTX_Config.c...
compiling Buttons_MCBSTM32F200.c...
compiling GLCD_MCBSTM32F200.c...
compiling main.c...
compiling stm32f2xx_hal.c...
compiling I2C_STM32F2xx.c...
compiling stm32f2xx_hal_cortex.c...
compiling stm32f2xx_hal_adc_ex.c...
compiling stm32f2xx_hal_adc.c...
compiling stm32f2xx_hal_dcmi.c...
compiling stm32f2xx_hal_dma.c...
compiling rtx_lib.c...
compiling stm32f2xx_hal_gpio.c...
compiling stm32f2xx_hal_rcc_ex.c...
compiling stm32f2xx_hal_dma_ex.c...
compiling stm32f2xx_hal_rcc.c...
compiling LED_MCBSTM32F200.c...
assembling startup_stm32f207xx.s...
compiling stm32f2xx_hal_i2c.c...
compiling stm32f2xx_hal_sram.c...
compiling system_stm32f2xx.c...
compiling stm32f2xx_ll_fsmc.c...
compiling stm32f2xx_hal_usart.c...
linking...
Program Size: Code=18716 RO-data=7088 RW-data=5432 ZI-data=1744  
".\Objects\RTOS_clock.axf" - 0 Error(s), 0 Warning(s).

<h2>Software Packages used:</h2>

Package Vendor: ARM
                http://www.keil.com/pack/ARM.CMSIS.5.4.0.pack
                ARM.CMSIS.5.4.0
                CMSIS (Cortex Microcontroller Software Interface Standard)
   * Component: I2C Version: 2.3.0
   * Component: RTOS2 Version: 2.1.3
   * Component: CORE Version: 5.1.2
   * Component: Keil RTX5 Variant: Library Version: 5.4.0

Package Vendor: Keil
                http://www.keil.com/pack/Keil.MDK-Middleware.7.7.0.pack
                Keil.MDK-Middleware.7.7.0
                Middleware for Keil MDK-Professional and MDK-Plus
   * Component: Buttons Version: 1.0.0
   * Component: Graphic LCD Version: 1.0.0
   * Component: LED Version: 1.0.0

Package Vendor: Keil
                http://www.keil.com/pack/Keil.STM32F2xx_DFP.2.7.0.pack
                Keil.STM32F2xx_DFP.2.7.0
                STMicroelectronics STM32F2 Series Device Support, Drivers and Examples
   * Component: STM32Cube Framework Version: 1.0.0
   * Component: Buttons Version: 2.0.0
   * Component: Graphic LCD Version: 2.0.0
   * Component: LED Version: 2.0.0
   * Component: I2C Version: 2.7
   * Component: Classic Version: 1.1.1
   * Component: ADC Version: 1.1.1
   * Component: Common Version: 1.1.1
   * Component: Cortex Version: 1.1.1
   * Component: DCMI Version: 1.1.1
   * Component: DMA Version: 1.1.1
   * Component: GPIO Version: 1.1.1
   * Component: I2C Version: 1.1.1
   * Component: RCC Version: 1.1.1
   * Component: SRAM Version: 1.1.1
   * Component: USART Version: 1.1.1
   * Component: Startup Version: 2.1.1

<h2>Collection of Component include folders:</h2>
  .\RTE\CMSIS
  .\RTE\Device\STM32F207IGHx
  .\RTE\_Target_1
  C:\Keil_v5\ARM\PACK\ARM\CMSIS\5.4.0\CMSIS\Core\Include
  C:\Keil_v5\ARM\PACK\ARM\CMSIS\5.4.0\CMSIS\Driver\Include
  C:\Keil_v5\ARM\PACK\ARM\CMSIS\5.4.0\CMSIS\RTOS2\Include
  C:\Keil_v5\ARM\PACK\ARM\CMSIS\5.4.0\CMSIS\RTOS2\RTX\Include
  C:\Keil_v5\ARM\PACK\Keil\MDK-Middleware\7.7.0\Board
  C:\Keil_v5\ARM\PACK\Keil\STM32F2xx_DFP\2.7.0\Drivers\CMSIS\Device\ST\STM32F2xx\Include
  C:\Keil_v5\ARM\PACK\Keil\STM32F2xx_DFP\2.7.0\Drivers\STM32F2xx_HAL_Driver\Inc
  C:\Keil_v5\ARM\PACK\Keil\STM32F2xx_DFP\2.7.0\MDK\Boards\Keil\MCBSTM32F200\Common

<h2>Collection of Component Files used:</h2>

   * Component: ::Board Support:Buttons:1.0.0 (API)
      Include file:  Board\Board_Buttons.h

   * Component: ::Board Support:Graphic LCD:1.0.0 (API)
      Include file:  Board\Board_GLCD.h

   * Component: ::Board Support:LED:1.0.0 (API)
      Include file:  Board\Board_LED.h

   * Component: ::CMSIS Driver:I2C:2.3.0 (API)
      Include file:  CMSIS\Driver\Include\Driver_I2C.h

   * Component: ::CMSIS:RTOS2:2.1.3 (API)
      Include file:  CMSIS\RTOS2\Include\cmsis_os2.h

   * Component: ::Device:STM32Cube Framework:1.0.0 (API)

   * Component: ARM::CMSIS:CORE:5.1.2

   * Component: ARM::CMSIS:RTOS2:Keil RTX5:Library:5.4.0
      Library file:  CMSIS\RTOS2\RTX\Library\ARM\RTX_CM3.lib
      Source file:   CMSIS\RTOS2\RTX\Template\MsgQueue.c
      Source file:   CMSIS\RTOS2\RTX\Template\Semaphore.c
      Source file:   CMSIS\RTOS2\RTX\Source\rtx_lib.c
      Source file:   CMSIS\RTOS2\RTX\Template\Mutex.c
      Include file:  CMSIS\RTOS2\RTX\Config\RTX_Config.h
      Source file:   CMSIS\RTOS2\RTX\Config\RTX_Config.c
      Include file:  CMSIS\RTOS2\RTX\Include\rtx_os.h
      Source file:   CMSIS\RTOS2\RTX\Template\MemPool.c
      Source file:   CMSIS\RTOS2\RTX\Template\Thread.c
      Source file:   CMSIS\RTOS2\RTX\Template\svc_user.c
      Source file:   CMSIS\RTOS2\RTX\Template\Events.c
      Source file:   CMSIS\RTOS2\RTX\Template\Timer.c
      Source file:   CMSIS\RTOS2\RTX\Template\main.c

   * Component: Keil.MCBSTM32F200::Board Support:Buttons:2.0.0
      Source file:   MDK\Boards\Keil\MCBSTM32F200\Common\Buttons_MCBSTM32F200.c

   * Component: Keil.MCBSTM32F200::Board Support:Graphic LCD:2.0.0
      Source file:   MDK\Boards\Keil\MCBSTM32F200\Common\GLCD_Fonts.c
      Include file:  MDK\Boards\Keil\MCBSTM32F200\Common\GLCD_Config.h
      Source file:   MDK\Boards\Keil\MCBSTM32F200\Common\GLCD_MCBSTM32F200.c

   * Component: Keil.MCBSTM32F200::Board Support:LED:2.0.0
      Source file:   MDK\Boards\Keil\MCBSTM32F200\Common\LED_MCBSTM32F200.c

   * Component: Keil::CMSIS Driver:I2C:2.7
      Source file:   CMSIS\Driver\I2C_STM32F2xx.c

   * Component: Keil::Device:STM32Cube Framework:Classic:1.1.1
      Include file:  CMSIS\Driver\Config\RTE_Device.h
      Include file:  MDK\Templates\Inc\stm32f2xx_hal_conf.h
      Include file:  MDK\Templates\Inc\main.h
      Source file:   MDK\Templates\Src\stm32f2xx_hal_msp.c
      Include file:  MDK\Templates\Inc\stm32f2xx_it.h
      Source file:   MDK\Templates\Src\stm32f2xx_it.c
      Source file:   MDK\Templates\Src\main.c

   * Component: Keil::Device:STM32Cube HAL:ADC:1.1.1
      Source file:   Drivers\STM32F2xx_HAL_Driver\Src\stm32f2xx_hal_adc.c
      Source file:   Drivers\STM32F2xx_HAL_Driver\Src\stm32f2xx_hal_adc_ex.c

   * Component: Keil::Device:STM32Cube HAL:Common:1.1.1
      Include file:  Drivers\STM32F2xx_HAL_Driver\Inc\stm32f2xx_hal.h
      Source file:   Drivers\STM32F2xx_HAL_Driver\Src\stm32f2xx_hal.c

   * Component: Keil::Device:STM32Cube HAL:Cortex:1.1.1
      Source file:   Drivers\STM32F2xx_HAL_Driver\Src\stm32f2xx_hal_cortex.c

   * Component: Keil::Device:STM32Cube HAL:DCMI:1.1.1
      Source file:   Drivers\STM32F2xx_HAL_Driver\Src\stm32f2xx_hal_dcmi.c

   * Component: Keil::Device:STM32Cube HAL:DMA:1.1.1
      Source file:   Drivers\STM32F2xx_HAL_Driver\Src\stm32f2xx_hal_dma.c
      Source file:   Drivers\STM32F2xx_HAL_Driver\Src\stm32f2xx_hal_dma_ex.c

   * Component: Keil::Device:STM32Cube HAL:GPIO:1.1.1
      Source file:   Drivers\STM32F2xx_HAL_Driver\Src\stm32f2xx_hal_gpio.c

   * Component: Keil::Device:STM32Cube HAL:I2C:1.1.1
      Source file:   Drivers\STM32F2xx_HAL_Driver\Src\stm32f2xx_hal_i2c.c

   * Component: Keil::Device:STM32Cube HAL:RCC:1.1.1
      Source file:   Drivers\STM32F2xx_HAL_Driver\Src\stm32f2xx_hal_rcc.c
      Source file:   Drivers\STM32F2xx_HAL_Driver\Src\stm32f2xx_hal_rcc_ex.c

   * Component: Keil::Device:STM32Cube HAL:SRAM:1.1.1
      Source file:   Drivers\STM32F2xx_HAL_Driver\Src\stm32f2xx_hal_sram.c
      Source file:   Drivers\STM32F2xx_HAL_Driver\Src\stm32f2xx_ll_fsmc.c

   * Component: Keil::Device:STM32Cube HAL:USART:1.1.1
      Source file:   Drivers\STM32F2xx_HAL_Driver\Src\stm32f2xx_hal_usart.c

   * Component: Keil::Device:Startup:2.1.1
      Source file:   MDK\Device\Source\ARM\STM32F2xx_OPT.s
      Source file:   MDK\Device\Source\ARM\STM32F2xx_OTP.s
      Include file:  Drivers\CMSIS\Device\ST\STM32F2xx\Include\stm32f2xx.h
      Source file:   Drivers\CMSIS\Device\ST\STM32F2xx\Source\Templates\arm\startup_stm32f207xx.s
      Source file:   Drivers\CMSIS\Device\ST\STM32F2xx\Source\Templates\system_stm32f2xx.c
Build Time Elapsed:  00:00:10
</pre>
</body>
</html>
