Component: ARM Compiler 5.06 update 6 (build 750) Tool: armlink [4d35ed]

==============================================================================

Section Cross References

    main.o(i.EXTI15_10_IRQHandler) refers to main.o(.data) for minute
    main.o(i.HAL_GetTick) refers to rtx_kernel.o(.text.osKernelGetTickCount) for osKernelGetTickCount
    main.o(i.app_hw_init) refers to glcd_mcbstm32f200.o(i.GLCD_Initialize) for GLCD_Initialize
    main.o(i.app_hw_init) refers to glcd_mcbstm32f200.o(i.GLCD_SetBackgroundColor) for GLCD_SetBackgroundColor
    main.o(i.app_hw_init) refers to glcd_mcbstm32f200.o(i.GLCD_SetForegroundColor) for GLCD_SetForegroundColor
    main.o(i.app_hw_init) refers to glcd_mcbstm32f200.o(i.GLCD_ClearScreen) for GLCD_ClearScreen
    main.o(i.app_hw_init) refers to glcd_mcbstm32f200.o(i.GLCD_SetFont) for GLCD_SetFont
    main.o(i.app_hw_init) refers to displaytime.o(i.Init_thdDisplayTime) for Init_thdDisplayTime
    main.o(i.app_hw_init) refers to rtx_thread.o(.text.osThreadSetPriority) for osThreadSetPriority
    main.o(i.app_hw_init) refers to rtx_thread.o(.text.osThreadExit) for osThreadExit
    main.o(i.app_hw_init) refers to glcd_fonts.o(.constdata) for GLCD_Font_16x24
    main.o(i.app_hw_init) refers to displaytime.o(.data) for tid_thdDisplayTime
    main.o(i.main) refers to system_stm32f2xx.o(i.SystemCoreClockUpdate) for SystemCoreClockUpdate
    main.o(i.main) refers to rtx_kernel.o(.text.osKernelInitialize) for osKernelInitialize
    main.o(i.main) refers to stm32f2xx_hal.o(i.HAL_Init) for HAL_Init
    main.o(i.main) refers to buttons_mcbstm32f200.o(i.Buttons_Initialize) for Buttons_Initialize
    main.o(i.main) refers to led_mcbstm32f200.o(i.LED_Initialize) for LED_Initialize
    main.o(i.main) refers to rtx_mutex.o(.text.osMutexNew) for osMutexNew
    main.o(i.main) refers to rtx_thread.o(.text.osThreadNew) for osThreadNew
    main.o(i.main) refers to rtx_kernel.o(.text.osKernelStart) for osKernelStart
    main.o(i.main) refers to main.o(.data) for mutHour
    main.o(i.main) refers to main.o(i.app_hw_init) for app_hw_init
    displaytime.o(i.Init_thdDisplayTime) refers to rtx_thread.o(.text.osThreadNew) for osThreadNew
    displaytime.o(i.Init_thdDisplayTime) refers to displaytime.o(i.thdDisplayTime) for thdDisplayTime
    displaytime.o(i.Init_thdDisplayTime) refers to displaytime.o(.data) for tid_thdDisplayTime
    displaytime.o(i.thdDisplayTime) refers to rtx_kernel.o(.text.osKernelGetTickFreq) for osKernelGetTickFreq
    displaytime.o(i.thdDisplayTime) refers to rtx_delay.o(.text.osDelay) for osDelay
    displaytime.o(i.thdDisplayTime) refers to rtx_mutex.o(.text.osMutexAcquire) for osMutexAcquire
    displaytime.o(i.thdDisplayTime) refers to rtx_mutex.o(.text.osMutexRelease) for osMutexRelease
    displaytime.o(i.thdDisplayTime) refers to glcd_mcbstm32f200.o(i.GLCD_DrawChar) for GLCD_DrawChar
    displaytime.o(i.thdDisplayTime) refers to main.o(.data) for mutSecond
    buttons_mcbstm32f200.o(i.Buttons_GetState) refers to stm32f2xx_hal_gpio.o(i.HAL_GPIO_ReadPin) for HAL_GPIO_ReadPin
    buttons_mcbstm32f200.o(i.Buttons_Initialize) refers to stm32f2xx_hal_gpio.o(i.HAL_GPIO_Init) for HAL_GPIO_Init
    buttons_mcbstm32f200.o(i.Buttons_Uninitialize) refers to stm32f2xx_hal_gpio.o(i.HAL_GPIO_DeInit) for HAL_GPIO_DeInit
    glcd_mcbstm32f200.o(i.GLCD_ClearScreen) refers to glcd_mcbstm32f200.o(i.GLCD_SetWindow) for GLCD_SetWindow
    glcd_mcbstm32f200.o(i.GLCD_ClearScreen) refers to glcd_mcbstm32f200.o(i.wr_cmd) for wr_cmd
    glcd_mcbstm32f200.o(i.GLCD_ClearScreen) refers to glcd_mcbstm32f200.o(i.wr_dat_only) for wr_dat_only
    glcd_mcbstm32f200.o(i.GLCD_ClearScreen) refers to glcd_mcbstm32f200.o(.data) for background_color
    glcd_mcbstm32f200.o(i.GLCD_DrawBargraph) refers to glcd_mcbstm32f200.o(i.GLCD_SetWindow) for GLCD_SetWindow
    glcd_mcbstm32f200.o(i.GLCD_DrawBargraph) refers to glcd_mcbstm32f200.o(i.wr_cmd) for wr_cmd
    glcd_mcbstm32f200.o(i.GLCD_DrawBargraph) refers to glcd_mcbstm32f200.o(i.wr_dat_only) for wr_dat_only
    glcd_mcbstm32f200.o(i.GLCD_DrawBargraph) refers to glcd_mcbstm32f200.o(.data) for background_color
    glcd_mcbstm32f200.o(i.GLCD_DrawBitmap) refers to glcd_mcbstm32f200.o(i.GLCD_SetWindow) for GLCD_SetWindow
    glcd_mcbstm32f200.o(i.GLCD_DrawBitmap) refers to glcd_mcbstm32f200.o(i.wr_cmd) for wr_cmd
    glcd_mcbstm32f200.o(i.GLCD_DrawBitmap) refers to glcd_mcbstm32f200.o(i.wr_dat_only) for wr_dat_only
    glcd_mcbstm32f200.o(i.GLCD_DrawChar) refers to glcd_mcbstm32f200.o(i.GLCD_SetWindow) for GLCD_SetWindow
    glcd_mcbstm32f200.o(i.GLCD_DrawChar) refers to glcd_mcbstm32f200.o(i.wr_cmd) for wr_cmd
    glcd_mcbstm32f200.o(i.GLCD_DrawChar) refers to glcd_mcbstm32f200.o(i.wr_dat_only) for wr_dat_only
    glcd_mcbstm32f200.o(i.GLCD_DrawChar) refers to glcd_mcbstm32f200.o(.data) for active_font
[...]
    [Anonymous Symbol]                       0x08001980   Section        0  rtx_mutex.o(.text.svcRtxMutexRelease)
    svcRtxMutexRelease                       0x08001981   Thumb Code   180  rtx_mutex.o(.text.svcRtxMutexRelease)
    __arm_cp.10_0                            0x08001a30   Number         4  rtx_mutex.o(.text.svcRtxMutexRelease)
    [Anonymous Symbol]                       0x08001a34   Section        0  rtx_thread.o(.text.svcRtxThreadExit)
    svcRtxThreadExit                         0x08001a35   Thumb Code   104  rtx_thread.o(.text.svcRtxThreadExit)
    __arm_cp.54_0                            0x08001a98   Number         4  rtx_thread.o(.text.svcRtxThreadExit)
    [Anonymous Symbol]                       0x08001a9c   Section        0  rtx_thread.o(.text.svcRtxThreadNew)
    svcRtxThreadNew                          0x08001a9d   Thumb Code   476  rtx_thread.o(.text.svcRtxThreadNew)
    __arm_cp.16_0                            0x08001c64   Number         4  rtx_thread.o(.text.svcRtxThreadNew)
    __arm_cp.16_1                            0x08001c68   Number         4  rtx_thread.o(.text.svcRtxThreadNew)
    __arm_cp.16_2                            0x08001c6c   Number         4  rtx_thread.o(.text.svcRtxThreadNew)
    __arm_cp.16_3                            0x08001c70   Number         4  rtx_thread.o(.text.svcRtxThreadNew)
    __arm_cp.16_4                            0x08001c74   Number         4  rtx_thread.o(.text.svcRtxThreadNew)
    [Anonymous Symbol]                       0x08001c78   Section        0  rtx_thread.o(.text.svcRtxThreadSetPriority)
    svcRtxThreadSetPriority                  0x08001c79   Thumb Code    76  rtx_thread.o(.text.svcRtxThreadSetPriority)
    i.Buttons_Initialize                     0x08001cc4   Section        0  buttons_mcbstm32f200.o(i.Buttons_Initialize)
    i.DMA_CalcBaseAndBitshift                0x08001d74   Section        0  stm32f2xx_hal_dma.o(i.DMA_CalcBaseAndBitshift)
    DMA_CalcBaseAndBitshift                  0x08001d75   Thumb Code    46  stm32f2xx_hal_dma.o(i.DMA_CalcBaseAndBitshift)
    i.DMA_SetConfig                          0x08001da8   Section        0  stm32f2xx_hal_dma.o(i.DMA_SetConfig)
    DMA_SetConfig                            0x08001da9   Thumb Code    44  stm32f2xx_hal_dma.o(i.DMA_SetConfig)
    i.EXTI15_10_IRQHandler                   0x08001dd4   Section        0  main.o(i.EXTI15_10_IRQHandler)
    i.Enable_GPIO_Clock                      0x08001e18   Section        0  i2c_stm32f2xx.o(i.Enable_GPIO_Clock)
    Enable_GPIO_Clock                        0x08001e19   Thumb Code   346  i2c_stm32f2xx.o(i.Enable_GPIO_Clock)
    i.FSMC_NORSRAM_Extended_Timing_Init      0x08001f9c   Section        0  stm32f2xx_ll_fsmc.o(i.FSMC_NORSRAM_Extended_Timing_Init)
    i.FSMC_NORSRAM_Init                      0x08001fe4   Section        0  stm32f2xx_ll_fsmc.o(i.FSMC_NORSRAM_Init)
    i.FSMC_NORSRAM_Timing_Init               0x0800203c   Section        0  stm32f2xx_ll_fsmc.o(i.FSMC_NORSRAM_Timing_Init)
    i.GLCD_ClearScreen                       0x08002080   Section        0  glcd_mcbstm32f200.o(i.GLCD_ClearScreen)
    i.GLCD_DrawChar                          0x080020bc   Section        0  glcd_mcbstm32f200.o(i.GLCD_DrawChar)
    i.GLCD_Initialize                        0x0800218c   Section        0  glcd_mcbstm32f200.o(i.GLCD_Initialize)
    i.GLCD_SetBackgroundColor                0x080028c0   Section        0  glcd_mcbstm32f200.o(i.GLCD_SetBackgroundColor)
    i.GLCD_SetFont                           0x080028d0   Section        0  glcd_mcbstm32f200.o(i.GLCD_SetFont)
    i.GLCD_SetForegroundColor                0x080028e0   Section        0  glcd_mcbstm32f200.o(i.GLCD_SetForegroundColor)
    i.GLCD_SetWindow                         0x080028f0   Section        0  glcd_mcbstm32f200.o(i.GLCD_SetWindow)
    GLCD_SetWindow                           0x080028f1   Thumb Code   168  glcd_mcbstm32f200.o(i.GLCD_SetWindow)
    i.HAL_DMA_Abort                          0x0800299c   Section        0  stm32f2xx_hal_dma.o(i.HAL_DMA_Abort)
    i.HAL_DMA_Init                           0x080029fc   Section        0  stm32f2xx_hal_dma.o(i.HAL_DMA_Init)
    i.HAL_DMA_Start_IT                       0x08002a80   Section        0  stm32f2xx_hal_dma.o(i.HAL_DMA_Start_IT)
    i.HAL_Delay                              0x08002aea   Section        0  stm32f2xx_hal.o(i.HAL_Delay)
    i.HAL_GPIO_DeInit                        0x08002b04   Section        0  stm32f2xx_hal_gpio.o(i.HAL_GPIO_DeInit)
    i.HAL_GPIO_Init                          0x08002c78   Section        0  stm32f2xx_hal_gpio.o(i.HAL_GPIO_Init)
    i.HAL_GPIO_ReadPin                       0x08002e84   Section        0  stm32f2xx_hal_gpio.o(i.HAL_GPIO_ReadPin)
    i.HAL_GPIO_WritePin                      0x08002e94   Section        0  stm32f2xx_hal_gpio.o(i.HAL_GPIO_WritePin)
    i.HAL_GetTick                            0x08002ea0   Section        0  main.o(i.HAL_GetTick)
    i.HAL_Init                               0x08002ea8   Section        0  stm32f2xx_hal.o(i.HAL_Init)
    i.HAL_InitTick                           0x08002ee4   Section        0  stm32f2xx_hal.o(i.HAL_InitTick)
    i.HAL_MspInit                            0x08002f08   Section        0  stm32f2xx_hal.o(i.HAL_MspInit)
    i.HAL_NVIC_ClearPendingIRQ               0x08002f0c   Section        0  stm32f2xx_hal_cortex.o(i.HAL_NVIC_ClearPendingIRQ)
    i.HAL_NVIC_DisableIRQ                    0x08002f30   Section        0  stm32f2xx_hal_cortex.o(i.HAL_NVIC_DisableIRQ)
    i.HAL_NVIC_EnableIRQ                     0x08002f74   Section        0  stm32f2xx_hal_cortex.o(i.HAL_NVIC_EnableIRQ)
    i.HAL_NVIC_SetPriority                   0x08002f94   Section        0  stm32f2xx_hal_cortex.o(i.HAL_NVIC_SetPriority)
    i.HAL_NVIC_SetPriorityGrouping           0x08003010   Section        0  stm32f2xx_hal_cortex.o(i.HAL_NVIC_SetPriorityGrouping)
    i.HAL_RCC_GetHCLKFreq                    0x08003038   Section        0  stm32f2xx_hal_rcc.o(i.HAL_RCC_GetHCLKFreq)
    i.HAL_RCC_GetPCLK1Freq                   0x08003070   Section        0  stm32f2xx_hal_rcc.o(i.HAL_RCC_GetPCLK1Freq)
    i.HAL_RCC_GetSysClockFreq                0x0800309c   Section        0  stm32f2xx_hal_rcc.o(i.HAL_RCC_GetSysClockFreq)
    i.HAL_SRAM_Init                          0x08003150   Section        0  stm32f2xx_hal_sram.o(i.HAL_SRAM_Init)
    i.HAL_SRAM_MspInit                       0x080031a8   Section        0  stm32f2xx_hal_sram.o(i.HAL_SRAM_MspInit)
    i.HAL_SYSTICK_Config                     0x080031aa   Section        0  stm32f2xx_hal_cortex.o(i.HAL_SYSTICK_Config)
    i.I2C1_Control                           0x080031e0   Section        0  i2c_stm32f2xx.o(i.I2C1_Control)
    I2C1_Control                             0x080031e1   Thumb Code    18  i2c_stm32f2xx.o(i.I2C1_Control)
    i.I2C1_ER_IRQHandler                     0x080031f8   Section        0  i2c_stm32f2xx.o(i.I2C1_ER_IRQHandler)
    i.I2C1_EV_IRQHandler                     0x08003208   Section        0  i2c_stm32f2xx.o(i.I2C1_EV_IRQHandler)
    i.I2C1_GetDataCount                      0x08003218   Section        0  i2c_stm32f2xx.o(i.I2C1_GetDataCount)
    I2C1_GetDataCount                        0x08003219   Thumb Code    10  i2c_stm32f2xx.o(i.I2C1_GetDataCount)
    i.I2C1_GetStatus                         0x08003228   Section        0  i2c_stm32f2xx.o(i.I2C1_GetStatus)
    I2C1_GetStatus                           0x08003229   Thumb Code    12  i2c_stm32f2xx.o(i.I2C1_GetStatus)
    i.I2C1_Initialize                        0x08003238   Section        0  i2c_stm32f2xx.o(i.I2C1_Initialize)
    I2C1_Initialize                          0x08003239   Thumb Code    14  i2c_stm32f2xx.o(i.I2C1_Initialize)
    i.I2C1_MasterReceive                     0x0800324c   Section        0  i2c_stm32f2xx.o(i.I2C1_MasterReceive)
    I2C1_MasterReceive                       0x0800324d   Thumb Code    28  i2c_stm32f2xx.o(i.I2C1_MasterReceive)
    i.I2C1_MasterTransmit                    0x0800326c   Section        0  i2c_stm32f2xx.o(i.I2C1_MasterTransmit)
    I2C1_MasterTransmit                      0x0800326d   Thumb Code    28  i2c_stm32f2xx.o(i.I2C1_MasterTransmit)
    i.I2C1_PowerControl                      0x0800328c   Section        0  i2c_stm32f2xx.o(i.I2C1_PowerControl)
    I2C1_PowerControl                        0x0800328d   Thumb Code    14  i2c_stm32f2xx.o(i.I2C1_PowerControl)
    i.I2C1_SlaveReceive                      0x080032a0   Section        0  i2c_stm32f2xx.o(i.I2C1_SlaveReceive)
    I2C1_SlaveReceive                        0x080032a1   Thumb Code    18  i2c_stm32f2xx.o(i.I2C1_SlaveReceive)
    i.I2C1_SlaveTransmit                     0x080032b8   Section        0  i2c_stm32f2xx.o(i.I2C1_SlaveTransmit)
    I2C1_SlaveTransmit                       0x080032b9   Thumb Code    18  i2c_stm32f2xx.o(i.I2C1_SlaveTransmit)
    i.I2C1_Uninitialize                      0x080032d0   Section        0  i2c_stm32f2xx.o(i.I2C1_Uninitialize)
    I2C1_Uninitialize                        0x080032d1   Thumb Code    10  i2c_stm32f2xx.o(i.I2C1_Uninitialize)
    i.I2CX_GetCapabilities                   0x080032e0   Section        0  i2c_stm32f2xx.o(i.I2CX_GetCapabilities)
    I2CX_GetCapabilities                     0x080032e1   Thumb Code     6  i2c_stm32f2xx.o(i.I2CX_GetCapabilities)
    i.I2CX_GetVersion                        0x080032ec   Section        0  i2c_stm32f2xx.o(i.I2CX_GetVersion)
    I2CX_GetVersion                          0x080032ed   Thumb Code    10  i2c_stm32f2xx.o(i.I2CX_GetVersion)
    i.I2C_Control                            0x080032fc   Section        0  i2c_stm32f2xx.o(i.I2C_Control)
    I2C_Control                              0x080032fd   Thumb Code   790  i2c_stm32f2xx.o(i.I2C_Control)
    i.I2C_ER_IRQHandler                      0x08003630   Section        0  i2c_stm32f2xx.o(i.I2C_ER_IRQHandler)
    I2C_ER_IRQHandler                        0x08003631   Thumb Code   350  i2c_stm32f2xx.o(i.I2C_ER_IRQHandler)
    i.I2C_EV_IRQHandler                      0x0800378e   Section        0  i2c_stm32f2xx.o(i.I2C_EV_IRQHandler)
    I2C_EV_IRQHandler                        0x0800378f   Thumb Code  1500  i2c_stm32f2xx.o(i.I2C_EV_IRQHandler)
    i.I2C_GetDataCount                       0x08003d6a   Section        0  i2c_stm32f2xx.o(i.I2C_GetDataCount)
    I2C_GetDataCount                         0x08003d6b   Thumb Code    24  i2c_stm32f2xx.o(i.I2C_GetDataCount)
    i.I2C_GetStatus                          0x08003d82   Section        0  i2c_stm32f2xx.o(i.I2C_GetStatus)
    I2C_GetStatus                            0x08003d83   Thumb Code     8  i2c_stm32f2xx.o(i.I2C_GetStatus)
    i.I2C_Initialize                         0x08003d8c   Section        0  i2c_stm32f2xx.o(i.I2C_Initialize)
    I2C_Initialize                           0x08003d8d   Thumb Code   444  i2c_stm32f2xx.o(i.I2C_Initialize)
    i.I2C_MasterReceive                      0x08003f4c   Section        0  i2c_stm32f2xx.o(i.I2C_MasterReceive)
    I2C_MasterReceive                        0x08003f4d   Thumb Code   292  i2c_stm32f2xx.o(i.I2C_MasterReceive)
    i.I2C_MasterTransmit                     0x08004070   Section        0  i2c_stm32f2xx.o(i.I2C_MasterTransmit)
    I2C_MasterTransmit                       0x08004071   Thumb Code   266  i2c_stm32f2xx.o(i.I2C_MasterTransmit)
    i.I2C_PowerControl                       0x0800417c   Section        0  i2c_stm32f2xx.o(i.I2C_PowerControl)
    I2C_PowerControl                         0x0800417d   Thumb Code   666  i2c_stm32f2xx.o(i.I2C_PowerControl)
    i.I2C_SlaveReceive                       0x08004424   Section        0  i2c_stm32f2xx.o(i.I2C_SlaveReceive)
    I2C_SlaveReceive                         0x08004425   Thumb Code   140  i2c_stm32f2xx.o(i.I2C_SlaveReceive)
    i.I2C_SlaveTransmit                      0x080044b0   Section        0  i2c_stm32f2xx.o(i.I2C_SlaveTransmit)
    I2C_SlaveTransmit                        0x080044b1   Thumb Code   140  i2c_stm32f2xx.o(i.I2C_SlaveTransmit)
    i.I2C_Uninitialize                       0x0800453c   Section        0  i2c_stm32f2xx.o(i.I2C_Uninitialize)
    I2C_Uninitialize                         0x0800453d   Thumb Code    54  i2c_stm32f2xx.o(i.I2C_Uninitialize)
    i.Init_thdDisplayTime                    0x08004574   Section        0  displaytime.o(i.Init_thdDisplayTime)
    i.LED_Initialize                         0x0800459c   Section        0  led_mcbstm32f200.o(i.LED_Initialize)
    i.SystemCoreClockUpdate                  0x08004660   Section        0  system_stm32f2xx.o(i.SystemCoreClockUpdate)
    i.SystemInit                             0x08004720   Section        0  system_stm32f2xx.o(i.SystemInit)
    i.__NVIC_GetPriorityGrouping             0x08004774   Section        0  stm32f2xx_hal_cortex.o(i.__NVIC_GetPriorityGrouping)
    __NVIC_GetPriorityGrouping               0x08004775   Thumb Code    10  stm32f2xx_hal_cortex.o(i.__NVIC_GetPriorityGrouping)
    i.__NVIC_SetPriority                     0x08004784   Section        0  stm32f2xx_hal_cortex.o(i.__NVIC_SetPriority)
    __NVIC_SetPriority                       0x08004785   Thumb Code    32  stm32f2xx_hal_cortex.o(i.__NVIC_SetPriority)
    i._mutex_acquire                         0x080047ac   Section        0  rtx_lib.o(i._mutex_acquire)
    __tagsym$$used                           0x080047ad   Number         0  rtx_lib.o(i._mutex_acquire)
    i._mutex_free                            0x080047c2   Section        0  rtx_lib.o(i._mutex_free)
    __tagsym$$used                           0x080047c3   Number         0  rtx_lib.o(i._mutex_free)
    i._mutex_initialize                      0x080047ce   Section        0  rtx_lib.o(i._mutex_initialize)
    __tagsym$$used                           0x080047cf   Number         0  rtx_lib.o(i._mutex_initialize)
    i._mutex_release                         0x080047f0   Section        0  rtx_lib.o(i._mutex_release)
    __tagsym$$used                           0x080047f1   Number         0  rtx_lib.o(i._mutex_release)
    i._platform_post_stackheap_init          0x08004802   Section        0  rtx_lib.o(i._platform_post_stackheap_init)
    i.app_hw_init                            0x0800480c   Section        0  main.o(i.app_hw_init)
    i.main                                   0x08004844   Section        0  main.o(i.main)
    i.osRtxErrorNotify                       0x08004910   Section        0  rtx_config.o(i.osRtxErrorNotify)
    i.osRtxIdleThread                        0x08004930   Section        0  rtx_config.o(i.osRtxIdleThread)
    i.osRtxKernelPreInit                     0x08004934   Section        0  rtx_lib.o(i.osRtxKernelPreInit)
    i.osRtxThreadStackCheck                  0x08004936   Section        0  rtx_lib.o(i.osRtxThreadStackCheck)
    i.os_kernel_is_active                    0x08004938   Section        0  rtx_lib.o(i.os_kernel_is_active)
    os_kernel_is_active                      0x08004939   Thumb Code    28  rtx_lib.o(i.os_kernel_is_active)
    i.thdDisplayTime                         0x08004958   Section        0  displaytime.o(i.thdDisplayTime)
    i.wr_cmd                                 0x08004a74   Section        0  glcd_mcbstm32f200.o(i.wr_cmd)
    wr_cmd                                   0x08004a75   Thumb Code     8  glcd_mcbstm32f200.o(i.wr_cmd)
    i.wr_dat                                 0x08004a7c   Section        0  glcd_mcbstm32f200.o(i.wr_dat)
    wr_dat                                   0x08004a7d   Thumb Code     8  glcd_mcbstm32f200.o(i.wr_dat)
    i.wr_dat_only                            0x08004a84   Section        0  glcd_mcbstm32f200.o(i.wr_dat_only)
    wr_dat_only                              0x08004a85   Thumb Code     8  glcd_mcbstm32f200.o(i.wr_dat_only)
    i.wr_reg                                 0x08004a8c   Section        0  glcd_mcbstm32f200.o(i.wr_reg)
    wr_reg                                   0x08004a8d   Thumb Code    20  glcd_mcbstm32f200.o(i.wr_reg)
    .constdata                               0x08004aa0   Section     6304  glcd_fonts.o(.constdata)
    Font_6x8_h                               0x08004aa0   Data         896  glcd_fonts.o(.constdata)
    Font_16x24_h                             0x08004e20   Data        5376  glcd_fonts.o(.constdata)
    .constdata                               0x08006340   Section      100  rtx_lib.o(.constdata)
    os_idle_thread_attr                      0x08006340   Data          36  rtx_lib.o(.constdata)
    os_timer_thread_attr                     0x08006364   Data          36  rtx_lib.o(.constdata)
    os_timer_mq_attr                         0x08006388   Data          24  rtx_lib.o(.constdata)
    .constdata                               0x080063a4   Section      104  i2c_stm32f2xx.o(.constdata)
    DriverVersion                            0x080063a4   Data           4  i2c_stm32f2xx.o(.constdata)
    DriverCapabilities                       0x080063a8   Data           4  i2c_stm32f2xx.o(.constdata)
    I2C1_Resources                           0x080063ac   Data          48  i2c_stm32f2xx.o(.constdata)
    .constdata                               0x0800640c   Section        8  stm32f2xx_hal_dma.o(.constdata)
    flagBitshiftOffset                       0x0800640c   Data           8  stm32f2xx_hal_dma.o(.constdata)
    .constdata                               0x08006414   Section       16  stm32f2xx_hal_rcc.o(.constdata)
    .constdata                               0x08006424   Section       16  system_stm32f2xx.o(.constdata)
    .constdata                               0x08006434   Section        1  irq_cm3.o(.constdata)
    .rodata                                  0x08006438   Section      104  rtx_lib.o(.rodata)
    __tagsym$$used                           0x08006438   Number         0  rtx_lib.o(.rodata)
    [Anonymous Symbol]                       0x080064a0   Section        0  rtx_kernel.o(.rodata.str1.4)
    .L.str                                   0x080064a0   Data          11  rtx_kernel.o(.rodata.str1.4)
    .bss.os                                  0x20000000   Section     4160  rtx_lib.o(.bss.os)
    os_mem                                   0x20000000   Data        4096  rtx_lib.o(.bss.os)
    os_isr_queue                             0x20001000   Data          64  rtx_lib.o(.bss.os)
    .bss.os.msgqueue.cb                      0x20001040   Section       52  rtx_lib.o(.bss.os.msgqueue.cb)
    os_timer_mq_cb                           0x20001040   Data          52  rtx_lib.o(.bss.os.msgqueue.cb)
    .bss.os.msgqueue.mem                     0x20001074   Section       80  rtx_lib.o(.bss.os.msgqueue.mem)
    os_timer_mq_data                         0x20001074   Data          80  rtx_lib.o(.bss.os.msgqueue.mem)
    .bss.os.mutex.cb                         0x200010c4   Section       84  rtx_lib.o(.bss.os.mutex.cb)
    os_mutex_cb                              0x200010c4   Data          84  rtx_lib.o(.bss.os.mutex.cb)
    .bss.os.semaphore.cb                     0x20001118   Section       16  rtx_lib.o(.bss.os.semaphore.cb)
    os_semaphore_cb                          0x20001118   Data          16  rtx_lib.o(.bss.os.semaphore.cb)
    .bss.os.thread.cb                        0x20001128   Section      340  rtx_lib.o(.bss.os.thread.cb)
    os_thread_cb                             0x20001128   Data         204  rtx_lib.o(.bss.os.thread.cb)
    os_idle_thread_cb                        0x200011f4   Data          68  rtx_lib.o(.bss.os.thread.cb)
    os_timer_thread_cb                       0x20001238   Data          68  rtx_lib.o(.bss.os.thread.cb)
    .bss.os.thread.stack                     0x20001280   Section      400  rtx_lib.o(.bss.os.thread.stack)
    os_idle_thread_stack                     0x20001280   Data         200  rtx_lib.o(.bss.os.thread.stack)
    os_timer_thread_stack                    0x20001348   Data         200  rtx_lib.o(.bss.os.thread.stack)
    .data                                    0x20001410   Section       32  main.o(.data)
    i                                        0x2000142c   Data           4  main.o(.data)
    .data                                    0x20001430   Section        4  displaytime.o(.data)
    .data                                    0x20001434   Section        9  glcd_mcbstm32f200.o(.data)
    foreground_color                         0x20001434   Data           2  glcd_mcbstm32f200.o(.data)
    background_color                         0x20001436   Data           2  glcd_mcbstm32f200.o(.data)
    active_font                              0x20001438   Data           4  glcd_mcbstm32f200.o(.data)
    Himax                                    0x2000143c   Data           1  glcd_mcbstm32f200.o(.data)
    .data                                    0x20001440   Section        5  rtx_lib.o(.data)
    os_kernel_active                         0x20001444   Data           1  rtx_lib.o(.data)
    .data                                    0x20001448   Section        4  system_stm32f2xx.o(.data)
    .data.os.mutex.mpi                       0x200014f0   Section       24  rtx_lib.o(.data.os.mutex.mpi)
    os_mpi_mutex                             0x200014f0   Data          24  rtx_lib.o(.data.os.mutex.mpi)
    .data.os.semaphore.mpi                   0x20001508   Section       24  rtx_lib.o(.data.os.semaphore.mpi)
    os_mpi_semaphore                         0x20001508   Data          24  rtx_lib.o(.data.os.semaphore.mpi)
    .data.os.thread.mpi                      0x20001520   Section       24  rtx_lib.o(.data.os.thread.mpi)
    os_mpi_thread                            0x20001520   Data          24  rtx_lib.o(.data.os.thread.mpi)
    .bss                                     0x20001538   Section       68  glcd_mcbstm32f200.o(.bss)
    hsram4                                   0x20001538   Data          68  glcd_mcbstm32f200.o(.bss)
    .bss                                     0x2000157c   Section       36  i2c_stm32f2xx.o(.bss)
    I2C1_Info                                0x2000157c   Data          36  i2c_stm32f2xx.o(.bss)
    .bss                                     0x200015a0   Section       96  libspace.o(.bss)
    [Anonymous Symbol]                       0x20001600   Section        0  os_systick.o(.bss.PendST)
    PendST                                   0x20001600   Data           1  os_systick.o(.bss.PendST)
    HEAP                                     0x20001608   Section      512  startup_stm32f207xx.o(HEAP)
    Heap_Mem                                 0x20001608   Data         512  startup_stm32f207xx.o(HEAP)
    STACK                                    0x20001808   Section     1024  startup_stm32f207xx.o(STACK)
    Stack_Mem                                0x20001808   Data        1024  startup_stm32f207xx.o(STACK)
    __initial_sp                             0x20001c08   Data           0  startup_stm32f207xx.o(STACK)

    Global Symbols

    Symbol Name                              Value     Ov Type        Size  Object(Section)

    BuildAttributes$$THM_ISAv4$P$D$K$B$S$PE$A:L22UL41UL21$X:L11$S22US41US21$IEEE1$IW$~IW$USESV6$~STKCKD$USESV7$~SHL$OSPACE$ROPI$EBA8$UX$STANDARDLIB$REQ8$PRES8$EABIv2 0x00000000   Number         0  anon$$obj.o ABSOLUTE
    __ARM_use_no_argv                        0x00000000   Number         0  main.o ABSOLUTE
    .bss.os.evflags.cb$$Base                  - Undefined Weak Reference
    .bss.os.evflags.cb$$Limit                 - Undefined Weak Reference
    .bss.os.mempool.cb$$Base                  - Undefined Weak Reference
    .bss.os.mempool.cb$$Limit                 - Undefined Weak Reference
    .bss.os.timer.cb$$Base                    - Undefined Weak Reference
    .bss.os.timer.cb$$Limit                   - Undefined Weak Reference
    __ARM_exceptions_init                     - Undefined Weak Reference
    __alloca_initialize                       - Undefined Weak Reference
    __arm_preinit_                            - Undefined Weak Reference
    __cpp_initialize__aeabi_                  - Undefined Weak Reference
    __cxa_finalize                            - Undefined Weak Reference
    __rt_locale                               - Undefined Weak Reference
    __sigvec_lookup                           - Undefined Weak Reference
    _atexit_init                              - Undefined Weak Reference
    _call_atexit_fns                          - Undefined Weak Reference
    _clock_init                               - Undefined Weak Reference
    _fp_trap_init                             - Undefined Weak Reference
    _fp_trap_shutdown                         - Undefined Weak Reference
    _get_lc_collate                           - Undefined Weak Reference
    _get_lc_ctype                             - Undefined Weak Reference
    _get_lc_monetary                          - Undefined Weak Reference
    _get_lc_numeric                           - Undefined Weak Reference
    _get_lc_time                              - Undefined Weak Reference
    _getenv_init                              - Undefined Weak Reference
    _handle_redirection                       - Undefined Weak Reference
    _init_alloc                               - Undefined Weak Reference
    _init_user_alloc                          - Undefined Weak Reference
    _initio                                   - Undefined Weak Reference
    _rand_init                                - Undefined Weak Reference
    _signal_finish                            - Undefined Weak Reference
    _signal_init                              - Undefined Weak Reference
    _terminate_alloc                          - Undefined Weak Reference
    _terminate_user_alloc                     - Undefined Weak Reference
    _terminateio                              - Undefined Weak Reference
    __Vectors_Size                           0x00000184   Number         0  startup_stm32f207xx.o ABSOLUTE
    __Vectors                                0x08000000   Data           4  startup_stm32f207xx.o(RESET)
    __Vectors_End                            0x08000184   Data           0  startup_stm32f207xx.o(RESET)
    __main                                   0x08000185   Thumb Code     8  __main.o(!!!main)
    __scatterload                            0x0800018d   Thumb Code     0  __scatter.o(!!!scatter)
    __scatterload_rt2                        0x0800018d   Thumb Code    44  __scatter.o(!!!scatter)
    __scatterload_rt2_thumb_only             0x0800018d   Thumb Code     0  __scatter.o(!!!scatter)
    __scatterload_null                       0x0800019b   Thumb Code     0  __scatter.o(!!!scatter)
    __decompress                             0x080001c1   Thumb Code    90  __dczerorl2.o(!!dczerorl2)
    __decompress1                            0x080001c1   Thumb Code     0  __dczerorl2.o(!!dczerorl2)
    __scatterload_zeroinit                   0x0800021d   Thumb Code    28  __scatter_zi.o(!!handler_zi)
    __rt_lib_init                            0x08000239   Thumb Code     0  libinit.o(.ARM.Collect$$libinit$$00000000)
    __rt_lib_init_alloca_1                   0x0800023b   Thumb Code     0  libinit2.o(.ARM.Collect$$libinit$$0000002E)
    __rt_lib_init_argv_1                     0x0800023b   Thumb Code     0  libinit2.o(.ARM.Collect$$libinit$$0000002C)
    __rt_lib_init_atexit_1                   0x0800023b   Thumb Code     0  libinit2.o(.ARM.Collect$$libinit$$0000001B)
    __rt_lib_init_clock_1                    0x0800023b   Thumb Code     0  libinit2.o(.ARM.Collect$$libinit$$00000021)
    __rt_lib_init_cpp_1                      0x0800023b   Thumb Code     0  libinit2.o(.ARM.Collect$$libinit$$00000032)
    __rt_lib_init_exceptions_1               0x0800023b   Thumb Code     0  libinit2.o(.ARM.Collect$$libinit$$00000030)
    __rt_lib_init_fp_1                       0x0800023b   Thumb Code     0  libinit2.o(.ARM.Collect$$libinit$$00000002)
    __rt_lib_init_fp_trap_1                  0x0800023b   Thumb Code     0  libinit2.o(.ARM.Collect$$libinit$$0000001F)
    __rt_lib_init_getenv_1                   0x0800023b   Thumb Code     0  libinit2.o(.ARM.Collect$$libinit$$00000023)
    __rt_lib_init_heap_1                     0x0800023b   Thumb Code     0  libinit2.o(.ARM.Collect$$libinit$$0000000A)
    __rt_lib_init_lc_collate_1               0x0800023b   Thumb Code     0  libinit2.o(.ARM.Collect$$libinit$$00000011)
    __rt_lib_init_lc_ctype_1                 0x0800023b   Thumb Code     0  libinit2.o(.ARM.Collect$$libinit$$00000013)
    __rt_lib_init_lc_monetary_1              0x0800023b   Thumb Code     0  libinit2.o(.ARM.Collect$$libinit$$00000015)
    __rt_lib_init_lc_numeric_1               0x0800023b   Thumb Code     0  libinit2.o(.ARM.Collect$$libinit$$00000017)
    __rt_lib_init_lc_time_1                  0x0800023b   Thumb Code     0  libinit2.o(.ARM.Collect$$libinit$$00000019)
    __rt_lib_init_preinit_1                  0x0800023b   Thumb Code     0  libinit2.o(.ARM.Collect$$libinit$$00000004)
    __rt_lib_init_rand_1                     0x0800023b   Thumb Code     0  libinit2.o(.ARM.Collect$$libinit$$0000000E)
    __rt_lib_init_return                     0x0800023b   Thumb Code     0  libinit2.o(.ARM.Collect$$libinit$$00000033)
    __rt_lib_init_signal_1                   0x0800023b   Thumb Code     0  libinit2.o(.ARM.Collect$$libinit$$0000001D)
    __rt_lib_init_stdio_1                    0x0800023b   Thumb Code     0  libinit2.o(.ARM.Collect$$libinit$$00000025)
    __rt_lib_init_user_alloc_1               0x0800023b   Thumb Code     0  libinit2.o(.ARM.Collect$$libinit$$0000000C)
    __rt_lib_shutdown                        0x0800023d   Thumb Code     0  libshutdown.o(.ARM.Collect$$libshutdown$$00000000)
    __rt_lib_shutdown_cpp_1                  0x0800023f   Thumb Code     0  libshutdown2.o(.ARM.Collect$$libshutdown$$00000002)
    __rt_lib_shutdown_fp_trap_1              0x0800023f   Thumb Code     0  libshutdown2.o(.ARM.Collect$$libshutdown$$00000007)
    __rt_lib_shutdown_heap_1                 0x0800023f   Thumb Code     0  libshutdown2.o(.ARM.Collect$$libshutdown$$0000000F)
    __rt_lib_shutdown_return                 0x0800023f   Thumb Code     0  libshutdown2.o(.ARM.Collect$$libshutdown$$00000010)
    __rt_lib_shutdown_signal_1               0x0800023f   Thumb Code     0  libshutdown2.o(.ARM.Collect$$libshutdown$$0000000A)
    __rt_lib_shutdown_stdio_1                0x0800023f   Thumb Code     0  libshutdown2.o(.ARM.Collect$$libshutdown$$00000004)
    __rt_lib_shutdown_user_alloc_1           0x0800023f   Thumb Code     0  libshutdown2.o(.ARM.Collect$$libshutdown$$0000000C)
    __rt_entry                               0x08000241   Thumb Code     0  __rtentry.o(.ARM.Collect$$rtentry$$00000000)
    __rt_entry_presh_1                       0x08000241   Thumb Code     0  __rtentry2.o(.ARM.Collect$$rtentry$$00000002)
    __rt_entry_sh                            0x08000241   Thumb Code     0  __rtentry4.o(.ARM.Collect$$rtentry$$00000004)
    __rt_entry_postsh_1                      0x08000247   Thumb Code     0  __rtentry2.o(.ARM.Collect$$rtentry$$00000008)
    __rt_entry_li                            0x0800024f   Thumb Code     0  __rtentry2.o(.ARM.Collect$$rtentry$$0000000A)
    __rt_entry_main                          0x08000253   Thumb Code     0  __rtentry2.o(.ARM.Collect$$rtentry$$0000000D)
    __rt_entry_postli_1                      0x08000253   Thumb Code     0  __rtentry2.o(.ARM.Collect$$rtentry$$0000000C)
    __rt_exit                                0x0800025b   Thumb Code     0  rtexit.o(.ARM.Collect$$rtexit$$00000000)
    __rt_exit_ls                             0x0800025d   Thumb Code     0  rtexit2.o(.ARM.Collect$$rtexit$$00000003)
    __rt_exit_prels_1                        0x0800025d   Thumb Code     0  rtexit2.o(.ARM.Collect$$rtexit$$00000002)
    __rt_exit_exit                           0x08000261   Thumb Code     0  rtexit2.o(.ARM.Collect$$rtexit$$00000004)
    Reset_Handler                            0x08000269   Thumb Code     8  startup_stm32f207xx.o(.text)
    NMI_Handler                              0x08000271   Thumb Code     2  startup_stm32f207xx.o(.text)
    HardFault_Handler                        0x08000273   Thumb Code     2  startup_stm32f207xx.o(.text)
    MemManage_Handler                        0x08000275   Thumb Code     2  startup_stm32f207xx.o(.text)
    BusFault_Handler                         0x08000277   Thumb Code     2  startup_stm32f207xx.o(.text)
    UsageFault_Handler                       0x08000279   Thumb Code     2  startup_stm32f207xx.o(.text)
    DebugMon_Handler                         0x0800027d   Thumb Code     2  startup_stm32f207xx.o(.text)
    ADC_IRQHandler                           0x08000283   Thumb Code     0  startup_stm32f207xx.o(.text)
    CAN1_RX0_IRQHandler                      0x08000283   Thumb Code     0  startup_stm32f207xx.o(.text)
    CAN1_RX1_IRQHandler                      0x08000283   Thumb Code     0  startup_stm32f207xx.o(.text)
    CAN1_SCE_IRQHandler                      0x08000283   Thumb Code     0  startup_stm32f207xx.o(.text)
    CAN1_TX_IRQHandler                       0x08000283   Thumb Code     0  startup_stm32f207xx.o(.text)
    CAN2_RX0_IRQHandler                      0x08000283   Thumb Code     0  startup_stm32f207xx.o(.text)
    CAN2_RX1_IRQHandler                      0x08000283   Thumb Code     0  startup_stm32f207xx.o(.text)
    CAN2_SCE_IRQHandler                      0x08000283   Thumb Code     0  startup_stm32f207xx.o(.text)
    CAN2_TX_IRQHandler                       0x08000283   Thumb Code     0  startup_stm32f207xx.o(.text)
    DCMI_IRQHandler                          0x08000283   Thumb Code     0  startup_stm32f207xx.o(.text)
    DMA1_Stream0_IRQHandler                  0x08000283   Thumb Code     0  startup_stm32f207xx.o(.text)
    DMA1_Stream1_IRQHandler                  0x08000283   Thumb Code     0  startup_stm32f207xx.o(.text)
    DMA1_Stream2_IRQHandler                  0x08000283   Thumb Code     0  startup_stm32f207xx.o(.text)
    DMA1_Stream3_IRQHandler                  0x08000283   Thumb Code     0  startup_stm32f207xx.o(.text)
    DMA1_Stream4_IRQHandler                  0x08000283   Thumb Code     0  startup_stm32f207xx.o(.text)
    DMA1_Stream5_IRQHandler                  0x08000283   Thumb Code     0  startup_stm32f207xx.o(.text)
    DMA1_Stream6_IRQHandler                  0x08000283   Thumb Code     0  startup_stm32f207xx.o(.text)
    DMA1_Stream7_IRQHandler                  0x08000283   Thumb Code     0  startup_stm32f207xx.o(.text)
    DMA2_Stream0_IRQHandler                  0x08000283   Thumb Code     0  startup_stm32f207xx.o(.text)
    DMA2_Stream1_IRQHandler                  0x08000283   Thumb Code     0  startup_stm32f207xx.o(.text)
    DMA2_Stream2_IRQHandler                  0x08000283   Thumb Code     0  startup_stm32f207xx.o(.text)
    DMA2_Stream3_IRQHandler                  0x08000283   Thumb Code     0  startup_stm32f207xx.o(.text)
    DMA2_Stream4_IRQHandler                  0x08000283   Thumb Code     0  startup_stm32f207xx.o(.text)
    DMA2_Stream5_IRQHandler                  0x08000283   Thumb Code     0  startup_stm32f207xx.o(.text)
    DMA2_Stream6_IRQHandler                  0x08000283   Thumb Code     0  startup_stm32f207xx.o(.text)
    DMA2_Stream7_IRQHandler                  0x08000283   Thumb Code     0  startup_stm32f207xx.o(.text)
    ETH_IRQHandler                           0x08000283   Thumb Code     0  startup_stm32f207xx.o(.text)
    ETH_WKUP_IRQHandler                      0x08000283   Thumb Code     0  startup_stm32f207xx.o(.text)
    EXTI0_IRQHandler                         0x08000283   Thumb Code     0  startup_stm32f207xx.o(.text)
    EXTI1_IRQHandler                         0x08000283   Thumb Code     0  startup_stm32f207xx.o(.text)
    EXTI2_IRQHandler                         0x08000283   Thumb Code     0  startup_stm32f207xx.o(.text)
    EXTI3_IRQHandler                         0x08000283   Thumb Code     0  startup_stm32f207xx.o(.text)
    EXTI4_IRQHandler                         0x08000283   Thumb Code     0  startup_stm32f207xx.o(.text)
    EXTI9_5_IRQHandler                       0x08000283   Thumb Code     0  startup_stm32f207xx.o(.text)
    FLASH_IRQHandler                         0x08000283   Thumb Code     0  startup_stm32f207xx.o(.text)
    FSMC_IRQHandler                          0x08000283   Thumb Code     0  startup_stm32f207xx.o(.text)
    HASH_RNG_IRQHandler                      0x08000283   Thumb Code     0  startup_stm32f207xx.o(.text)
    I2C2_ER_IRQHandler                       0x08000283   Thumb Code     0  startup_stm32f207xx.o(.text)
    I2C2_EV_IRQHandler                       0x08000283   Thumb Code     0  startup_stm32f207xx.o(.text)
    I2C3_ER_IRQHandler                       0x08000283   Thumb Code     0  startup_stm32f207xx.o(.text)
    I2C3_EV_IRQHandler                       0x08000283   Thumb Code     0  startup_stm32f207xx.o(.text)
    OTG_FS_IRQHandler                        0x08000283   Thumb Code     0  startup_stm32f207xx.o(.text)
    OTG_FS_WKUP_IRQHandler                   0x08000283   Thumb Code     0  startup_stm32f207xx.o(.text)
    OTG_HS_EP1_IN_IRQHandler                 0x08000283   Thumb Code     0  startup_stm32f207xx.o(.text)
    OTG_HS_EP1_OUT_IRQHandler                0x08000283   Thumb Code     0  startup_stm32f207xx.o(.text)
    OTG_HS_IRQHandler                        0x08000283   Thumb Code     0  startup_stm32f207xx.o(.text)
    OTG_HS_WKUP_IRQHandler                   0x08000283   Thumb Code     0  startup_stm32f207xx.o(.text)
    PVD_IRQHandler                           0x08000283   Thumb Code     0  startup_stm32f207xx.o(.text)
    RCC_IRQHandler                           0x08000283   Thumb Code     0  startup_stm32f207xx.o(.text)
    RTC_Alarm_IRQHandler                     0x08000283   Thumb Code     0  startup_stm32f207xx.o(.text)
    RTC_WKUP_IRQHandler                      0x08000283   Thumb Code     0  startup_stm32f207xx.o(.text)
    SDIO_IRQHandler                          0x08000283   Thumb Code     0  startup_stm32f207xx.o(.text)
    SPI1_IRQHandler                          0x08000283   Thumb Code     0  startup_stm32f207xx.o(.text)
    SPI2_IRQHandler                          0x08000283   Thumb Code     0  startup_stm32f207xx.o(.text)
    SPI3_IRQHandler                          0x08000283   Thumb Code     0  startup_stm32f207xx.o(.text)
    TAMP_STAMP_IRQHandler                    0x08000283   Thumb Code     0  startup_stm32f207xx.o(.text)
    TIM1_BRK_TIM9_IRQHandler                 0x08000283   Thumb Code     0  startup_stm32f207xx.o(.text)
    TIM1_CC_IRQHandler                       0x08000283   Thumb Code     0  startup_stm32f207xx.o(.text)
    TIM1_TRG_COM_TIM11_IRQHandler            0x08000283   Thumb Code     0  startup_stm32f207xx.o(.text)
    TIM1_UP_TIM10_IRQHandler                 0x08000283   Thumb Code     0  startup_stm32f207xx.o(.text)
    TIM2_IRQHandler                          0x08000283   Thumb Code     0  startup_stm32f207xx.o(.text)
    TIM3_IRQHandler                          0x08000283   Thumb Code     0  startup_stm32f207xx.o(.text)
    TIM4_IRQHandler                          0x08000283   Thumb Code     0  startup_stm32f207xx.o(.text)
    TIM5_IRQHandler                          0x08000283   Thumb Code     0  startup_stm32f207xx.o(.text)
    TIM6_DAC_IRQHandler                      0x08000283   Thumb Code     0  startup_stm32f207xx.o(.text)
    TIM7_IRQHandler                          0x08000283   Thumb Code     0  startup_stm32f207xx.o(.text)
    TIM8_BRK_TIM12_IRQHandler                0x08000283   Thumb Code     0  startup_stm32f207xx.o(.text)
    TIM8_CC_IRQHandler                       0x08000283   Thumb Code     0  startup_stm32f207xx.o(.text)
    TIM8_TRG_COM_TIM14_IRQHandler            0x08000283   Thumb Code     0  startup_stm32f207xx.o(.text)
    TIM8_UP_TIM13_IRQHandler                 0x08000283   Thumb Code     0  startup_stm32f207xx.o(.text)
    UART4_IRQHandler                         0x08000283   Thumb Code     0  startup_stm32f207xx.o(.text)
    UART5_IRQHandler                         0x08000283   Thumb Code     0  startup_stm32f207xx.o(.text)
    USART1_IRQHandler                        0x08000283   Thumb Code     0  startup_stm32f207xx.o(.text)
    USART2_IRQHandler                        0x08000283   Thumb Code     0  startup_stm32f207xx.o(.text)
    USART3_IRQHandler                        0x08000283   Thumb Code     0  startup_stm32f207xx.o(.text)
    USART6_IRQHandler                        0x08000283   Thumb Code     0  startup_stm32f207xx.o(.text)
    WWDG_IRQHandler                          0x08000283   Thumb Code     0  startup_stm32f207xx.o(.text)
    __user_initial_stackheap                 0x08000285   Thumb Code     0  startup_stm32f207xx.o(.text)
    SVC_Handler                              0x080002a9   Thumb Code   108  irq_cm3.o(.text)
    PendSV_Handler                           0x08000315   Thumb Code    16  irq_cm3.o(.text)
    SysTick_Handler                          0x08000325   Thumb Code    16  irq_cm3.o(.text)
    __aeabi_memcpy                           0x0800033d   Thumb Code     0  rt_memcpy_v6.o(.text)
    __rt_memcpy                              0x0800033d   Thumb Code   138  rt_memcpy_v6.o(.text)
    _memcpy_lastbytes                        0x080003a3   Thumb Code     0  rt_memcpy_v6.o(.text)
    __aeabi_memclr                           0x080003c7   Thumb Code     0  rt_memclr.o(.text)
    __rt_memclr                              0x080003c7   Thumb Code    68  rt_memclr.o(.text)
    _memset                                  0x080003cb   Thumb Code     0  rt_memclr.o(.text)
    __aeabi_memclr4                          0x0800040b   Thumb Code     0  rt_memclr_w.o(.text)
    __aeabi_memclr8                          0x0800040b   Thumb Code     0  rt_memclr_w.o(.text)
    __rt_memclr_w                            0x0800040b   Thumb Code    78  rt_memclr_w.o(.text)
    _memset_w                                0x0800040f   Thumb Code     0  rt_memclr_w.o(.text)
    __use_two_region_memory                  0x08000459   Thumb Code     2  heapauxi.o(.text)
    __rt_heap_escrow$2region                 0x0800045b   Thumb Code     2  heapauxi.o(.text)
    __rt_heap_expand$2region                 0x0800045d   Thumb Code     2  heapauxi.o(.text)
    __aeabi_memcpy4                          0x0800045f   Thumb Code     0  rt_memcpy_w.o(.text)
    __aeabi_memcpy8                          0x0800045f   Thumb Code     0  rt_memcpy_w.o(.text)
    __rt_memcpy_w                            0x0800045f   Thumb Code   100  rt_memcpy_w.o(.text)
    _memcpy_lastbytes_aligned                0x080004a7   Thumb Code     0  rt_memcpy_w.o(.text)
    __user_setup_stackheap                   0x080004c3   Thumb Code    74  sys_stackheap_outer.o(.text)
    exit                                     0x0800050d   Thumb Code    18  exit.o(.text)
    __user_libspace                          0x08000521   Thumb Code     8  libspace.o(.text)
    __user_perproc_libspace                  0x08000521   Thumb Code     0  libspace.o(.text)
    _sys_exit                                0x08000529   Thumb Code     8  sys_exit.o(.text)
    __I$use$semihosting                      0x08000535   Thumb Code     0  use_no_semi.o(.text)
    __use_no_semihosting_swi                 0x08000535   Thumb Code     2  use_no_semi.o(.text)
    __semihosting_library_function           0x08000537   Thumb Code     0  indicate_semi.o(.text)
    OS_Tick_AcknowledgeIRQ                   0x080005fd   Thumb Code    12  os_systick.o(.text.OS_Tick_AcknowledgeIRQ)
    OS_Tick_Enable                           0x08000609   Thumb Code    44  os_systick.o(.text.OS_Tick_Enable)
    OS_Tick_GetIRQn                          0x08000635   Thumb Code     6  os_systick.o(.text.OS_Tick_GetIRQn)
    OS_Tick_Setup                            0x0800063d   Thumb Code    64  os_systick.o(.text.OS_Tick_Setup)
    osDelay                                  0x08000739   Thumb Code    36  rtx_delay.o(.text.osDelay)
    osKernelGetState                         0x0800075d   Thumb Code    52  rtx_kernel.o(.text.osKernelGetState)
    osKernelGetTickCount                     0x08000791   Thumb Code    40  rtx_kernel.o(.text.osKernelGetTickCount)
    osKernelGetTickFreq                      0x080007b9   Thumb Code    40  rtx_kernel.o(.text.osKernelGetTickFreq)
    osKernelInitialize                       0x080007e1   Thumb Code    44  rtx_kernel.o(.text.osKernelInitialize)
    osKernelStart                            0x0800080d   Thumb Code    36  rtx_kernel.o(.text.osKernelStart)
    osMessageQueueGet                        0x08000831   Thumb Code   108  rtx_msgqueue.o(.text.osMessageQueueGet)
    osMessageQueueNew                        0x0800089d   Thumb Code    36  rtx_msgqueue.o(.text.osMessageQueueNew)
    osMessageQueuePut                        0x080008c1   Thumb Code   124  rtx_msgqueue.o(.text.osMessageQueuePut)
    osMutexAcquire                           0x0800093d   Thumb Code    36  rtx_mutex.o(.text.osMutexAcquire)
    osMutexDelete                            0x08000961   Thumb Code    36  rtx_mutex.o(.text.osMutexDelete)
    osMutexNew                               0x08000985   Thumb Code    36  rtx_mutex.o(.text.osMutexNew)
    osMutexRelease                           0x080009a9   Thumb Code    36  rtx_mutex.o(.text.osMutexRelease)
    osRtxMemoryAlloc                         0x080009cd   Thumb Code   128  rtx_memory.o(.text.osRtxMemoryAlloc)
    osRtxMemoryFree                          0x08000a4d   Thumb Code    82  rtx_memory.o(.text.osRtxMemoryFree)
    osRtxMemoryInit                          0x08000a9f   Thumb Code    54  rtx_memory.o(.text.osRtxMemoryInit)
    osRtxMemoryPoolAlloc                     0x08000ad5   Thumb Code    56  rtx_mempool.o(.text.osRtxMemoryPoolAlloc)
    osRtxMemoryPoolFree                      0x08000b0d   Thumb Code    72  rtx_mempool.o(.text.osRtxMemoryPoolFree)
    osRtxMemoryPoolInit                      0x08000b55   Thumb Code    84  rtx_mempool.o(.text.osRtxMemoryPoolInit)
    osRtxMutexOwnerRelease                   0x08000c69   Thumb Code    68  rtx_mutex.o(.text.osRtxMutexOwnerRelease)
    osRtxPendSV_Handler                      0x08000cad   Thumb Code   144  rtx_system.o(.text.osRtxPendSV_Handler)
    osRtxPostProcess                         0x08000d3d   Thumb Code   116  rtx_system.o(.text.osRtxPostProcess)
    osRtxThreadDelayTick                     0x08000ecd   Thumb Code    56  rtx_thread.o(.text.osRtxThreadDelayTick)
    osRtxThreadDispatch                      0x08000f05   Thumb Code    96  rtx_thread.o(.text.osRtxThreadDispatch)
    osRtxThreadListGet                       0x08000fbd   Thumb Code    22  rtx_thread.o(.text.osRtxThreadListGet)
    osRtxThreadListPut                       0x08000fd3   Thumb Code    44  rtx_thread.o(.text.osRtxThreadListPut)
    osRtxThreadListRemove                    0x08000fff   Thumb Code    20  rtx_thread.o(.text.osRtxThreadListRemove)
    osRtxThreadListSort                      0x08001013   Thumb Code    40  rtx_thread.o(.text.osRtxThreadListSort)
    osRtxThreadReadyPut                      0x08001065   Thumb Code    20  rtx_thread.o(.text.osRtxThreadReadyPut)
    osRtxThreadRegPtr                        0x08001079   Thumb Code     6  rtx_thread.o(.text.osRtxThreadRegPtr)
    osRtxThreadStartup                       0x08001081   Thumb Code    88  rtx_thread.o(.text.osRtxThreadStartup)
    osRtxThreadSwitch                        0x080010d9   Thumb Code    16  rtx_thread.o(.text.osRtxThreadSwitch)
    osRtxThreadWaitEnter                     0x080010e9   Thumb Code    56  rtx_thread.o(.text.osRtxThreadWaitEnter)
    osRtxThreadWaitExit                      0x08001121   Thumb Code    36  rtx_thread.o(.text.osRtxThreadWaitExit)
    osRtxTick_Handler                        0x08001145   Thumb Code   112  rtx_system.o(.text.osRtxTick_Handler)
    osRtxTimerThread                         0x080011b5   Thumb Code    68  rtx_timer.o(.text.osRtxTimerThread)
    osThreadExit                             0x08001251   Thumb Code    12  rtx_thread.o(.text.osThreadExit)
    osThreadNew                              0x0800125d   Thumb Code    36  rtx_thread.o(.text.osThreadNew)
    osThreadSetPriority                      0x08001281   Thumb Code    36  rtx_thread.o(.text.osThreadSetPriority)
    Buttons_Initialize                       0x08001cc5   Thumb Code   160  buttons_mcbstm32f200.o(i.Buttons_Initialize)
    EXTI15_10_IRQHandler                     0x08001dd5   Thumb Code    54  main.o(i.EXTI15_10_IRQHandler)
    FSMC_NORSRAM_Extended_Timing_Init        0x08001f9d   Thumb Code    66  stm32f2xx_ll_fsmc.o(i.FSMC_NORSRAM_Extended_Timing_Init)
    FSMC_NORSRAM_Init                        0x08001fe5   Thumb Code    84  stm32f2xx_ll_fsmc.o(i.FSMC_NORSRAM_Init)
    FSMC_NORSRAM_Timing_Init                 0x0800203d   Thumb Code    68  stm32f2xx_ll_fsmc.o(i.FSMC_NORSRAM_Timing_Init)
    GLCD_ClearScreen                         0x08002081   Thumb Code    54  glcd_mcbstm32f200.o(i.GLCD_ClearScreen)
    GLCD_DrawChar                            0x080020bd   Thumb Code   194  glcd_mcbstm32f200.o(i.GLCD_DrawChar)
    GLCD_Initialize                          0x0800218d   Thumb Code  1838  glcd_mcbstm32f200.o(i.GLCD_Initialize)
    GLCD_SetBackgroundColor                  0x080028c1   Thumb Code    10  glcd_mcbstm32f200.o(i.GLCD_SetBackgroundColor)
    GLCD_SetFont                             0x080028d1   Thumb Code    10  glcd_mcbstm32f200.o(i.GLCD_SetFont)
    GLCD_SetForegroundColor                  0x080028e1   Thumb Code    10  glcd_mcbstm32f200.o(i.GLCD_SetForegroundColor)
    HAL_DMA_Abort                            0x0800299d   Thumb Code    94  stm32f2xx_hal_dma.o(i.HAL_DMA_Abort)
    HAL_DMA_Init                             0x080029fd   Thumb Code   128  stm32f2xx_hal_dma.o(i.HAL_DMA_Init)
    HAL_DMA_Start_IT                         0x08002a81   Thumb Code   106  stm32f2xx_hal_dma.o(i.HAL_DMA_Start_IT)
    HAL_Delay                                0x08002aeb   Thumb Code    26  stm32f2xx_hal.o(i.HAL_Delay)
    HAL_GPIO_DeInit                          0x08002b05   Thumb Code   326  stm32f2xx_hal_gpio.o(i.HAL_GPIO_DeInit)
    HAL_GPIO_Init                            0x08002c79   Thumb Code   476  stm32f2xx_hal_gpio.o(i.HAL_GPIO_Init)
    HAL_GPIO_ReadPin                         0x08002e85   Thumb Code    16  stm32f2xx_hal_gpio.o(i.HAL_GPIO_ReadPin)
    HAL_GPIO_WritePin                        0x08002e95   Thumb Code    12  stm32f2xx_hal_gpio.o(i.HAL_GPIO_WritePin)
    HAL_GetTick                              0x08002ea1   Thumb Code     8  main.o(i.HAL_GetTick)
    HAL_Init                                 0x08002ea9   Thumb Code    54  stm32f2xx_hal.o(i.HAL_Init)
    HAL_InitTick                             0x08002ee5   Thumb Code    36  stm32f2xx_hal.o(i.HAL_InitTick)
    HAL_MspInit                              0x08002f09   Thumb Code     2  stm32f2xx_hal.o(i.HAL_MspInit)
    HAL_NVIC_ClearPendingIRQ                 0x08002f0d   Thumb Code    30  stm32f2xx_hal_cortex.o(i.HAL_NVIC_ClearPendingIRQ)
    HAL_NVIC_DisableIRQ                      0x08002f31   Thumb Code    62  stm32f2xx_hal_cortex.o(i.HAL_NVIC_DisableIRQ)
    HAL_NVIC_EnableIRQ                       0x08002f75   Thumb Code    32  stm32f2xx_hal_cortex.o(i.HAL_NVIC_EnableIRQ)
    HAL_NVIC_SetPriority                     0x08002f95   Thumb Code   124  stm32f2xx_hal_cortex.o(i.HAL_NVIC_SetPriority)
    HAL_NVIC_SetPriorityGrouping             0x08003011   Thumb Code    32  stm32f2xx_hal_cortex.o(i.HAL_NVIC_SetPriorityGrouping)
    HAL_RCC_GetHCLKFreq                      0x08003039   Thumb Code    42  stm32f2xx_hal_rcc.o(i.HAL_RCC_GetHCLKFreq)
    HAL_RCC_GetPCLK1Freq                     0x08003071   Thumb Code    36  stm32f2xx_hal_rcc.o(i.HAL_RCC_GetPCLK1Freq)
    HAL_RCC_GetSysClockFreq                  0x0800309d   Thumb Code   168  stm32f2xx_hal_rcc.o(i.HAL_RCC_GetSysClockFreq)
    HAL_SRAM_Init                            0x08003151   Thumb Code    88  stm32f2xx_hal_sram.o(i.HAL_SRAM_Init)
    HAL_SRAM_MspInit                         0x080031a9   Thumb Code     2  stm32f2xx_hal_sram.o(i.HAL_SRAM_MspInit)
    HAL_SYSTICK_Config                       0x080031ab   Thumb Code    52  stm32f2xx_hal_cortex.o(i.HAL_SYSTICK_Config)
    I2C1_ER_IRQHandler                       0x080031f9   Thumb Code    10  i2c_stm32f2xx.o(i.I2C1_ER_IRQHandler)
    I2C1_EV_IRQHandler                       0x08003209   Thumb Code    10  i2c_stm32f2xx.o(i.I2C1_EV_IRQHandler)
    Init_thdDisplayTime                      0x08004575   Thumb Code    32  displaytime.o(i.Init_thdDisplayTime)
    LED_Initialize                           0x0800459d   Thumb Code   178  led_mcbstm32f200.o(i.LED_Initialize)
    SystemCoreClockUpdate                    0x08004661   Thumb Code   170  system_stm32f2xx.o(i.SystemCoreClockUpdate)
    SystemInit                               0x08004721   Thumb Code    68  system_stm32f2xx.o(i.SystemInit)
    _mutex_acquire                           0x080047ad   Thumb Code    22  rtx_lib.o(i._mutex_acquire)
    _mutex_free                              0x080047c3   Thumb Code    12  rtx_lib.o(i._mutex_free)
    _mutex_initialize                        0x080047cf   Thumb Code    34  rtx_lib.o(i._mutex_initialize)
    _mutex_release                           0x080047f1   Thumb Code    18  rtx_lib.o(i._mutex_release)
    _platform_post_stackheap_init            0x08004803   Thumb Code     8  rtx_lib.o(i._platform_post_stackheap_init)
    app_hw_init                              0x0800480d   Thumb Code    48  main.o(i.app_hw_init)
    main                                     0x08004845   Thumb Code   170  main.o(i.main)
    osRtxErrorNotify                         0x08004911   Thumb Code    32  rtx_config.o(i.osRtxErrorNotify)
    osRtxIdleThread                          0x08004931   Thumb Code     4  rtx_config.o(i.osRtxIdleThread)
    osRtxKernelPreInit                       0x08004935   Thumb Code     2  rtx_lib.o(i.osRtxKernelPreInit)
    osRtxThreadStackCheck                    0x08004937   Thumb Code     2  rtx_lib.o(i.osRtxThreadStackCheck)
    thdDisplayTime                           0x08004959   Thumb Code   258  displaytime.o(i.thdDisplayTime)
    GLCD_Font_6x8                            0x08006320   Data          16  glcd_fonts.o(.constdata)
    GLCD_Font_16x24                          0x08006330   Data          16  glcd_fonts.o(.constdata)
    osRtxUserSVC                             0x080063a0   Data           4  rtx_lib.o(.constdata)
    Driver_I2C1                              0x080063dc   Data          48  i2c_stm32f2xx.o(.constdata)
    APBAHBPrescTable                         0x08006414   Data          16  stm32f2xx_hal_rcc.o(.constdata)
    AHBPrescTable                            0x08006424   Data          16  system_stm32f2xx.o(.constdata)
    irqRtxLib                                0x08006434   Data           1  irq_cm3.o(.constdata)
    osRtxConfig                              0x08006438   Data         104  rtx_lib.o(.rodata)
    Region$$Table$$Base                      0x080064ac   Number         0  anon$$obj.o(Region$$Table)
    Region$$Table$$Limit                     0x080064cc   Number         0  anon$$obj.o(Region$$Table)
    .bss.os.msgqueue.cb$$Base                0x20001040   Number         0  rtx_lib.o(.bss.os.msgqueue.cb)
    .bss.os.msgqueue.cb$$Limit               0x20001074   Number         0  rtx_lib.o(.bss.os.msgqueue.cb)
    .bss.os.mutex.cb$$Base                   0x200010c4   Number         0  rtx_lib.o(.bss.os.mutex.cb)
    .bss.os.mutex.cb$$Limit                  0x20001118   Number         0  rtx_lib.o(.bss.os.mutex.cb)
    .bss.os.semaphore.cb$$Base               0x20001118   Number         0  rtx_lib.o(.bss.os.semaphore.cb)
    .bss.os.semaphore.cb$$Limit              0x20001128   Number         0  rtx_lib.o(.bss.os.semaphore.cb)
    .bss.os.thread.cb$$Base                  0x20001128   Number         0  rtx_lib.o(.bss.os.thread.cb)
    .bss.os.thread.cb$$Limit                 0x2000127c   Number         0  rtx_lib.o(.bss.os.thread.cb)
    hour                                     0x20001410   Data           4  main.o(.data)
    minute                                   0x20001414   Data           4  main.o(.data)
    second                                   0x20001418   Data           4  main.o(.data)
    mutHour                                  0x2000141c   Data           4  main.o(.data)
    mutMinute                                0x20001420   Data           4  main.o(.data)
    mutSecond                                0x20001424   Data           4  main.o(.data)
    semDisplayTime                           0x20001428   Data           4  main.o(.data)
    tid_thdDisplayTime                       0x20001430   Data           4  displaytime.o(.data)
    irqRtxLibRef                             0x20001440   Data           4  rtx_lib.o(.data)
    SystemCoreClock                          0x20001448   Data           4  system_stm32f2xx.o(.data)
    osRtxInfo                                0x2000144c   Data         164  rtx_kernel.o(.data.os)
    __libspace_start                         0x200015a0   Data          96  libspace.o(.bss)
    __temporary_stack_top$libspace           0x20001600   Data           0  libspace.o(.bss)



==============================================================================

Memory Map of the image

  Image Entry point : 0x08000269

  Load Region LR_1 (Base: 0x08000000, Size: 0x00007a04, Max: 0xffffffff, ABSOLUTE, COMPRESSED[0x0000652c])

    Execution Region ER_RO (Exec base: 0x08000000, Load base: 0x08000000, Size: 0x000064cc, Max: 0xffffffff, ABSOLUTE)

    Exec Addr    Load Addr    Size         Type   Attr      Idx    E Section Name        Object

    0x08000000   0x08000000   0x00000184   Data   RO         2588    RESET               startup_stm32f207xx.o
    0x08000184   0x08000184   0x00000008   Code   RO         3124  * !!!main             c_w.l(__main.o)
    0x0800018c   0x0800018c   0x00000034   Code   RO         3283    !!!scatter          c_w.l(__scatter.o)
    0x080001c0   0x080001c0   0x0000005a   Code   RO         3281    !!dczerorl2         c_w.l(__dczerorl2.o)
    0x0800021a   0x0800021a   0x00000002   PAD
    0x0800021c   0x0800021c   0x0000001c   Code   RO         3285    !!handler_zi        c_w.l(__scatter_zi.o)
    0x08000238   0x08000238   0x00000002   Code   RO         3151    .ARM.Collect$$libinit$$00000000  c_w.l(libinit.o)
    0x0800023a   0x0800023a   0x00000000   Code   RO         3158    .ARM.Collect$$libinit$$00000002  c_w.l(libinit2.o)
    0x0800023a   0x0800023a   0x00000000   Code   RO         3160    .ARM.Collect$$libinit$$00000004  c_w.l(libinit2.o)
    0x0800023a   0x0800023a   0x00000000   Code   RO         3163    .ARM.Collect$$libinit$$0000000A  c_w.l(libinit2.o)
    0x0800023a   0x0800023a   0x00000000   Code   RO         3165    .ARM.Collect$$libinit$$0000000C  c_w.l(libinit2.o)
    0x0800023a   0x0800023a   0x00000000   Code   RO         3167    .ARM.Collect$$libinit$$0000000E  c_w.l(libinit2.o)
    0x0800023a   0x0800023a   0x00000000   Code   RO         3170    .ARM.Collect$$libinit$$00000011  c_w.l(libinit2.o)
    0x0800023a   0x0800023a   0x00000000   Code   RO         3172    .ARM.Collect$$libinit$$00000013  c_w.l(libinit2.o)
    0x0800023a   0x0800023a   0x00000000   Code   RO         3174    .ARM.Collect$$libinit$$00000015  c_w.l(libinit2.o)
    0x0800023a   0x0800023a   0x00000000   Code   RO         3176    .ARM.Collect$$libinit$$00000017  c_w.l(libinit2.o)
    0x0800023a   0x0800023a   0x00000000   Code   RO         3178    .ARM.Collect$$libinit$$00000019  c_w.l(libinit2.o)
    0x0800023a   0x0800023a   0x00000000   Code   RO         3180    .ARM.Collect$$libinit$$0000001B  c_w.l(libinit2.o)
    0x0800023a   0x0800023a   0x00000000   Code   RO         3182    .ARM.Collect$$libinit$$0000001D  c_w.l(libinit2.o)
    0x0800023a   0x0800023a   0x00000000   Code   RO         3184    .ARM.Collect$$libinit$$0000001F  c_w.l(libinit2.o)
    0x0800023a   0x0800023a   0x00000000   Code   RO         3186    .ARM.Collect$$libinit$$00000021  c_w.l(libinit2.o)
    0x0800023a   0x0800023a   0x00000000   Code   RO         3188    .ARM.Collect$$libinit$$00000023  c_w.l(libinit2.o)
    0x0800023a   0x0800023a   0x00000000   Code   RO         3190    .ARM.Collect$$libinit$$00000025  c_w.l(libinit2.o)
    0x0800023a   0x0800023a   0x00000000   Code   RO         3194    .ARM.Collect$$libinit$$0000002C  c_w.l(libinit2.o)
    0x0800023a   0x0800023a   0x00000000   Code   RO         3196    .ARM.Collect$$libinit$$0000002E  c_w.l(libinit2.o)
    0x0800023a   0x0800023a   0x00000000   Code   RO         3198    .ARM.Collect$$libinit$$00000030  c_w.l(libinit2.o)
    0x0800023a   0x0800023a   0x00000000   Code   RO         3200    .ARM.Collect$$libinit$$00000032  c_w.l(libinit2.o)
    0x0800023a   0x0800023a   0x00000002   Code   RO         3201    .ARM.Collect$$libinit$$00000033  c_w.l(libinit2.o)
    0x0800023c   0x0800023c   0x00000002   Code   RO         3221    .ARM.Collect$$libshutdown$$00000000  c_w.l(libshutdown.o)
    0x0800023e   0x0800023e   0x00000000   Code   RO         3234    .ARM.Collect$$libshutdown$$00000002  c_w.l(libshutdown2.o)
    0x0800023e   0x0800023e   0x00000000   Code   RO         3236    .ARM.Collect$$libshutdown$$00000004  c_w.l(libshutdown2.o)
    0x0800023e   0x0800023e   0x00000000   Code   RO         3239    .ARM.Collect$$libshutdown$$00000007  c_w.l(libshutdown2.o)
    0x0800023e   0x0800023e   0x00000000   Code   RO         3242    .ARM.Collect$$libshutdown$$0000000A  c_w.l(libshutdown2.o)
    0x0800023e   0x0800023e   0x00000000   Code   RO         3244    .ARM.Collect$$libshutdown$$0000000C  c_w.l(libshutdown2.o)
    0x0800023e   0x0800023e   0x00000000   Code   RO         3247    .ARM.Collect$$libshutdown$$0000000F  c_w.l(libshutdown2.o)
    0x0800023e   0x0800023e   0x00000002   Code   RO         3248    .ARM.Collect$$libshutdown$$00000010  c_w.l(libshutdown2.o)
    0x08000240   0x08000240   0x00000000   Code   RO         3126    .ARM.Collect$$rtentry$$00000000  c_w.l(__rtentry.o)
    0x08000240   0x08000240   0x00000000   Code   RO         3130    .ARM.Collect$$rtentry$$00000002  c_w.l(__rtentry2.o)
    0x08000240   0x08000240   0x00000006   Code   RO         3142    .ARM.Collect$$rtentry$$00000004  c_w.l(__rtentry4.o)
    0x08000246   0x08000246   0x00000008   Code   RO         3131    .ARM.Collect$$rtentry$$00000008  c_w.l(__rtentry2.o)
    0x0800024e   0x0800024e   0x00000004   Code   RO         3133    .ARM.Collect$$rtentry$$0000000A  c_w.l(__rtentry2.o)
    0x08000252   0x08000252   0x00000000   Code   RO         3135    .ARM.Collect$$rtentry$$0000000C  c_w.l(__rtentry2.o)
    0x08000252   0x08000252   0x00000008   Code   RO         3136    .ARM.Collect$$rtentry$$0000000D  c_w.l(__rtentry2.o)
    0x0800025a   0x0800025a   0x00000002   Code   RO         3155    .ARM.Collect$$rtexit$$00000000  c_w.l(rtexit.o)
    0x0800025c   0x0800025c   0x00000000   Code   RO         3203    .ARM.Collect$$rtexit$$00000002  c_w.l(rtexit2.o)
    0x0800025c   0x0800025c   0x00000004   Code   RO         3204    .ARM.Collect$$rtexit$$00000003  c_w.l(rtexit2.o)
    0x08000260   0x08000260   0x00000006   Code   RO         3205    .ARM.Collect$$rtexit$$00000004  c_w.l(rtexit2.o)
    0x08000266   0x08000266   0x00000002   PAD
    0x08000268   0x08000268   0x00000040   Code   RO         2589  * .text               startup_stm32f207xx.o
    0x080002a8   0x080002a8   0x00000094   Code   RO         2889    .text               RTX_CM3.lib(irq_cm3.o)
    0x0800033c   0x0800033c   0x0000008a   Code   RO         3116    .text               c_w.l(rt_memcpy_v6.o)
    0x080003c6   0x080003c6   0x00000044   Code   RO         3118    .text               c_w.l(rt_memclr.o)
    0x0800040a   0x0800040a   0x0000004e   Code   RO         3120    .text               c_w.l(rt_memclr_w.o)
    0x08000458   0x08000458   0x00000006   Code   RO         3122    .text               c_w.l(heapauxi.o)
    0x0800045e   0x0800045e   0x00000064   Code   RO         3127    .text               c_w.l(rt_memcpy_w.o)
    0x080004c2   0x080004c2   0x0000004a   Code   RO         3144    .text               c_w.l(sys_stackheap_outer.o)
    0x0800050c   0x0800050c   0x00000012   Code   RO         3146    .text               c_w.l(exit.o)
    0x0800051e   0x0800051e   0x00000002   PAD
    0x08000520   0x08000520   0x00000008   Code   RO         3152    .text               c_w.l(libspace.o)
    0x08000528   0x08000528   0x0000000c   Code   RO         3213    .text               c_w.l(sys_exit.o)
    0x08000534   0x08000534   0x00000002   Code   RO         3224    .text               c_w.l(use_no_semi.o)
    0x08000536   0x08000536   0x00000000   Code   RO         3226    .text               c_w.l(indicate_semi.o)
    0x08000536   0x08000536   0x00000046   Code   RO         3096    .text.MessageQueueGet  RTX_CM3.lib(rtx_msgqueue.o)
    0x0800057c   0x0800057c   0x00000064   Code   RO         3090    .text.MessageQueuePut  RTX_CM3.lib(rtx_msgqueue.o)
    0x080005e0   0x080005e0   0x0000001c   Code   RO         3088    .text.MessageQueueRemove  RTX_CM3.lib(rtx_msgqueue.o)
    0x080005fc   0x080005fc   0x0000000c   Code   RO         3032    .text.OS_Tick_AcknowledgeIRQ  RTX_CM3.lib(os_systick.o)
    0x08000608   0x08000608   0x0000002c   Code   RO         3028    .text.OS_Tick_Enable  RTX_CM3.lib(os_systick.o)
    0x08000634   0x08000634   0x00000006   Code   RO         3034    .text.OS_Tick_GetIRQn  RTX_CM3.lib(os_systick.o)
    0x0800063a   0x0800063a   0x00000002   PAD
    0x0800063c   0x0800063c   0x00000040   Code   RO         3026    .text.OS_Tick_Setup  RTX_CM3.lib(os_systick.o)
    0x0800067c   0x0800067c   0x0000006a   Code   RO         2778    .text.ThreadFlagsCheck  RTX_CM3.lib(rtx_thread.o)
    0x080006e6   0x080006e6   0x00000002   PAD
    0x080006e8   0x080006e8   0x00000050   Code   RO         2910    .text.TimerInsert   RTX_CM3.lib(rtx_timer.o)
    0x08000738   0x08000738   0x00000024   Code   RO         2833    .text.osDelay       RTX_CM3.lib(rtx_delay.o)
    0x0800075c   0x0800075c   0x00000034   Code   RO         2639    .text.osKernelGetState  RTX_CM3.lib(rtx_kernel.o)
    0x08000790   0x08000790   0x00000028   Code   RO         2655    .text.osKernelGetTickCount  RTX_CM3.lib(rtx_kernel.o)
    0x080007b8   0x080007b8   0x00000028   Code   RO         2659    .text.osKernelGetTickFreq  RTX_CM3.lib(rtx_kernel.o)
    0x080007e0   0x080007e0   0x0000002c   Code   RO         2633    .text.osKernelInitialize  RTX_CM3.lib(rtx_kernel.o)
    0x0800080c   0x0800080c   0x00000024   Code   RO         2643    .text.osKernelStart  RTX_CM3.lib(rtx_kernel.o)
    0x08000830   0x08000830   0x0000006c   Code   RO         3062    .text.osMessageQueueGet  RTX_CM3.lib(rtx_msgqueue.o)
    0x0800089c   0x0800089c   0x00000024   Code   RO         3056    .text.osMessageQueueNew  RTX_CM3.lib(rtx_msgqueue.o)
    0x080008c0   0x080008c0   0x0000007c   Code   RO         3060    .text.osMessageQueuePut  RTX_CM3.lib(rtx_msgqueue.o)
    0x0800093c   0x0800093c   0x00000024   Code   RO         2858    .text.osMutexAcquire  RTX_CM3.lib(rtx_mutex.o)
    0x08000960   0x08000960   0x00000024   Code   RO         2864    .text.osMutexDelete  RTX_CM3.lib(rtx_mutex.o)
    0x08000984   0x08000984   0x00000024   Code   RO         2854    .text.osMutexNew    RTX_CM3.lib(rtx_mutex.o)
    0x080009a8   0x080009a8   0x00000024   Code   RO         2860    .text.osMutexRelease  RTX_CM3.lib(rtx_mutex.o)
    0x080009cc   0x080009cc   0x00000080   Code   RO         2939    .text.osRtxMemoryAlloc  RTX_CM3.lib(rtx_memory.o)
    0x08000a4c   0x08000a4c   0x00000052   Code   RO         2941    .text.osRtxMemoryFree  RTX_CM3.lib(rtx_memory.o)
    0x08000a9e   0x08000a9e   0x00000036   Code   RO         2937    .text.osRtxMemoryInit  RTX_CM3.lib(rtx_memory.o)
    0x08000ad4   0x08000ad4   0x00000038   Code   RO         2956    .text.osRtxMemoryPoolAlloc  RTX_CM3.lib(rtx_mempool.o)
    0x08000b0c   0x08000b0c   0x00000048   Code   RO         2958    .text.osRtxMemoryPoolFree  RTX_CM3.lib(rtx_mempool.o)
    0x08000b54   0x08000b54   0x00000054   Code   RO         2954    .text.osRtxMemoryPoolInit  RTX_CM3.lib(rtx_mempool.o)
    0x08000ba8   0x08000ba8   0x000000c0   Code   RO         3086    .text.osRtxMessageQueuePostProcess  RTX_CM3.lib(rtx_msgqueue.o)
    0x08000c68   0x08000c68   0x00000044   Code   RO         2852    .text.osRtxMutexOwnerRelease  RTX_CM3.lib(rtx_mutex.o)
    0x08000cac   0x08000cac   0x00000090   Code   RO         3011    .text.osRtxPendSV_Handler  RTX_CM3.lib(rtx_system.o)
    0x08000d3c   0x08000d3c   0x00000074   Code   RO         3013    .text.osRtxPostProcess  RTX_CM3.lib(rtx_system.o)
    0x08000db0   0x08000db0   0x00000038   Code   RO         2718    .text.osRtxThreadBlock  RTX_CM3.lib(rtx_thread.o)
    0x08000de8   0x08000de8   0x0000008c   Code   RO         2726    .text.osRtxThreadDelayInsert  RTX_CM3.lib(rtx_thread.o)
    0x08000e74   0x08000e74   0x00000058   Code   RO         2722    .text.osRtxThreadDelayRemove  RTX_CM3.lib(rtx_thread.o)
    0x08000ecc   0x08000ecc   0x00000038   Code   RO         2708    .text.osRtxThreadDelayTick  RTX_CM3.lib(rtx_thread.o)
    0x08000f04   0x08000f04   0x00000060   Code   RO         2716    .text.osRtxThreadDispatch  RTX_CM3.lib(rtx_thread.o)
    0x08000f64   0x08000f64   0x00000058   Code   RO         2802    .text.osRtxThreadFree  RTX_CM3.lib(rtx_thread.o)
    0x08000fbc   0x08000fbc   0x00000016   Code   RO         2700    .text.osRtxThreadListGet  RTX_CM3.lib(rtx_thread.o)
    0x08000fd2   0x08000fd2   0x0000002c   Code   RO         2698    .text.osRtxThreadListPut  RTX_CM3.lib(rtx_thread.o)
    0x08000ffe   0x08000ffe   0x00000014   Code   RO         2704    .text.osRtxThreadListRemove  RTX_CM3.lib(rtx_thread.o)
    0x08001012   0x08001012   0x00000028   Code   RO         2702    .text.osRtxThreadListSort  RTX_CM3.lib(rtx_thread.o)
    0x0800103a   0x0800103a   0x0000002a   Code   RO         2776    .text.osRtxThreadPostProcess  RTX_CM3.lib(rtx_thread.o)
    0x08001064   0x08001064   0x00000014   Code   RO         2706    .text.osRtxThreadReadyPut  RTX_CM3.lib(rtx_thread.o)
    0x08001078   0x08001078   0x00000006   Code   RO         2710    .text.osRtxThreadRegPtr  RTX_CM3.lib(rtx_thread.o)
    0x0800107e   0x0800107e   0x00000002   PAD
    0x08001080   0x08001080   0x00000058   Code   RO         2728    .text.osRtxThreadStartup  RTX_CM3.lib(rtx_thread.o)
    0x080010d8   0x080010d8   0x00000010   Code   RO         2712    .text.osRtxThreadSwitch  RTX_CM3.lib(rtx_thread.o)
    0x080010e8   0x080010e8   0x00000038   Code   RO         2724    .text.osRtxThreadWaitEnter  RTX_CM3.lib(rtx_thread.o)
    0x08001120   0x08001120   0x00000024   Code   RO         2720    .text.osRtxThreadWaitExit  RTX_CM3.lib(rtx_thread.o)
    0x08001144   0x08001144   0x00000070   Code   RO         3009    .text.osRtxTick_Handler  RTX_CM3.lib(rtx_system.o)
    0x080011b4   0x080011b4   0x00000044   Code   RO         2894    .text.osRtxTimerThread  RTX_CM3.lib(rtx_timer.o)
    0x080011f8   0x080011f8   0x00000058   Code   RO         2896    .text.osRtxTimerTick  RTX_CM3.lib(rtx_timer.o)
    0x08001250   0x08001250   0x0000000c   Code   RO         2760    .text.osThreadExit  RTX_CM3.lib(rtx_thread.o)
    0x0800125c   0x0800125c   0x00000024   Code   RO         2732    .text.osThreadNew   RTX_CM3.lib(rtx_thread.o)
    0x08001280   0x08001280   0x00000024   Code   RO         2746    .text.osThreadSetPriority  RTX_CM3.lib(rtx_thread.o)
    0x080012a4   0x080012a4   0x00000014   Code   RO         2837    .text.svcRtxDelay   RTX_CM3.lib(rtx_delay.o)
    0x080012b8   0x080012b8   0x0000000c   Code   RO         2641    .text.svcRtxKernelGetState  RTX_CM3.lib(rtx_kernel.o)
    0x080012c4   0x080012c4   0x0000000c   Code   RO         2657    .text.svcRtxKernelGetTickCount  RTX_CM3.lib(rtx_kernel.o)
    0x080012d0   0x080012d0   0x0000000c   Code   RO         2661    .text.svcRtxKernelGetTickFreq  RTX_CM3.lib(rtx_kernel.o)
    0x080012dc   0x080012dc   0x00000178   Code   RO         2671    .text.svcRtxKernelInitialize  RTX_CM3.lib(rtx_kernel.o)
    0x08001454   0x08001454   0x0000008c   Code   RO         2673    .text.svcRtxKernelStart  RTX_CM3.lib(rtx_kernel.o)
    0x080014e0   0x080014e0   0x000000e8   Code   RO         3098    .text.svcRtxMessageQueueGet  RTX_CM3.lib(rtx_msgqueue.o)
    0x080015c8   0x080015c8   0x00000134   Code   RO         3084    .text.svcRtxMessageQueueNew  RTX_CM3.lib(rtx_msgqueue.o)
    0x080016fc   0x080016fc   0x000000c0   Code   RO         3094    .text.svcRtxMessageQueuePut  RTX_CM3.lib(rtx_msgqueue.o)
    0x080017bc   0x080017bc   0x00000094   Code   RO         2870    .text.svcRtxMutexAcquire  RTX_CM3.lib(rtx_mutex.o)
    0x08001850   0x08001850   0x000000c4   Code   RO         2876    .text.svcRtxMutexDelete  RTX_CM3.lib(rtx_mutex.o)
    0x08001914   0x08001914   0x0000006c   Code   RO         2866    .text.svcRtxMutexNew  RTX_CM3.lib(rtx_mutex.o)
    0x08001980   0x08001980   0x000000b4   Code   RO         2872    .text.svcRtxMutexRelease  RTX_CM3.lib(rtx_mutex.o)
    0x08001a34   0x08001a34   0x00000068   Code   RO         2806    .text.svcRtxThreadExit  RTX_CM3.lib(rtx_thread.o)
    0x08001a9c   0x08001a9c   0x000001dc   Code   RO         2730    .text.svcRtxThreadNew  RTX_CM3.lib(rtx_thread.o)
    0x08001c78   0x08001c78   0x0000004c   Code   RO         2788    .text.svcRtxThreadSetPriority  RTX_CM3.lib(rtx_thread.o)
    0x08001cc4   0x08001cc4   0x000000b0   Code   RO          212    i.Buttons_Initialize  buttons_mcbstm32f200.o
    0x08001d74   0x08001d74   0x00000034   Code   RO         1453    i.DMA_CalcBaseAndBitshift  stm32f2xx_hal_dma.o
    0x08001da8   0x08001da8   0x0000002c   Code   RO         1454    i.DMA_SetConfig     stm32f2xx_hal_dma.o
    0x08001dd4   0x08001dd4   0x00000044   Code   RO            4    i.EXTI15_10_IRQHandler  main.o
    0x08001e18   0x08001e18   0x00000184   Code   RO          599    i.Enable_GPIO_Clock  i2c_stm32f2xx.o
    0x08001f9c   0x08001f9c   0x00000048   Code   RO         2471    i.FSMC_NORSRAM_Extended_Timing_Init  stm32f2xx_ll_fsmc.o
    0x08001fe4   0x08001fe4   0x00000058   Code   RO         2472    i.FSMC_NORSRAM_Init  stm32f2xx_ll_fsmc.o
    0x0800203c   0x0800203c   0x00000044   Code   RO         2473    i.FSMC_NORSRAM_Timing_Init  stm32f2xx_ll_fsmc.o
    0x08002080   0x08002080   0x0000003c   Code   RO          265    i.GLCD_ClearScreen  glcd_mcbstm32f200.o
    0x080020bc   0x080020bc   0x000000d0   Code   RO          268    i.GLCD_DrawChar     glcd_mcbstm32f200.o
    0x0800218c   0x0800218c   0x00000734   Code   RO          276    i.GLCD_Initialize   glcd_mcbstm32f200.o
    0x080028c0   0x080028c0   0x00000010   Code   RO          277    i.GLCD_SetBackgroundColor  glcd_mcbstm32f200.o
    0x080028d0   0x080028d0   0x00000010   Code   RO          278    i.GLCD_SetFont      glcd_mcbstm32f200.o
    0x080028e0   0x080028e0   0x00000010   Code   RO          279    i.GLCD_SetForegroundColor  glcd_mcbstm32f200.o
    0x080028f0   0x080028f0   0x000000ac   Code   RO          280    i.GLCD_SetWindow    glcd_mcbstm32f200.o
    0x0800299c   0x0800299c   0x0000005e   Code   RO         1455    i.HAL_DMA_Abort     stm32f2xx_hal_dma.o
    0x080029fa   0x080029fa   0x00000002   PAD
    0x080029fc   0x080029fc   0x00000084   Code   RO         1460    i.HAL_DMA_Init      stm32f2xx_hal_dma.o
    0x08002a80   0x08002a80   0x0000006a   Code   RO         1463    i.HAL_DMA_Start_IT  stm32f2xx_hal_dma.o
    0x08002aea   0x08002aea   0x0000001a   Code   RO          787    i.HAL_Delay         stm32f2xx_hal.o
    0x08002b04   0x08002b04   0x00000174   Code   RO         1577    i.HAL_GPIO_DeInit   stm32f2xx_hal_gpio.o
    0x08002c78   0x08002c78   0x0000020c   Code   RO         1580    i.HAL_GPIO_Init     stm32f2xx_hal_gpio.o
    0x08002e84   0x08002e84   0x00000010   Code   RO         1582    i.HAL_GPIO_ReadPin  stm32f2xx_hal_gpio.o
    0x08002e94   0x08002e94   0x0000000c   Code   RO         1584    i.HAL_GPIO_WritePin  stm32f2xx_hal_gpio.o
    0x08002ea0   0x08002ea0   0x00000008   Code   RO            5    i.HAL_GetTick       main.o
    0x08002ea8   0x08002ea8   0x0000003c   Code   RO          795    i.HAL_Init          stm32f2xx_hal.o
    0x08002ee4   0x08002ee4   0x00000024   Code   RO          796    i.HAL_InitTick      stm32f2xx_hal.o
    0x08002f08   0x08002f08   0x00000002   Code   RO          798    i.HAL_MspInit       stm32f2xx_hal.o
    0x08002f0a   0x08002f0a   0x00000002   PAD
    0x08002f0c   0x08002f0c   0x00000024   Code   RO         1202    i.HAL_NVIC_ClearPendingIRQ  stm32f2xx_hal_cortex.o
    0x08002f30   0x08002f30   0x00000044   Code   RO         1203    i.HAL_NVIC_DisableIRQ  stm32f2xx_hal_cortex.o
    0x08002f74   0x08002f74   0x00000020   Code   RO         1204    i.HAL_NVIC_EnableIRQ  stm32f2xx_hal_cortex.o
    0x08002f94   0x08002f94   0x0000007c   Code   RO         1210    i.HAL_NVIC_SetPriority  stm32f2xx_hal_cortex.o
    0x08003010   0x08003010   0x00000028   Code   RO         1211    i.HAL_NVIC_SetPriorityGrouping  stm32f2xx_hal_cortex.o
    0x08003038   0x08003038   0x00000038   Code   RO         1991    i.HAL_RCC_GetHCLKFreq  stm32f2xx_hal_rcc.o
    0x08003070   0x08003070   0x0000002c   Code   RO         1993    i.HAL_RCC_GetPCLK1Freq  stm32f2xx_hal_rcc.o
    0x0800309c   0x0800309c   0x000000b4   Code   RO         1995    i.HAL_RCC_GetSysClockFreq  stm32f2xx_hal_rcc.o
    0x08003150   0x08003150   0x00000058   Code   RO         2124    i.HAL_SRAM_Init     stm32f2xx_hal_sram.o
    0x080031a8   0x080031a8   0x00000002   Code   RO         2126    i.HAL_SRAM_MspInit  stm32f2xx_hal_sram.o
    0x080031aa   0x080031aa   0x00000034   Code   RO         1215    i.HAL_SYSTICK_Config  stm32f2xx_hal_cortex.o
    0x080031de   0x080031de   0x00000002   PAD
    0x080031e0   0x080031e0   0x00000018   Code   RO          600    i.I2C1_Control      i2c_stm32f2xx.o
    0x080031f8   0x080031f8   0x00000010   Code   RO          601    i.I2C1_ER_IRQHandler  i2c_stm32f2xx.o
    0x08003208   0x08003208   0x00000010   Code   RO          602    i.I2C1_EV_IRQHandler  i2c_stm32f2xx.o
    0x08003218   0x08003218   0x00000010   Code   RO          603    i.I2C1_GetDataCount  i2c_stm32f2xx.o
    0x08003228   0x08003228   0x00000010   Code   RO          604    i.I2C1_GetStatus    i2c_stm32f2xx.o
    0x08003238   0x08003238   0x00000014   Code   RO          605    i.I2C1_Initialize   i2c_stm32f2xx.o
    0x0800324c   0x0800324c   0x00000020   Code   RO          606    i.I2C1_MasterReceive  i2c_stm32f2xx.o
    0x0800326c   0x0800326c   0x00000020   Code   RO          607    i.I2C1_MasterTransmit  i2c_stm32f2xx.o
    0x0800328c   0x0800328c   0x00000014   Code   RO          608    i.I2C1_PowerControl  i2c_stm32f2xx.o
    0x080032a0   0x080032a0   0x00000018   Code   RO          609    i.I2C1_SlaveReceive  i2c_stm32f2xx.o
    0x080032b8   0x080032b8   0x00000018   Code   RO          610    i.I2C1_SlaveTransmit  i2c_stm32f2xx.o
    0x080032d0   0x080032d0   0x00000010   Code   RO          611    i.I2C1_Uninitialize  i2c_stm32f2xx.o
    0x080032e0   0x080032e0   0x0000000c   Code   RO          612    i.I2CX_GetCapabilities  i2c_stm32f2xx.o
    0x080032ec   0x080032ec   0x00000010   Code   RO          613    i.I2CX_GetVersion   i2c_stm32f2xx.o
    0x080032fc   0x080032fc   0x00000334   Code   RO          614    i.I2C_Control       i2c_stm32f2xx.o
    0x08003630   0x08003630   0x0000015e   Code   RO          615    i.I2C_ER_IRQHandler  i2c_stm32f2xx.o
    0x0800378e   0x0800378e   0x000005dc   Code   RO          616    i.I2C_EV_IRQHandler  i2c_stm32f2xx.o
    0x08003d6a   0x08003d6a   0x00000018   Code   RO          617    i.I2C_GetDataCount  i2c_stm32f2xx.o
    0x08003d82   0x08003d82   0x00000008   Code   RO          618    i.I2C_GetStatus     i2c_stm32f2xx.o
    0x08003d8a   0x08003d8a   0x00000002   PAD
    0x08003d8c   0x08003d8c   0x000001c0   Code   RO          619    i.I2C_Initialize    i2c_stm32f2xx.o
    0x08003f4c   0x08003f4c   0x00000124   Code   RO          620    i.I2C_MasterReceive  i2c_stm32f2xx.o
    0x08004070   0x08004070   0x0000010a   Code   RO          621    i.I2C_MasterTransmit  i2c_stm32f2xx.o
    0x0800417a   0x0800417a   0x00000002   PAD
    0x0800417c   0x0800417c   0x000002a8   Code   RO          622    i.I2C_PowerControl  i2c_stm32f2xx.o
    0x08004424   0x08004424   0x0000008c   Code   RO          623    i.I2C_SlaveReceive  i2c_stm32f2xx.o
    0x080044b0   0x080044b0   0x0000008c   Code   RO          624    i.I2C_SlaveTransmit  i2c_stm32f2xx.o
    0x0800453c   0x0800453c   0x00000036   Code   RO          625    i.I2C_Uninitialize  i2c_stm32f2xx.o
    0x08004572   0x08004572   0x00000002   PAD
    0x08004574   0x08004574   0x00000028   Code   RO          175    i.Init_thdDisplayTime  displaytime.o
    0x0800459c   0x0800459c   0x000000c4   Code   RO          414    i.LED_Initialize    led_mcbstm32f200.o
    0x08004660   0x08004660   0x000000c0   Code   RO         2596    i.SystemCoreClockUpdate  system_stm32f2xx.o
    0x08004720   0x08004720   0x00000054   Code   RO         2597    i.SystemInit        system_stm32f2xx.o
    0x08004774   0x08004774   0x00000010   Code   RO         1217    i.__NVIC_GetPriorityGrouping  stm32f2xx_hal_cortex.o
    0x08004784   0x08004784   0x00000028   Code   RO         1218    i.__NVIC_SetPriority  stm32f2xx_hal_cortex.o
    0x080047ac   0x080047ac   0x00000016   Code   RO          472    i._mutex_acquire    rtx_lib.o
    0x080047c2   0x080047c2   0x0000000c   Code   RO          473    i._mutex_free       rtx_lib.o
    0x080047ce   0x080047ce   0x00000022   Code   RO          474    i._mutex_initialize  rtx_lib.o
    0x080047f0   0x080047f0   0x00000012   Code   RO          475    i._mutex_release    rtx_lib.o
    0x08004802   0x08004802   0x00000008   Code   RO          476    i._platform_post_stackheap_init  rtx_lib.o
    0x0800480a   0x0800480a   0x00000002   PAD
    0x0800480c   0x0800480c   0x00000038   Code   RO            6    i.app_hw_init       main.o
    0x08004844   0x08004844   0x000000cc   Code   RO            7    i.main              main.o
    0x08004910   0x08004910   0x00000020   Code   RO          569    i.osRtxErrorNotify  rtx_config.o
    0x08004930   0x08004930   0x00000004   Code   RO          570    i.osRtxIdleThread   rtx_config.o
    0x08004934   0x08004934   0x00000002   Code   RO          477    i.osRtxKernelPreInit  rtx_lib.o
    0x08004936   0x08004936   0x00000002   Code   RO          478    i.osRtxThreadStackCheck  rtx_lib.o
    0x08004938   0x08004938   0x00000020   Code   RO          479    i.os_kernel_is_active  rtx_lib.o
    0x08004958   0x08004958   0x0000011c   Code   RO          176    i.thdDisplayTime    displaytime.o
    0x08004a74   0x08004a74   0x00000008   Code   RO          283    i.wr_cmd            glcd_mcbstm32f200.o
    0x08004a7c   0x08004a7c   0x00000008   Code   RO          284    i.wr_dat            glcd_mcbstm32f200.o
    0x08004a84   0x08004a84   0x00000008   Code   RO          285    i.wr_dat_only       glcd_mcbstm32f200.o
    0x08004a8c   0x08004a8c   0x00000014   Code   RO          286    i.wr_reg            glcd_mcbstm32f200.o
    0x08004aa0   0x08004aa0   0x000018a0   Data   RO          253    .constdata          glcd_fonts.o
    0x08006340   0x08006340   0x00000064   Data   RO          488    .constdata          rtx_lib.o
    0x080063a4   0x080063a4   0x00000068   Data   RO          627    .constdata          i2c_stm32f2xx.o
    0x0800640c   0x0800640c   0x00000008   Data   RO         1464    .constdata          stm32f2xx_hal_dma.o
    0x08006414   0x08006414   0x00000010   Data   RO         1999    .constdata          stm32f2xx_hal_rcc.o
    0x08006424   0x08006424   0x00000010   Data   RO         2598    .constdata          system_stm32f2xx.o
    0x08006434   0x08006434   0x00000001   Data   RO         2888    .constdata          RTX_CM3.lib(irq_cm3.o)
    0x08006435   0x08006435   0x00000003   PAD
    0x08006438   0x08006438   0x00000068   Data   RO          493    .rodata             rtx_lib.o
    0x080064a0   0x080064a0   0x0000000b   Data   RO         2685    .rodata.str1.4      RTX_CM3.lib(rtx_kernel.o)
    0x080064ab   0x080064ab   0x00000001   PAD
    0x080064ac   0x080064ac   0x00000020   Data   RO         3279    Region$$Table       anon$$obj.o


    Execution Region ER_RW (Exec base: 0x20000000, Load base: 0x080064cc, Size: 0x00001538, Max: 0xffffffff, ABSOLUTE, COMPRESSED[0x00000060])

    Exec Addr    Load Addr    Size         Type   Attr      Idx    E Section Name        Object

    0x20000000   COMPRESSED   0x00001040   Data   RW          480    .bss.os             rtx_lib.o
    0x20001040   COMPRESSED   0x00000034   Data   RW          482    .bss.os.msgqueue.cb  rtx_lib.o
    0x20001074   COMPRESSED   0x00000050   Data   RW          483    .bss.os.msgqueue.mem  rtx_lib.o
    0x200010c4   COMPRESSED   0x00000054   Data   RW          484    .bss.os.mutex.cb    rtx_lib.o
    0x20001118   COMPRESSED   0x00000010   Data   RW          485    .bss.os.semaphore.cb  rtx_lib.o
    0x20001128   COMPRESSED   0x00000154   Data   RW          486    .bss.os.thread.cb   rtx_lib.o
    0x2000127c   COMPRESSED   0x00000004   PAD
    0x20001280   COMPRESSED   0x00000190   Data   RW          487    .bss.os.thread.stack  rtx_lib.o
    0x20001410   COMPRESSED   0x00000020   Data   RW            8    .data               main.o
    0x20001430   COMPRESSED   0x00000004   Data   RW          177    .data               displaytime.o
    0x20001434   COMPRESSED   0x00000009   Data   RW          288    .data               glcd_mcbstm32f200.o
    0x2000143d   COMPRESSED   0x00000003   PAD
    0x20001440   COMPRESSED   0x00000005   Data   RW          489    .data               rtx_lib.o
    0x20001445   COMPRESSED   0x00000003   PAD
    0x20001448   COMPRESSED   0x00000004   Data   RW         2599    .data               system_stm32f2xx.o
    0x2000144c   COMPRESSED   0x000000a4   Data   RW         2686    .data.os            RTX_CM3.lib(rtx_kernel.o)
    0x200014f0   COMPRESSED   0x00000018   Data   RW          490    .data.os.mutex.mpi  rtx_lib.o
    0x20001508   COMPRESSED   0x00000018   Data   RW          491    .data.os.semaphore.mpi  rtx_lib.o
    0x20001520   COMPRESSED   0x00000018   Data   RW          492    .data.os.thread.mpi  rtx_lib.o


    Execution Region ER_ZI (Exec base: 0x20001538, Load base: 0x0800652c, Size: 0x000006d0, Max: 0xffffffff, ABSOLUTE)

    Exec Addr    Load Addr    Size         Type   Attr      Idx    E Section Name        Object

    0x20001538        -       0x00000044   Zero   RW          287    .bss                glcd_mcbstm32f200.o
    0x2000157c        -       0x00000024   Zero   RW          626    .bss                i2c_stm32f2xx.o
    0x200015a0        -       0x00000060   Zero   RW         3153    .bss                c_w.l(libspace.o)
    0x20001600        -       0x00000001   Zero   RW         3044    .bss.PendST         RTX_CM3.lib(os_systick.o)
    0x20001601   0x0800652c   0x00000007   PAD
    0x20001608        -       0x00000200   Zero   RW         2587    HEAP                startup_stm32f207xx.o
    0x20001808        -       0x00000400   Zero   RW         2586    STACK               startup_stm32f207xx.o


==============================================================================

Image component sizes


      Code (inc. data)   RO Data    RW Data    ZI Data      Debug   Object Name

       176         16          0          0          0       1613   buttons_mcbstm32f200.o
       324         34          0          4          0       5500   displaytime.o
         0          0       6304          0          0        772   glcd_fonts.o
      2376         84          0          9         68       9656   glcd_mcbstm32f200.o
      5394        168        104          0         36      25692   i2c_stm32f2xx.o
       196         18          0          0          0       1441   led_mcbstm32f200.o
       336         56          0         32          0     338270   main.o
        36          6          0          0          0       1093   rtx_config.o
       130          4        204       5209          0      12896   rtx_lib.o
        64         26        388          0       1536        880   startup_stm32f207xx.o
       124          6          0          0          0       3460   stm32f2xx_hal.o
       408         34          0          0          0      32864   stm32f2xx_hal_cortex.o
       428         10          8          0          0       4234   stm32f2xx_hal_dma.o
       924         94          0          0          0       4009   stm32f2xx_hal_gpio.o
       280         34         16          0          0       2834   stm32f2xx_hal_rcc.o
        90          0          0          0          0       1823   stm32f2xx_hal_sram.o
       228         10          0          0          0       2775   stm32f2xx_ll_fsmc.o
       276         38         16          4          0       2157   system_stm32f2xx.o

    ----------------------------------------------------------------------
     11804        638       7072       5268       1640     451969   Object Totals
         0          0         32          0          0          0   (incl. Generated)
        14          0          0         10          0          0   (incl. Padding)

    ----------------------------------------------------------------------

      Code (inc. data)   RO Data    RW Data    ZI Data      Debug   Library Member Name

       148         10          1          0          0        492   irq_cm3.o
       126         32          0          0          1       3634   os_systick.o
        56          4          0          0          0       3110   rtx_delay.o
       764         72         11        164          0      18879   rtx_kernel.o
       264          0          0          0          0       2733   rtx_memory.o
       212          0          0          0          0      17095   rtx_mempool.o
      1390         28          0          0          0      19369   rtx_msgqueue.o
       844         32          0          0          0      10275   rtx_mutex.o
       372         24          0          0          0       5693   rtx_system.o
      1760         88          0          0          0      34213   rtx_thread.o
       236         20          0          0          0      11154   rtx_timer.o
        90          0          0          0          0          0   __dczerorl2.o
         8          0          0          0          0         68   __main.o
         0          0          0          0          0          0   __rtentry.o
        20          0          0          0          0          0   __rtentry2.o
         6          0          0          0          0          0   __rtentry4.o
        52          8          0          0          0          0   __scatter.o
        28          0          0          0          0          0   __scatter_zi.o
        18          0          0          0          0         80   exit.o
         6          0          0          0          0        152   heapauxi.o
         0          0          0          0          0          0   indicate_semi.o
         2          0          0          0          0          0   libinit.o
         2          0          0          0          0          0   libinit2.o
         2          0          0          0          0          0   libshutdown.o
         2          0          0          0          0          0   libshutdown2.o
         8          4          0          0         96         68   libspace.o
        68          0          0          0          0         68   rt_memclr.o
        78          0          0          0          0         80   rt_memclr_w.o
       138          0          0          0          0         68   rt_memcpy_v6.o
       100          0          0          0          0         80   rt_memcpy_w.o
         2          0          0          0          0          0   rtexit.o
        10          0          0          0          0          0   rtexit2.o
        12          4          0          0          0         68   sys_exit.o
        74          0          0          0          0         80   sys_stackheap_outer.o
         2          0          0          0          0         68   use_no_semi.o

    ----------------------------------------------------------------------
      6912        326         16        164        104     127527   Library Totals
        12          0          4          0          7          0   (incl. Padding)

    ----------------------------------------------------------------------

      Code (inc. data)   RO Data    RW Data    ZI Data      Debug   Library Name

      6172        310         12        164          1     126647   RTX_CM3.lib
       728         16          0          0         96        880   c_w.l

    ----------------------------------------------------------------------
      6912        326         16        164        104     127527   Library Totals

    ----------------------------------------------------------------------

==============================================================================


      Code (inc. data)   RO Data    RW Data    ZI Data      Debug   

     18716        964       7088       5432       1744     574616   Grand Totals
     18716        964       7088         96       1744     574616   ELF Image Totals (compressed)
     18716        964       7088         96          0          0   ROM Totals

==============================================================================

    Total RO  Size (Code + RO Data)                25804 (  25.20kB)
    Total RW  Size (RW Data + ZI Data)              7176 (   7.01kB)
    Total ROM Size (Code + RO Data + RW Data)      25900 (  25.29kB)

==============================================================================

