<html>
<body>
<pre>
<h1>µVision Build Log</h1>
<h2>Tool Versions:</h2>
IDE-Version: µVision V5.26.2.0
Copyright (C) 2018 ARM Ltd and ARM Germany GmbH. All rights reserved.
License Information: Peter Dranishnikov, Florida Polytechnic University, LIC=----
 
Tool Versions:
Toolchain:       MDK-Lite  Version: 5.26.2.0
Toolchain Path:  C:\Keil_v5\ARM\ARMCC\Bin
C Compiler:      Armcc.exe V5.06 update 6 (build 750)
Assembler:       Armasm.exe V5.06 update 6 (build 750)
Linker/Locator:  ArmLink.exe V5.06 update 6 (build 750)
Library Manager: ArmAr.exe V5.06 update 6 (build 750)
Hex Converter:   FromElf.exe V5.06 update 6 (build 750)
CPU DLL:         SARMCM3.DLL V5.26.2.0
Dialog DLL:      DCM.DLL V1.17.2.0
Target DLL:      UL2CM3.DLL V1.161.6.0
Dialog DLL:      TCM.DLL V1.36.1.0
 
<h2>Project:</h2>
C:\Users\ABSOLUTE INSANITY\Documents\embed\os_labs\lab4\lab4.uvprojx
Project File Date:  11/04/2019

<h2>Output:</h2>
*** Using Compiler 'V5.06 update 6 (build 750)', folder: 'C:\Keil_v5\ARM\ARMCC\Bin'
Build target 'Target 1'
compiling main.c...
main.c(57): warning:  #111-D: statement is unreachable
      return 0;
main.c: 1 warning, 0 errors
linking...
Program Size: Code=1556 RO-data=484 RW-data=8 ZI-data=1632  
".\Objects\lab4.axf" - 0 Error(s), 1 Warning(s).

<h2>Software Packages used:</h2>

Package Vendor: ARM
                http://www.keil.com/pack/ARM.CMSIS.5.5.1.pack
                ARM.CMSIS.5.5.1
                CMSIS (Cortex Microcontroller Software Interface Standard)
   * Component: CORE Version: 5.2.0

Package Vendor: Keil
                http://www.keil.com/pack/Keil.MDK-Middleware.7.8.0.pack
                Keil.MDK-Middleware.7.8.0
                Middleware for Keil MDK-Professional and MDK-Plus
   * Component: LED Version: 1.0.0

Package Vendor: Keil
                http://www.keil.com/pack/Keil.STM32F2xx_DFP.2.9.0.pack
                Keil.STM32F2xx_DFP.2.9.0
                STMicroelectronics STM32F2 Series Device Support, Drivers and Examples
   * Component: STM32Cube Framework Version: 1.0.0
   * Component: LED Version: 2.0.0
   * Component: Classic Version: 1.2.1
   * Component: Common Version: 1.2.1
   * Component: Cortex Version: 1.2.1
   * Component: GPIO Version: 1.2.1
   * Component: RCC Version: 1.2.1
   * Component: Startup Version: 2.2.1

<h2>Collection of Component include folders:</h2>
  .\RTE\Device\STM32F207IGHx
  .\RTE\_Target_1
  C:\Keil_v5\ARM\PACK\ARM\CMSIS\5.5.1\CMSIS\Core\Include
  C:\Keil_v5\ARM\PACK\Keil\MDK-Middleware\7.8.0\Board
  C:\Keil_v5\ARM\PACK\Keil\STM32F2xx_DFP\2.9.0\Drivers\CMSIS\Device\ST\STM32F2xx\Include
  C:\Keil_v5\ARM\PACK\Keil\STM32F2xx_DFP\2.9.0\Drivers\STM32F2xx_HAL_Driver\Inc

<h2>Collection of Component Files used:</h2>

   * Component: ::Board Support:LED:1.0.0 (API)
      Include file:  Board\Board_LED.h

   * Component: ::Device:STM32Cube Framework:1.0.0 (API)

   * Component: ARM::CMSIS:CORE:5.2.0

   * Component: Keil.MCBSTM32F200::Board Support:LED:2.0.0
      Source file:   MDK\Boards\Keil\MCBSTM32F200\Common\LED_MCBSTM32F200.c

   * Component: Keil::Device:STM32Cube Framework:Classic:1.2.1
      Include file:  CMSIS\Driver\Config\RTE_Device.h
      Include file:  MDK\Templates\Inc\stm32f2xx_hal_conf.h
      Source file:   MDK\Templates\Src\stm32f2xx_hal_msp.c
      Include file:  MDK\Templates\Inc\stm32f2xx_it.h
      Source file:   MDK\Templates\Src\stm32f2xx_it.c
      Include file:  MDK\Templates\Inc\main.h
      Source file:   MDK\Templates\Src\main.c
      Include file:  MDK\Templates_LL\Inc\main.h
      Source file:   MDK\Templates_LL\Src\main.c

   * Component: Keil::Device:STM32Cube HAL:Common:1.2.1
      Include file:  Drivers\STM32F2xx_HAL_Driver\Inc\stm32f2xx_hal.h
      Source file:   Drivers\STM32F2xx_HAL_Driver\Src\stm32f2xx_hal.c

   * Component: Keil::Device:STM32Cube HAL:Cortex:1.2.1
      Source file:   Drivers\STM32F2xx_HAL_Driver\Src\stm32f2xx_hal_cortex.c

   * Component: Keil::Device:STM32Cube HAL:GPIO:1.2.1
      Source file:   Drivers\STM32F2xx_HAL_Driver\Src\stm32f2xx_hal_gpio.c

   * Component: Keil::Device:STM32Cube HAL:RCC:1.2.1
      Source file:   Drivers\STM32F2xx_HAL_Driver\Src\stm32f2xx_hal_rcc.c
      Source file:   Drivers\STM32F2xx_HAL_Driver\Src\stm32f2xx_hal_rcc_ex.c

   * Component: Keil::Device:Startup:2.2.1
      Source file:   MDK\Device\Source\ARM\STM32F2xx_OPT.s
      Source file:   MDK\Device\Source\ARM\STM32F2xx_OTP.s
      Include file:  Drivers\CMSIS\Device\ST\STM32F2xx\Include\stm32f2xx.h
      Source file:   Drivers\CMSIS\Device\ST\STM32F2xx\Source\Templates\arm\startup_stm32f207xx.s
      Source file:   Drivers\CMSIS\Device\ST\STM32F2xx\Source\Templates\system_stm32f2xx.c
Build Time Elapsed:  00:00:02
</pre>
</body>
</html>
