Component: ARM Compiler 5.06 update 6 (build 750) Tool: armlink [4d35ed]

==============================================================================

Section Cross References

    i2c_stm32f2xx.o(i.I2C_Addr) refers to i2c_stm32f2xx.o(i.WaitFlagSet) for WaitFlagSet
    i2c_stm32f2xx.o(i.I2C_RdBuf) refers to i2c_stm32f2xx.o(i.I2C_Start) for I2C_Start
    i2c_stm32f2xx.o(i.I2C_RdBuf) refers to i2c_stm32f2xx.o(i.I2C_Addr) for I2C_Addr
    i2c_stm32f2xx.o(i.I2C_RdBuf) refers to i2c_stm32f2xx.o(i.I2C_Read) for I2C_Read
    i2c_stm32f2xx.o(i.I2C_RdBuf) refers to i2c_stm32f2xx.o(i.I2C_Stop) for I2C_Stop
    i2c_stm32f2xx.o(i.I2C_RdBuf) refers to i2c_stm32f2xx.o(i.I2C_Recovery) for I2C_Recovery
    i2c_stm32f2xx.o(i.I2C_RdData) refers to i2c_stm32f2xx.o(i.I2C_Start) for I2C_Start
    i2c_stm32f2xx.o(i.I2C_RdData) refers to i2c_stm32f2xx.o(i.I2C_Addr) for I2C_Addr
    i2c_stm32f2xx.o(i.I2C_RdData) refers to i2c_stm32f2xx.o(i.I2C_Write) for I2C_Write
    i2c_stm32f2xx.o(i.I2C_RdData) refers to i2c_stm32f2xx.o(i.I2C_Read) for I2C_Read
    i2c_stm32f2xx.o(i.I2C_RdData) refers to i2c_stm32f2xx.o(i.I2C_Stop) for I2C_Stop
    i2c_stm32f2xx.o(i.I2C_RdData) refers to i2c_stm32f2xx.o(i.I2C_Recovery) for I2C_Recovery
    i2c_stm32f2xx.o(i.I2C_Read) refers to i2c_stm32f2xx.o(i.WaitFlagSet) for WaitFlagSet
    i2c_stm32f2xx.o(i.I2C_Recovery) refers to i2c_stm32f2xx.o(i.io_dir) for io_dir
    i2c_stm32f2xx.o(i.I2C_Recovery) refers to i2c_stm32f2xx.o(i.io_pin) for io_pin
    i2c_stm32f2xx.o(i.I2C_Recovery) refers to i2c_stm32f2xx.o(i.Wait) for Wait
    i2c_stm32f2xx.o(i.I2C_Recovery) refers to i2c_stm32f2xx.o(i.io_state) for io_state
    i2c_stm32f2xx.o(i.I2C_Recovery) refers to i2c_stm32f2xx.o(i.I2C_Init) for I2C_Init
    i2c_stm32f2xx.o(i.I2C_Start) refers to i2c_stm32f2xx.o(i.WaitFlagSet) for WaitFlagSet
    i2c_stm32f2xx.o(i.I2C_Stop) refers to i2c_stm32f2xx.o(i.WaitFlagClr) for WaitFlagClr
    i2c_stm32f2xx.o(i.I2C_WrBuf) refers to i2c_stm32f2xx.o(i.I2C_Start) for I2C_Start
    i2c_stm32f2xx.o(i.I2C_WrBuf) refers to i2c_stm32f2xx.o(i.I2C_Addr) for I2C_Addr
    i2c_stm32f2xx.o(i.I2C_WrBuf) refers to i2c_stm32f2xx.o(i.I2C_Write) for I2C_Write
    i2c_stm32f2xx.o(i.I2C_WrBuf) refers to i2c_stm32f2xx.o(i.I2C_Stop) for I2C_Stop
    i2c_stm32f2xx.o(i.I2C_WrBuf) refers to i2c_stm32f2xx.o(i.I2C_Recovery) for I2C_Recovery
    i2c_stm32f2xx.o(i.I2C_WrData) refers to i2c_stm32f2xx.o(i.I2C_Start) for I2C_Start
    i2c_stm32f2xx.o(i.I2C_WrData) refers to i2c_stm32f2xx.o(i.I2C_Addr) for I2C_Addr
    i2c_stm32f2xx.o(i.I2C_WrData) refers to i2c_stm32f2xx.o(i.I2C_Write) for I2C_Write
    i2c_stm32f2xx.o(i.I2C_WrData) refers to i2c_stm32f2xx.o(i.I2C_Stop) for I2C_Stop
    i2c_stm32f2xx.o(i.I2C_WrData) refers to i2c_stm32f2xx.o(i.I2C_Recovery) for I2C_Recovery
    i2c_stm32f2xx.o(i.I2C_Write) refers to i2c_stm32f2xx.o(i.WaitFlagSet) for WaitFlagSet
    i2c_stm32f2xx.o(i.WaitFlagClr) refers to i2c_stm32f2xx.o(i.I2C_sr) for I2C_sr
    i2c_stm32f2xx.o(i.WaitFlagSet) refers to i2c_stm32f2xx.o(i.I2C_sr) for I2C_sr
    joy.o(i.IOE_Read) refers to i2c_stm32f2xx.o(i.I2C_RdData) for I2C_RdData
    joy.o(i.IOE_Write) refers to i2c_stm32f2xx.o(i.I2C_WrData) for I2C_WrData
    joy.o(i.JOY_GetKeys) refers to joy.o(i.IOE_Read) for IOE_Read
    joy.o(i.JOY_Init) refers to joy.o(i.IOE_Write) for IOE_Write
    joy.o(i.JOY_UnInit) refers to joy.o(i.IOE_Write) for IOE_Write
    lab7.o(i.SysTick_Handler) refers to stm32f2xx_hal.o(i.HAL_IncTick) for HAL_IncTick
    lab7.o(i.SysTick_Handler) refers to joy.o(i.JOY_GetKeys) for JOY_GetKeys
    lab7.o(i.SysTick_Handler) refers to lab7.o(i.fsm_reaction) for fsm_reaction
    lab7.o(i.SysTick_Handler) refers to lab7.o(.data) for joystick
    lab7.o(i.USART3_IRQHandler) refers to serial.o(i.SER_GetChar) for SER_GetChar
    lab7.o(i.USART3_IRQHandler) refers to lab7.o(i.fsm_reaction) for fsm_reaction
    lab7.o(i.fsm_reaction) refers to serial.o(i.SER_PutChar) for SER_PutChar
    lab7.o(i.fsm_reaction) refers to glcd_mcbstm32f200.o(i.GLCD_DrawChar) for GLCD_DrawChar
    lab7.o(i.fsm_reaction) refers to lab7.o(.data) for state
    lab7.o(i.main) refers to system_stm32f2xx.o(i.SystemCoreClockUpdate) for SystemCoreClockUpdate
    lab7.o(i.main) refers to joy.o(i.JOY_Init) for JOY_Init
    lab7.o(i.main) refers to serial.o(i.SER_Init) for SER_Init
    lab7.o(i.main) refers to stm32f2xx_hal.o(i.HAL_Init) for HAL_Init
    lab7.o(i.main) refers to glcd_mcbstm32f200.o(i.GLCD_Initialize) for GLCD_Initialize
    lab7.o(i.main) refers to glcd_mcbstm32f200.o(i.GLCD_SetBackgroundColor) for GLCD_SetBackgroundColor
    lab7.o(i.main) refers to glcd_mcbstm32f200.o(i.GLCD_ClearScreen) for GLCD_ClearScreen
    lab7.o(i.main) refers to glcd_mcbstm32f200.o(i.GLCD_SetFont) for GLCD_SetFont
    lab7.o(i.main) refers to lab7.o(i.fsm_reaction) for fsm_reaction
    lab7.o(i.main) refers to glcd_fonts.o(.constdata) for GLCD_Font_16x24
    serial.o(i.SER_Init) refers to system_stm32f2xx.o(.data) for SystemCoreClock
    glcd_mcbstm32f200.o(i.GLCD_ClearScreen) refers to glcd_mcbstm32f200.o(i.GLCD_SetWindow) for GLCD_SetWindow
    glcd_mcbstm32f200.o(i.GLCD_ClearScreen) refers to glcd_mcbstm32f200.o(i.wr_cmd) for wr_cmd
    glcd_mcbstm32f200.o(i.GLCD_ClearScreen) refers to glcd_mcbstm32f200.o(i.wr_dat_only) for wr_dat_only
    glcd_mcbstm32f200.o(i.GLCD_ClearScreen) refers to glcd_mcbstm32f200.o(.data) for background_color
    glcd_mcbstm32f200.o(i.GLCD_DrawBargraph) refers to glcd_mcbstm32f200.o(i.GLCD_SetWindow) for GLCD_SetWindow
    glcd_mcbstm32f200.o(i.GLCD_DrawBargraph) refers to glcd_mcbstm32f200.o(i.wr_cmd) for wr_cmd
    glcd_mcbstm32f200.o(i.GLCD_DrawBargraph) refers to glcd_mcbstm32f200.o(i.wr_dat_only) for wr_dat_only
    glcd_mcbstm32f200.o(i.GLCD_DrawBargraph) refers to glcd_mcbstm32f200.o(.data) for background_color
    glcd_mcbstm32f200.o(i.GLCD_DrawBitmap) refers to glcd_mcbstm32f200.o(i.GLCD_SetWindow) for GLCD_SetWindow
    glcd_mcbstm32f200.o(i.GLCD_DrawBitmap) refers to glcd_mcbstm32f200.o(i.wr_cmd) for wr_cmd
    glcd_mcbstm32f200.o(i.GLCD_DrawBitmap) refers to glcd_mcbstm32f200.o(i.wr_dat_only) for wr_dat_only
    glcd_mcbstm32f200.o(i.GLCD_DrawChar) refers to glcd_mcbstm32f200.o(i.GLCD_SetWindow) for GLCD_SetWindow
    glcd_mcbstm32f200.o(i.GLCD_DrawChar) refers to glcd_mcbstm32f200.o(i.wr_cmd) for wr_cmd
    glcd_mcbstm32f200.o(i.GLCD_DrawChar) refers to glcd_mcbstm32f200.o(i.wr_dat_only) for wr_dat_only
    glcd_mcbstm32f200.o(i.GLCD_DrawChar) refers to glcd_mcbstm32f200.o(.data) for active_font
    glcd_mcbstm32f200.o(i.GLCD_DrawHLine) refers to glcd_mcbstm32f200.o(i.GLCD_SetWindow) for GLCD_SetWindow
    glcd_mcbstm32f200.o(i.GLCD_DrawHLine) refers to glcd_mcbstm32f200.o(i.wr_cmd) for wr_cmd
    glcd_mcbstm32f200.o(i.GLCD_DrawHLine) refers to glcd_mcbstm32f200.o(i.wr_dat_only) for wr_dat_only
    glcd_mcbstm32f200.o(i.GLCD_DrawHLine) refers to glcd_mcbstm32f200.o(.data) for foreground_color
    glcd_mcbstm32f200.o(i.GLCD_DrawPixel) refers to glcd_mcbstm32f200.o(i.wr_reg) for wr_reg
    glcd_mcbstm32f200.o(i.GLCD_DrawPixel) refers to glcd_mcbstm32f200.o(i.wr_cmd) for wr_cmd
    glcd_mcbstm32f200.o(i.GLCD_DrawPixel) refers to glcd_mcbstm32f200.o(i.wr_dat) for wr_dat
    glcd_mcbstm32f200.o(i.GLCD_DrawPixel) refers to glcd_mcbstm32f200.o(.data) for Himax
    glcd_mcbstm32f200.o(i.GLCD_DrawRectangle) refers to glcd_mcbstm32f200.o(i.GLCD_DrawHLine) for GLCD_DrawHLine
    glcd_mcbstm32f200.o(i.GLCD_DrawRectangle) refers to glcd_mcbstm32f200.o(i.GLCD_DrawVLine) for GLCD_DrawVLine
    glcd_mcbstm32f200.o(i.GLCD_DrawString) refers to glcd_mcbstm32f200.o(i.GLCD_DrawChar) for GLCD_DrawChar
    glcd_mcbstm32f200.o(i.GLCD_DrawString) refers to glcd_mcbstm32f200.o(.data) for active_font
    glcd_mcbstm32f200.o(i.GLCD_DrawVLine) refers to glcd_mcbstm32f200.o(i.GLCD_SetWindow) for GLCD_SetWindow
    glcd_mcbstm32f200.o(i.GLCD_DrawVLine) refers to glcd_mcbstm32f200.o(i.wr_cmd) for wr_cmd
    glcd_mcbstm32f200.o(i.GLCD_DrawVLine) refers to glcd_mcbstm32f200.o(i.wr_dat_only) for wr_dat_only
    glcd_mcbstm32f200.o(i.GLCD_DrawVLine) refers to glcd_mcbstm32f200.o(.data) for foreground_color
    glcd_mcbstm32f200.o(i.GLCD_FrameBufferAccess) refers to glcd_mcbstm32f200.o(i.GLCD_SetWindow) for GLCD_SetWindow
    glcd_mcbstm32f200.o(i.GLCD_FrameBufferAccess) refers to glcd_mcbstm32f200.o(i.wr_reg) for wr_reg
    glcd_mcbstm32f200.o(i.GLCD_FrameBufferAccess) refers to glcd_mcbstm32f200.o(i.wr_cmd) for wr_cmd
    glcd_mcbstm32f200.o(i.GLCD_Initialize) refers to stm32f2xx_hal_gpio.o(i.HAL_GPIO_Init) for HAL_GPIO_Init
    glcd_mcbstm32f200.o(i.GLCD_Initialize) refers to stm32f2xx_hal_sram.o(i.HAL_SRAM_Init) for HAL_SRAM_Init
    glcd_mcbstm32f200.o(i.GLCD_Initialize) refers to stm32f2xx_hal.o(i.HAL_Delay) for HAL_Delay
    glcd_mcbstm32f200.o(i.GLCD_Initialize) refers to glcd_mcbstm32f200.o(i.wr_cmd) for wr_cmd
    glcd_mcbstm32f200.o(i.GLCD_Initialize) refers to glcd_mcbstm32f200.o(i.wr_reg) for wr_reg
    glcd_mcbstm32f200.o(i.GLCD_Initialize) refers to glcd_mcbstm32f200.o(.bss) for hsram4
    glcd_mcbstm32f200.o(i.GLCD_Initialize) refers to glcd_mcbstm32f200.o(.data) for Himax
    glcd_mcbstm32f200.o(i.GLCD_Initialize) refers to stm32f2xx_hal_gpio.o(i.HAL_GPIO_WritePin) for HAL_GPIO_WritePin
    glcd_mcbstm32f200.o(i.GLCD_SetBackgroundColor) refers to glcd_mcbstm32f200.o(.data) for background_color
    glcd_mcbstm32f200.o(i.GLCD_SetFont) refers to glcd_mcbstm32f200.o(.data) for active_font
    glcd_mcbstm32f200.o(i.GLCD_SetForegroundColor) refers to glcd_mcbstm32f200.o(.data) for foreground_color
    glcd_mcbstm32f200.o(i.GLCD_SetWindow) refers to glcd_mcbstm32f200.o(i.wr_reg) for wr_reg
    glcd_mcbstm32f200.o(i.GLCD_SetWindow) refers to glcd_mcbstm32f200.o(.data) for Himax
    glcd_mcbstm32f200.o(i.GLCD_Uninitialize) refers to stm32f2xx_hal_sram.o(i.HAL_SRAM_DeInit) for HAL_SRAM_DeInit
    glcd_mcbstm32f200.o(i.GLCD_Uninitialize) refers to stm32f2xx_hal_gpio.o(i.HAL_GPIO_DeInit) for HAL_GPIO_DeInit
    glcd_mcbstm32f200.o(i.GLCD_Uninitialize) refers to glcd_mcbstm32f200.o(.bss) for hsram4
    glcd_mcbstm32f200.o(i.wr_reg) refers to glcd_mcbstm32f200.o(i.wr_cmd) for wr_cmd
    glcd_mcbstm32f200.o(i.wr_reg) refers to glcd_mcbstm32f200.o(i.wr_dat) for wr_dat
    stm32f2xx_hal.o(i.HAL_DeInit) refers to stm32f2xx_hal.o(i.HAL_MspDeInit) for HAL_MspDeInit
    stm32f2xx_hal.o(i.HAL_Delay) refers to stm32f2xx_hal.o(i.HAL_GetTick) for HAL_GetTick
    stm32f2xx_hal.o(i.HAL_GetTick) refers to stm32f2xx_hal.o(.data) for uwTick
    stm32f2xx_hal.o(i.HAL_IncTick) refers to stm32f2xx_hal.o(.data) for uwTick
    stm32f2xx_hal.o(i.HAL_Init) refers to stm32f2xx_hal_cortex.o(i.HAL_NVIC_SetPriorityGrouping) for HAL_NVIC_SetPriorityGrouping
    stm32f2xx_hal.o(i.HAL_Init) refers to stm32f2xx_hal.o(i.HAL_InitTick) for HAL_InitTick
    stm32f2xx_hal.o(i.HAL_Init) refers to stm32f2xx_hal.o(i.HAL_MspInit) for HAL_MspInit
    stm32f2xx_hal.o(i.HAL_InitTick) refers to stm32f2xx_hal_cortex.o(i.HAL_SYSTICK_Config) for HAL_SYSTICK_Config
    stm32f2xx_hal.o(i.HAL_InitTick) refers to stm32f2xx_hal_cortex.o(i.HAL_NVIC_SetPriority) for HAL_NVIC_SetPriority
    stm32f2xx_hal.o(i.HAL_InitTick) refers to system_stm32f2xx.o(.data) for SystemCoreClock
    stm32f2xx_hal_cortex.o(i.HAL_NVIC_GetPriorityGrouping) refers to stm32f2xx_hal_cortex.o(i.__NVIC_GetPriorityGrouping) for __NVIC_GetPriorityGrouping
    stm32f2xx_hal_cortex.o(i.HAL_NVIC_SetPriority) refers to stm32f2xx_hal_cortex.o(i.__NVIC_GetPriorityGrouping) for __NVIC_GetPriorityGrouping
    stm32f2xx_hal_cortex.o(i.HAL_NVIC_SetPriority) refers to stm32f2xx_hal_cortex.o(i.__NVIC_SetPriority) for __NVIC_SetPriority
    stm32f2xx_hal_cortex.o(i.HAL_SYSTICK_Config) refers to stm32f2xx_hal_cortex.o(i.__NVIC_SetPriority) for __NVIC_SetPriority
    stm32f2xx_hal_cortex.o(i.HAL_SYSTICK_IRQHandler) refers to stm32f2xx_hal_cortex.o(i.HAL_SYSTICK_Callback) for HAL_SYSTICK_Callback
    stm32f2xx_hal_dma.o(i.DMA_CalcBaseAndBitshift) refers to stm32f2xx_hal_dma.o(.constdata) for flagBitshiftOffset
    stm32f2xx_hal_dma.o(i.HAL_DMA_Abort) refers to stm32f2xx_hal.o(i.HAL_GetTick) for HAL_GetTick
    stm32f2xx_hal_dma.o(i.HAL_DMA_DeInit) refers to stm32f2xx_hal_dma.o(i.DMA_CalcBaseAndBitshift) for DMA_CalcBaseAndBitshift
    stm32f2xx_hal_dma.o(i.HAL_DMA_IRQHandler) refers to system_stm32f2xx.o(.data) for SystemCoreClock
    stm32f2xx_hal_dma.o(i.HAL_DMA_Init) refers to stm32f2xx_hal.o(i.HAL_GetTick) for HAL_GetTick
    stm32f2xx_hal_dma.o(i.HAL_DMA_Init) refers to stm32f2xx_hal_dma.o(i.DMA_CheckFifoParam) for DMA_CheckFifoParam
    stm32f2xx_hal_dma.o(i.HAL_DMA_Init) refers to stm32f2xx_hal_dma.o(i.DMA_CalcBaseAndBitshift) for DMA_CalcBaseAndBitshift
    stm32f2xx_hal_dma.o(i.HAL_DMA_PollForTransfer) refers to stm32f2xx_hal.o(i.HAL_GetTick) for HAL_GetTick
    stm32f2xx_hal_dma.o(i.HAL_DMA_PollForTransfer) refers to stm32f2xx_hal_dma.o(i.HAL_DMA_Abort) for HAL_DMA_Abort
    stm32f2xx_hal_dma.o(i.HAL_DMA_Start) refers to stm32f2xx_hal_dma.o(i.DMA_SetConfig) for DMA_SetConfig
    stm32f2xx_hal_dma.o(i.HAL_DMA_Start_IT) refers to stm32f2xx_hal_dma.o(i.DMA_SetConfig) for DMA_SetConfig
    stm32f2xx_hal_dma_ex.o(i.HAL_DMAEx_MultiBufferStart) refers to stm32f2xx_hal_dma_ex.o(i.DMA_MultiBufferSetConfig) for DMA_MultiBufferSetConfig
    stm32f2xx_hal_dma_ex.o(i.HAL_DMAEx_MultiBufferStart_IT) refers to stm32f2xx_hal_dma_ex.o(i.DMA_MultiBufferSetConfig) for DMA_MultiBufferSetConfig
    stm32f2xx_hal_gpio.o(i.HAL_GPIO_EXTI_IRQHandler) refers to stm32f2xx_hal_gpio.o(i.HAL_GPIO_EXTI_Callback) for HAL_GPIO_EXTI_Callback
    stm32f2xx_hal_rcc.o(i.HAL_RCC_ClockConfig) refers to stm32f2xx_hal.o(i.HAL_GetTick) for HAL_GetTick
    stm32f2xx_hal_rcc.o(i.HAL_RCC_ClockConfig) refers to stm32f2xx_hal_rcc.o(i.HAL_RCC_GetSysClockFreq) for HAL_RCC_GetSysClockFreq
    stm32f2xx_hal_rcc.o(i.HAL_RCC_ClockConfig) refers to stm32f2xx_hal.o(i.HAL_InitTick) for HAL_InitTick
    stm32f2xx_hal_rcc.o(i.HAL_RCC_ClockConfig) refers to system_stm32f2xx.o(.constdata) for AHBPrescTable
    stm32f2xx_hal_rcc.o(i.HAL_RCC_ClockConfig) refers to system_stm32f2xx.o(.data) for SystemCoreClock
    stm32f2xx_hal_rcc.o(i.HAL_RCC_DeInit) refers to stm32f2xx_hal.o(i.HAL_GetTick) for HAL_GetTick
    stm32f2xx_hal_rcc.o(i.HAL_RCC_DeInit) refers to stm32f2xx_hal.o(i.HAL_InitTick) for HAL_InitTick
    stm32f2xx_hal_rcc.o(i.HAL_RCC_DeInit) refers to system_stm32f2xx.o(.data) for SystemCoreClock
    stm32f2xx_hal_rcc.o(i.HAL_RCC_GetHCLKFreq) refers to system_stm32f2xx.o(.data) for SystemCoreClock
    stm32f2xx_hal_rcc.o(i.HAL_RCC_GetPCLK1Freq) refers to stm32f2xx_hal_rcc.o(i.HAL_RCC_GetHCLKFreq) for HAL_RCC_GetHCLKFreq
    stm32f2xx_hal_rcc.o(i.HAL_RCC_GetPCLK1Freq) refers to system_stm32f2xx.o(.constdata) for APBPrescTable
    stm32f2xx_hal_rcc.o(i.HAL_RCC_GetPCLK2Freq) refers to stm32f2xx_hal_rcc.o(i.HAL_RCC_GetHCLKFreq) for HAL_RCC_GetHCLKFreq
    stm32f2xx_hal_rcc.o(i.HAL_RCC_GetPCLK2Freq) refers to system_stm32f2xx.o(.constdata) for APBPrescTable
    stm32f2xx_hal_rcc.o(i.HAL_RCC_GetSysClockFreq) refers to uldiv.o(.text) for __aeabi_uldivmod
    stm32f2xx_hal_rcc.o(i.HAL_RCC_MCOConfig) refers to stm32f2xx_hal_gpio.o(i.HAL_GPIO_Init) for HAL_GPIO_Init
    stm32f2xx_hal_rcc.o(i.HAL_RCC_NMI_IRQHandler) refers to stm32f2xx_hal_rcc.o(i.HAL_RCC_CSSCallback) for HAL_RCC_CSSCallback
    stm32f2xx_hal_rcc.o(i.HAL_RCC_OscConfig) refers to stm32f2xx_hal.o(i.HAL_GetTick) for HAL_GetTick
    stm32f2xx_hal_rcc_ex.o(i.HAL_RCCEx_PeriphCLKConfig) refers to stm32f2xx_hal.o(i.HAL_GetTick) for HAL_GetTick
    stm32f2xx_hal_sram.o(i.HAL_SRAM_DeInit) refers to stm32f2xx_hal_sram.o(i.HAL_SRAM_MspDeInit) for HAL_SRAM_MspDeInit
    stm32f2xx_hal_sram.o(i.HAL_SRAM_DeInit) refers to stm32f2xx_ll_fsmc.o(i.FSMC_NORSRAM_DeInit) for FSMC_NORSRAM_DeInit
    stm32f2xx_hal_sram.o(i.HAL_SRAM_Init) refers to stm32f2xx_hal_sram.o(i.HAL_SRAM_MspInit) for HAL_SRAM_MspInit
    stm32f2xx_hal_sram.o(i.HAL_SRAM_Init) refers to stm32f2xx_ll_fsmc.o(i.FSMC_NORSRAM_Init) for FSMC_NORSRAM_Init
    stm32f2xx_hal_sram.o(i.HAL_SRAM_Init) refers to stm32f2xx_ll_fsmc.o(i.FSMC_NORSRAM_Timing_Init) for FSMC_NORSRAM_Timing_Init
    stm32f2xx_hal_sram.o(i.HAL_SRAM_Init) refers to stm32f2xx_ll_fsmc.o(i.FSMC_NORSRAM_Extended_Timing_Init) for FSMC_NORSRAM_Extended_Timing_Init
    stm32f2xx_hal_sram.o(i.HAL_SRAM_Read_DMA) refers to stm32f2xx_hal_dma.o(i.HAL_DMA_Start_IT) for HAL_DMA_Start_IT
    stm32f2xx_hal_sram.o(i.HAL_SRAM_Read_DMA) refers to stm32f2xx_hal_sram.o(i.HAL_SRAM_DMA_XferCpltCallback) for HAL_SRAM_DMA_XferCpltCallback
    stm32f2xx_hal_sram.o(i.HAL_SRAM_Read_DMA) refers to stm32f2xx_hal_sram.o(i.HAL_SRAM_DMA_XferErrorCallback) for HAL_SRAM_DMA_XferErrorCallback
    stm32f2xx_hal_sram.o(i.HAL_SRAM_WriteOperation_Disable) refers to stm32f2xx_ll_fsmc.o(i.FSMC_NORSRAM_WriteOperation_Disable) for FSMC_NORSRAM_WriteOperation_Disable
    stm32f2xx_hal_sram.o(i.HAL_SRAM_WriteOperation_Enable) refers to stm32f2xx_ll_fsmc.o(i.FSMC_NORSRAM_WriteOperation_Enable) for FSMC_NORSRAM_WriteOperation_Enable
    stm32f2xx_hal_sram.o(i.HAL_SRAM_Write_DMA) refers to stm32f2xx_hal_dma.o(i.HAL_DMA_Start_IT) for HAL_DMA_Start_IT
    stm32f2xx_hal_sram.o(i.HAL_SRAM_Write_DMA) refers to stm32f2xx_hal_sram.o(i.HAL_SRAM_DMA_XferCpltCallback) for HAL_SRAM_DMA_XferCpltCallback
    stm32f2xx_hal_sram.o(i.HAL_SRAM_Write_DMA) refers to stm32f2xx_hal_sram.o(i.HAL_SRAM_DMA_XferErrorCallback) for HAL_SRAM_DMA_XferErrorCallback
    stm32f2xx_ll_fsmc.o(i.FSMC_NAND_GetECC) refers to stm32f2xx_hal.o(i.HAL_GetTick) for HAL_GetTick
    startup_stm32f207xx.o(RESET) refers to startup_stm32f207xx.o(STACK) for __initial_sp
    startup_stm32f207xx.o(RESET) refers to startup_stm32f207xx.o(.text) for Reset_Handler
    startup_stm32f207xx.o(RESET) refers to lab7.o(i.SysTick_Handler) for SysTick_Handler
    startup_stm32f207xx.o(RESET) refers to lab7.o(i.USART3_IRQHandler) for USART3_IRQHandler
    startup_stm32f207xx.o(.text) refers to system_stm32f2xx.o(i.SystemInit) for SystemInit
    startup_stm32f207xx.o(.text) refers to entry.o(.ARM.Collect$$$$00000000) for __main
    system_stm32f2xx.o(i.SystemCoreClockUpdate) refers to system_stm32f2xx.o(.data) for SystemCoreClock
    system_stm32f2xx.o(i.SystemCoreClockUpdate) refers to system_stm32f2xx.o(.constdata) for AHBPrescTable
    entry.o(.ARM.Collect$$$$00000000) refers (Special) to entry10a.o(.ARM.Collect$$$$0000000D) for __rt_final_cpp
    entry.o(.ARM.Collect$$$$00000000) refers (Special) to entry11a.o(.ARM.Collect$$$$0000000F) for __rt_final_exit
    entry.o(.ARM.Collect$$$$00000000) refers (Special) to entry7b.o(.ARM.Collect$$$$00000008) for _main_clock
    entry.o(.ARM.Collect$$$$00000000) refers (Special) to entry8b.o(.ARM.Collect$$$$0000000A) for _main_cpp_init
    entry.o(.ARM.Collect$$$$00000000) refers (Special) to entry9a.o(.ARM.Collect$$$$0000000B) for _main_init
    entry.o(.ARM.Collect$$$$00000000) refers (Special) to entry5.o(.ARM.Collect$$$$00000004) for _main_scatterload
    entry.o(.ARM.Collect$$$$00000000) refers (Special) to entry2.o(.ARM.Collect$$$$00000001) for _main_stk
    uldiv.o(.text) refers to llushr.o(.text) for __aeabi_llsr
    uldiv.o(.text) refers to llshl.o(.text) for __aeabi_llsl
    entry2.o(.ARM.Collect$$$$00000001) refers to entry2.o(.ARM.Collect$$$$00002712) for __lit__00000000
    entry2.o(.ARM.Collect$$$$00002712) refers to startup_stm32f207xx.o(STACK) for __initial_sp
    entry2.o(__vectab_stack_and_reset_area) refers to startup_stm32f207xx.o(STACK) for __initial_sp
    entry2.o(__vectab_stack_and_reset_area) refers to entry.o(.ARM.Collect$$$$00000000) for __main
    entry5.o(.ARM.Collect$$$$00000004) refers to init.o(.text) for __scatterload
    entry9a.o(.ARM.Collect$$$$0000000B) refers to lab7.o(i.main) for main
    entry9b.o(.ARM.Collect$$$$0000000C) refers to lab7.o(i.main) for main
    init.o(.text) refers to entry5.o(.ARM.Collect$$$$00000004) for __main_after_scatterload


==============================================================================

Removing Unused input sections from the image.

    Removing i2c_stm32f2xx.o(.rev16_text), (4 bytes).
    Removing i2c_stm32f2xx.o(.revsh_text), (4 bytes).
    Removing i2c_stm32f2xx.o(.rrx_text), (6 bytes).
    Removing i2c_stm32f2xx.o(i.I2C_RdBuf), (160 bytes).
    Removing i2c_stm32f2xx.o(i.I2C_WrBuf), (150 bytes).
    Removing joy.o(.rev16_text), (4 bytes).
    Removing joy.o(.revsh_text), (4 bytes).
    Removing joy.o(.rrx_text), (6 bytes).
    Removing joy.o(i.JOY_UnInit), (12 bytes).
    Removing lab7.o(.rev16_text), (4 bytes).
    Removing lab7.o(.revsh_text), (4 bytes).
    Removing lab7.o(.rrx_text), (6 bytes).
    Removing serial.o(.rev16_text), (4 bytes).
    Removing serial.o(.revsh_text), (4 bytes).
    Removing serial.o(.rrx_text), (6 bytes).
    Removing glcd_mcbstm32f200.o(.rev16_text), (4 bytes).
    Removing glcd_mcbstm32f200.o(.revsh_text), (4 bytes).
    Removing glcd_mcbstm32f200.o(.rrx_text), (6 bytes).
    Removing glcd_mcbstm32f200.o(i.GLCD_DrawBargraph), (112 bytes).
    Removing glcd_mcbstm32f200.o(i.GLCD_DrawBitmap), (84 bytes).
    Removing glcd_mcbstm32f200.o(i.GLCD_DrawHLine), (60 bytes).
    Removing glcd_mcbstm32f200.o(i.GLCD_DrawPixel), (128 bytes).
    Removing glcd_mcbstm32f200.o(i.GLCD_DrawRectangle), (58 bytes).
    Removing glcd_mcbstm32f200.o(i.GLCD_DrawString), (44 bytes).
    Removing glcd_mcbstm32f200.o(i.GLCD_DrawVLine), (60 bytes).
    Removing glcd_mcbstm32f200.o(i.GLCD_FrameBufferAccess), (44 bytes).
    Removing glcd_mcbstm32f200.o(i.GLCD_FrameBufferAddress), (8 bytes).
    Removing glcd_mcbstm32f200.o(i.GLCD_SetForegroundColor), (16 bytes).
    Removing glcd_mcbstm32f200.o(i.GLCD_Uninitialize), (84 bytes).
    Removing glcd_mcbstm32f200.o(i.GLCD_VScroll), (8 bytes).
    Removing stm32f2xx_hal.o(.rev16_text), (4 bytes).
    Removing stm32f2xx_hal.o(.revsh_text), (4 bytes).
    Removing stm32f2xx_hal.o(.rrx_text), (6 bytes).
    Removing stm32f2xx_hal.o(i.HAL_DBGMCU_DisableDBGSleepMode), (20 bytes).
    Removing stm32f2xx_hal.o(i.HAL_DBGMCU_DisableDBGStandbyMode), (20 bytes).
    Removing stm32f2xx_hal.o(i.HAL_DBGMCU_DisableDBGStopMode), (20 bytes).
    Removing stm32f2xx_hal.o(i.HAL_DBGMCU_EnableDBGSleepMode), (20 bytes).
    Removing stm32f2xx_hal.o(i.HAL_DBGMCU_EnableDBGStandbyMode), (20 bytes).
    Removing stm32f2xx_hal.o(i.HAL_DBGMCU_EnableDBGStopMode), (20 bytes).
    Removing stm32f2xx_hal.o(i.HAL_DeInit), (68 bytes).
    Removing stm32f2xx_hal.o(i.HAL_DisableCompensationCell), (28 bytes).
    Removing stm32f2xx_hal.o(i.HAL_EnableCompensationCell), (28 bytes).
    Removing stm32f2xx_hal.o(i.HAL_GetDEVID), (16 bytes).
    Removing stm32f2xx_hal.o(i.HAL_GetHalVersion), (8 bytes).
    Removing stm32f2xx_hal.o(i.HAL_GetREVID), (12 bytes).
    Removing stm32f2xx_hal.o(i.HAL_GetUID), (28 bytes).
    Removing stm32f2xx_hal.o(i.HAL_MspDeInit), (2 bytes).
    Removing stm32f2xx_hal.o(i.HAL_ResumeTick), (18 bytes).
    Removing stm32f2xx_hal.o(i.HAL_SuspendTick), (18 bytes).
    Removing stm32f2xx_hal_cortex.o(.rev16_text), (4 bytes).
    Removing stm32f2xx_hal_cortex.o(.revsh_text), (4 bytes).
    Removing stm32f2xx_hal_cortex.o(.rrx_text), (6 bytes).
    Removing stm32f2xx_hal_cortex.o(i.HAL_MPU_ConfigRegion), (92 bytes).
    Removing stm32f2xx_hal_cortex.o(i.HAL_MPU_Disable), (44 bytes).
    Removing stm32f2xx_hal_cortex.o(i.HAL_MPU_Enable), (64 bytes).
    Removing stm32f2xx_hal_cortex.o(i.HAL_NVIC_ClearPendingIRQ), (36 bytes).
    Removing stm32f2xx_hal_cortex.o(i.HAL_NVIC_DisableIRQ), (68 bytes).
    Removing stm32f2xx_hal_cortex.o(i.HAL_NVIC_EnableIRQ), (32 bytes).
    Removing stm32f2xx_hal_cortex.o(i.HAL_NVIC_GetActive), (48 bytes).
    Removing stm32f2xx_hal_cortex.o(i.HAL_NVIC_GetPendingIRQ), (48 bytes).
    Removing stm32f2xx_hal_cortex.o(i.HAL_NVIC_GetPriority), (148 bytes).
    Removing stm32f2xx_hal_cortex.o(i.HAL_NVIC_GetPriorityGrouping), (8 bytes).
    Removing stm32f2xx_hal_cortex.o(i.HAL_NVIC_SetPendingIRQ), (36 bytes).
    Removing stm32f2xx_hal_cortex.o(i.HAL_NVIC_SystemReset), (68 bytes).
    Removing stm32f2xx_hal_cortex.o(i.HAL_SYSTICK_CLKSourceConfig), (40 bytes).
    Removing stm32f2xx_hal_cortex.o(i.HAL_SYSTICK_Callback), (2 bytes).
    Removing stm32f2xx_hal_cortex.o(i.HAL_SYSTICK_IRQHandler), (8 bytes).
    Removing stm32f2xx_hal_dma.o(.rev16_text), (4 bytes).
    Removing stm32f2xx_hal_dma.o(.revsh_text), (4 bytes).
    Removing stm32f2xx_hal_dma.o(.rrx_text), (6 bytes).
    Removing stm32f2xx_hal_dma.o(i.DMA_CalcBaseAndBitshift), (52 bytes).
    Removing stm32f2xx_hal_dma.o(i.DMA_CheckFifoParam), (170 bytes).
    Removing stm32f2xx_hal_dma.o(i.DMA_SetConfig), (44 bytes).
    Removing stm32f2xx_hal_dma.o(i.HAL_DMA_Abort), (170 bytes).
    Removing stm32f2xx_hal_dma.o(i.HAL_DMA_Abort_IT), (40 bytes).
    Removing stm32f2xx_hal_dma.o(i.HAL_DMA_DeInit), (98 bytes).
    Removing stm32f2xx_hal_dma.o(i.HAL_DMA_GetError), (6 bytes).
    Removing stm32f2xx_hal_dma.o(i.HAL_DMA_GetState), (8 bytes).
    Removing stm32f2xx_hal_dma.o(i.HAL_DMA_IRQHandler), (576 bytes).
    Removing stm32f2xx_hal_dma.o(i.HAL_DMA_Init), (236 bytes).
    Removing stm32f2xx_hal_dma.o(i.HAL_DMA_PollForTransfer), (346 bytes).
    Removing stm32f2xx_hal_dma.o(i.HAL_DMA_RegisterCallback), (94 bytes).
    Removing stm32f2xx_hal_dma.o(i.HAL_DMA_Start), (102 bytes).
    Removing stm32f2xx_hal_dma.o(i.HAL_DMA_Start_IT), (158 bytes).
    Removing stm32f2xx_hal_dma.o(i.HAL_DMA_UnRegisterCallback), (124 bytes).
    Removing stm32f2xx_hal_dma.o(.constdata), (8 bytes).
    Removing stm32f2xx_hal_dma_ex.o(.rev16_text), (4 bytes).
    Removing stm32f2xx_hal_dma_ex.o(.revsh_text), (4 bytes).
    Removing stm32f2xx_hal_dma_ex.o(.rrx_text), (6 bytes).
    Removing stm32f2xx_hal_dma_ex.o(i.DMA_MultiBufferSetConfig), (32 bytes).
    Removing stm32f2xx_hal_dma_ex.o(i.HAL_DMAEx_ChangeMemory), (18 bytes).
    Removing stm32f2xx_hal_dma_ex.o(i.HAL_DMAEx_MultiBufferStart), (124 bytes).
    Removing stm32f2xx_hal_dma_ex.o(i.HAL_DMAEx_MultiBufferStart_IT), (4056 bytes).
    Removing stm32f2xx_hal_gpio.o(.rev16_text), (4 bytes).
    Removing stm32f2xx_hal_gpio.o(.revsh_text), (4 bytes).
    Removing stm32f2xx_hal_gpio.o(.rrx_text), (6 bytes).
    Removing stm32f2xx_hal_gpio.o(i.HAL_GPIO_DeInit), (372 bytes).
    Removing stm32f2xx_hal_gpio.o(i.HAL_GPIO_EXTI_Callback), (2 bytes).
    Removing stm32f2xx_hal_gpio.o(i.HAL_GPIO_EXTI_IRQHandler), (28 bytes).
    Removing stm32f2xx_hal_gpio.o(i.HAL_GPIO_LockPin), (46 bytes).
    Removing stm32f2xx_hal_gpio.o(i.HAL_GPIO_ReadPin), (16 bytes).
    Removing stm32f2xx_hal_gpio.o(i.HAL_GPIO_TogglePin), (8 bytes).
    Removing stm32f2xx_hal_rcc.o(.rev16_text), (4 bytes).
    Removing stm32f2xx_hal_rcc.o(.revsh_text), (4 bytes).
    Removing stm32f2xx_hal_rcc.o(.rrx_text), (6 bytes).
    Removing stm32f2xx_hal_rcc.o(i.HAL_RCC_CSSCallback), (2 bytes).
    Removing stm32f2xx_hal_rcc.o(i.HAL_RCC_ClockConfig), (388 bytes).
    Removing stm32f2xx_hal_rcc.o(i.HAL_RCC_DeInit), (320 bytes).
    Removing stm32f2xx_hal_rcc.o(i.HAL_RCC_DisableCSS), (12 bytes).
    Removing stm32f2xx_hal_rcc.o(i.HAL_RCC_EnableCSS), (12 bytes).
    Removing stm32f2xx_hal_rcc.o(i.HAL_RCC_GetClockConfig), (68 bytes).
    Removing stm32f2xx_hal_rcc.o(i.HAL_RCC_GetHCLKFreq), (12 bytes).
    Removing stm32f2xx_hal_rcc.o(i.HAL_RCC_GetOscConfig), (292 bytes).
    Removing stm32f2xx_hal_rcc.o(i.HAL_RCC_GetPCLK1Freq), (44 bytes).
    Removing stm32f2xx_hal_rcc.o(i.HAL_RCC_GetPCLK2Freq), (44 bytes).
    Removing stm32f2xx_hal_rcc.o(i.HAL_RCC_GetSysClockFreq), (176 bytes).
    Removing stm32f2xx_hal_rcc.o(i.HAL_RCC_MCOConfig), (192 bytes).
    Removing stm32f2xx_hal_rcc.o(i.HAL_RCC_NMI_IRQHandler), (32 bytes).
    Removing stm32f2xx_hal_rcc.o(i.HAL_RCC_OscConfig), (928 bytes).
    Removing stm32f2xx_hal_rcc_ex.o(.rev16_text), (4 bytes).
    Removing stm32f2xx_hal_rcc_ex.o(.revsh_text), (4 bytes).
    Removing stm32f2xx_hal_rcc_ex.o(.rrx_text), (6 bytes).
    Removing stm32f2xx_hal_rcc_ex.o(i.HAL_RCCEx_GetPeriphCLKConfig), (80 bytes).
    Removing stm32f2xx_hal_rcc_ex.o(i.HAL_RCCEx_PeriphCLKConfig), (436 bytes).
    Removing stm32f2xx_hal_sram.o(.rev16_text), (4 bytes).
    Removing stm32f2xx_hal_sram.o(.revsh_text), (4 bytes).
    Removing stm32f2xx_hal_sram.o(.rrx_text), (6 bytes).
    Removing stm32f2xx_hal_sram.o(i.HAL_SRAM_DMA_XferCpltCallback), (2 bytes).
    Removing stm32f2xx_hal_sram.o(i.HAL_SRAM_DMA_XferErrorCallback), (2 bytes).
    Removing stm32f2xx_hal_sram.o(i.HAL_SRAM_DeInit), (34 bytes).
    Removing stm32f2xx_hal_sram.o(i.HAL_SRAM_GetState), (8 bytes).
    Removing stm32f2xx_hal_sram.o(i.HAL_SRAM_MspDeInit), (2 bytes).
    Removing stm32f2xx_hal_sram.o(i.HAL_SRAM_Read_16b), (70 bytes).
    Removing stm32f2xx_hal_sram.o(i.HAL_SRAM_Read_32b), (68 bytes).
    Removing stm32f2xx_hal_sram.o(i.HAL_SRAM_Read_8b), (70 bytes).
    Removing stm32f2xx_hal_sram.o(i.HAL_SRAM_Read_DMA), (96 bytes).
    Removing stm32f2xx_hal_sram.o(i.HAL_SRAM_WriteOperation_Disable), (60 bytes).
    Removing stm32f2xx_hal_sram.o(i.HAL_SRAM_WriteOperation_Enable), (54 bytes).
    Removing stm32f2xx_hal_sram.o(i.HAL_SRAM_Write_16b), (82 bytes).
    Removing stm32f2xx_hal_sram.o(i.HAL_SRAM_Write_32b), (80 bytes).
    Removing stm32f2xx_hal_sram.o(i.HAL_SRAM_Write_8b), (82 bytes).
    Removing stm32f2xx_hal_sram.o(i.HAL_SRAM_Write_DMA), (108 bytes).
    Removing stm32f2xx_ll_fsmc.o(.rev16_text), (4 bytes).
    Removing stm32f2xx_ll_fsmc.o(.revsh_text), (4 bytes).
    Removing stm32f2xx_ll_fsmc.o(.rrx_text), (6 bytes).
    Removing stm32f2xx_ll_fsmc.o(i.FSMC_NAND_AttributeSpace_Timing_Init), (54 bytes).
    Removing stm32f2xx_ll_fsmc.o(i.FSMC_NAND_CommonSpace_Timing_Init), (54 bytes).
    Removing stm32f2xx_ll_fsmc.o(i.FSMC_NAND_DeInit), (66 bytes).
    Removing stm32f2xx_ll_fsmc.o(i.FSMC_NAND_ECC_Disable), (28 bytes).
    Removing stm32f2xx_ll_fsmc.o(i.FSMC_NAND_ECC_Enable), (28 bytes).
    Removing stm32f2xx_ll_fsmc.o(i.FSMC_NAND_GetECC), (88 bytes).
    Removing stm32f2xx_ll_fsmc.o(i.FSMC_NAND_Init), (76 bytes).
    Removing stm32f2xx_ll_fsmc.o(i.FSMC_NORSRAM_DeInit), (56 bytes).
    Removing stm32f2xx_ll_fsmc.o(i.FSMC_NORSRAM_WriteOperation_Disable), (18 bytes).
    Removing stm32f2xx_ll_fsmc.o(i.FSMC_NORSRAM_WriteOperation_Enable), (18 bytes).
    Removing stm32f2xx_ll_fsmc.o(i.FSMC_PCCARD_AttributeSpace_Timing_Init), (38 bytes).
    Removing stm32f2xx_ll_fsmc.o(i.FSMC_PCCARD_CommonSpace_Timing_Init), (38 bytes).
    Removing stm32f2xx_ll_fsmc.o(i.FSMC_PCCARD_DeInit), (32 bytes).
    Removing stm32f2xx_ll_fsmc.o(i.FSMC_PCCARD_IOSpace_Timing_Init), (38 bytes).
    Removing stm32f2xx_ll_fsmc.o(i.FSMC_PCCARD_Init), (44 bytes).
    Removing startup_stm32f207xx.o(HEAP), (512 bytes).
    Removing system_stm32f2xx.o(.rev16_text), (4 bytes).
    Removing system_stm32f2xx.o(.revsh_text), (4 bytes).
    Removing system_stm32f2xx.o(.rrx_text), (6 bytes).

164 unused section(s) (total 14304 bytes) removed from the image.

==============================================================================

Image Symbol Table

    Local Symbols

    Symbol Name                              Value     Ov Type        Size  Object(Section)

    ../clib/microlib/division.c              0x00000000   Number         0  uldiv.o ABSOLUTE
    ../clib/microlib/init/entry.s            0x00000000   Number         0  entry2.o ABSOLUTE
    ../clib/microlib/init/entry.s            0x00000000   Number         0  entry9b.o ABSOLUTE
    ../clib/microlib/init/entry.s            0x00000000   Number         0  entry9a.o ABSOLUTE
    ../clib/microlib/init/entry.s            0x00000000   Number         0  entry8b.o ABSOLUTE
    ../clib/microlib/init/entry.s            0x00000000   Number         0  entry7b.o ABSOLUTE
    ../clib/microlib/init/entry.s            0x00000000   Number         0  entry7a.o ABSOLUTE
    ../clib/microlib/init/entry.s            0x00000000   Number         0  entry5.o ABSOLUTE
    ../clib/microlib/init/entry.s            0x00000000   Number         0  entry.o ABSOLUTE
    ../clib/microlib/init/entry.s            0x00000000   Number         0  entry8a.o ABSOLUTE
    ../clib/microlib/init/entry.s            0x00000000   Number         0  entry11b.o ABSOLUTE
    ../clib/microlib/init/entry.s            0x00000000   Number         0  entry11a.o ABSOLUTE
    ../clib/microlib/init/entry.s            0x00000000   Number         0  entry10b.o ABSOLUTE
    ../clib/microlib/init/entry.s            0x00000000   Number         0  entry10a.o ABSOLUTE
    ../clib/microlib/longlong.c              0x00000000   Number         0  llshl.o ABSOLUTE
    ../clib/microlib/longlong.c              0x00000000   Number         0  llushr.o ABSOLUTE
    C:\Keil_v5\ARM\PACK\Keil\STM32F2xx_DFP\2.9.0\Drivers\STM32F2xx_HAL_Driver\Src\stm32f2xx_hal.c 0x00000000   Number         0  stm32f2xx_hal.o ABSOLUTE
    C:\Keil_v5\ARM\PACK\Keil\STM32F2xx_DFP\2.9.0\Drivers\STM32F2xx_HAL_Driver\Src\stm32f2xx_hal_cortex.c 0x00000000   Number         0  stm32f2xx_hal_cortex.o ABSOLUTE
    C:\Keil_v5\ARM\PACK\Keil\STM32F2xx_DFP\2.9.0\Drivers\STM32F2xx_HAL_Driver\Src\stm32f2xx_hal_dma.c 0x00000000   Number         0  stm32f2xx_hal_dma.o ABSOLUTE
    C:\Keil_v5\ARM\PACK\Keil\STM32F2xx_DFP\2.9.0\Drivers\STM32F2xx_HAL_Driver\Src\stm32f2xx_hal_dma_ex.c 0x00000000   Number         0  stm32f2xx_hal_dma_ex.o ABSOLUTE
    C:\Keil_v5\ARM\PACK\Keil\STM32F2xx_DFP\2.9.0\Drivers\STM32F2xx_HAL_Driver\Src\stm32f2xx_hal_gpio.c 0x00000000   Number         0  stm32f2xx_hal_gpio.o ABSOLUTE
    C:\Keil_v5\ARM\PACK\Keil\STM32F2xx_DFP\2.9.0\Drivers\STM32F2xx_HAL_Driver\Src\stm32f2xx_hal_rcc.c 0x00000000   Number         0  stm32f2xx_hal_rcc.o ABSOLUTE
    C:\Keil_v5\ARM\PACK\Keil\STM32F2xx_DFP\2.9.0\Drivers\STM32F2xx_HAL_Driver\Src\stm32f2xx_hal_rcc_ex.c 0x00000000   Number         0  stm32f2xx_hal_rcc_ex.o ABSOLUTE
    C:\Keil_v5\ARM\PACK\Keil\STM32F2xx_DFP\2.9.0\Drivers\STM32F2xx_HAL_Driver\Src\stm32f2xx_hal_sram.c 0x00000000   Number         0  stm32f2xx_hal_sram.o ABSOLUTE
    C:\Keil_v5\ARM\PACK\Keil\STM32F2xx_DFP\2.9.0\Drivers\STM32F2xx_HAL_Driver\Src\stm32f2xx_ll_fsmc.c 0x00000000   Number         0  stm32f2xx_ll_fsmc.o ABSOLUTE
    C:\Keil_v5\ARM\PACK\Keil\STM32F2xx_DFP\2.9.0\MDK\Boards\Keil\MCBSTM32F200\Common\GLCD_Fonts.c 0x00000000   Number         0  glcd_fonts.o ABSOLUTE
    C:\Keil_v5\ARM\PACK\Keil\STM32F2xx_DFP\2.9.0\MDK\Boards\Keil\MCBSTM32F200\Common\GLCD_MCBSTM32F200.c 0x00000000   Number         0  glcd_mcbstm32f200.o ABSOLUTE
    C:\\Keil_v5\\ARM\\PACK\\Keil\\STM32F2xx_DFP\\2.9.0\\Drivers\\STM32F2xx_HAL_Driver\\Src\\stm32f2xx_hal.c 0x00000000   Number         0  stm32f2xx_hal.o ABSOLUTE
    C:\\Keil_v5\\ARM\\PACK\\Keil\\STM32F2xx_DFP\\2.9.0\\Drivers\\STM32F2xx_HAL_Driver\\Src\\stm32f2xx_hal_cortex.c 0x00000000   Number         0  stm32f2xx_hal_cortex.o ABSOLUTE
    C:\\Keil_v5\\ARM\\PACK\\Keil\\STM32F2xx_DFP\\2.9.0\\Drivers\\STM32F2xx_HAL_Driver\\Src\\stm32f2xx_hal_dma.c 0x00000000   Number         0  stm32f2xx_hal_dma.o ABSOLUTE
    C:\\Keil_v5\\ARM\\PACK\\Keil\\STM32F2xx_DFP\\2.9.0\\Drivers\\STM32F2xx_HAL_Driver\\Src\\stm32f2xx_hal_dma_ex.c 0x00000000   Number         0  stm32f2xx_hal_dma_ex.o ABSOLUTE
    C:\\Keil_v5\\ARM\\PACK\\Keil\\STM32F2xx_DFP\\2.9.0\\Drivers\\STM32F2xx_HAL_Driver\\Src\\stm32f2xx_hal_gpio.c 0x00000000   Number         0  stm32f2xx_hal_gpio.o ABSOLUTE
    C:\\Keil_v5\\ARM\\PACK\\Keil\\STM32F2xx_DFP\\2.9.0\\Drivers\\STM32F2xx_HAL_Driver\\Src\\stm32f2xx_hal_rcc.c 0x00000000   Number         0  stm32f2xx_hal_rcc.o ABSOLUTE
    C:\\Keil_v5\\ARM\\PACK\\Keil\\STM32F2xx_DFP\\2.9.0\\Drivers\\STM32F2xx_HAL_Driver\\Src\\stm32f2xx_hal_rcc_ex.c 0x00000000   Number         0  stm32f2xx_hal_rcc_ex.o ABSOLUTE
    C:\\Keil_v5\\ARM\\PACK\\Keil\\STM32F2xx_DFP\\2.9.0\\Drivers\\STM32F2xx_HAL_Driver\\Src\\stm32f2xx_hal_sram.c 0x00000000   Number         0  stm32f2xx_hal_sram.o ABSOLUTE
    C:\\Keil_v5\\ARM\\PACK\\Keil\\STM32F2xx_DFP\\2.9.0\\Drivers\\STM32F2xx_HAL_Driver\\Src\\stm32f2xx_ll_fsmc.c 0x00000000   Number         0  stm32f2xx_ll_fsmc.o ABSOLUTE
    C:\\Keil_v5\\ARM\\PACK\\Keil\\STM32F2xx_DFP\\2.9.0\\MDK\\Boards\\Keil\\MCBSTM32F200\\Common\\GLCD_MCBSTM32F200.c 0x00000000   Number         0  glcd_mcbstm32f200.o ABSOLUTE
    I2C_STM32F2xx.c                          0x00000000   Number         0  i2c_stm32f2xx.o ABSOLUTE
    I2C_STM32F2xx.c                          0x00000000   Number         0  i2c_stm32f2xx.o ABSOLUTE
    JOY.c                                    0x00000000   Number         0  joy.o ABSOLUTE
    JOY.c                                    0x00000000   Number         0  joy.o ABSOLUTE
    RTE\Device\STM32F207IGHx\startup_stm32f207xx.s 0x00000000   Number         0  startup_stm32f207xx.o ABSOLUTE
    RTE\Device\STM32F207IGHx\system_stm32f2xx.c 0x00000000   Number         0  system_stm32f2xx.o ABSOLUTE
    RTE\\Device\\STM32F207IGHx\\system_stm32f2xx.c 0x00000000   Number         0  system_stm32f2xx.o ABSOLUTE
    Serial.c                                 0x00000000   Number         0  serial.o ABSOLUTE
    Serial.c                                 0x00000000   Number         0  serial.o ABSOLUTE
    dc.s                                     0x00000000   Number         0  dc.o ABSOLUTE
    handlers.s                               0x00000000   Number         0  handlers.o ABSOLUTE
    init.s                                   0x00000000   Number         0  init.o ABSOLUTE
    lab7.c                                   0x00000000   Number         0  lab7.o ABSOLUTE
    lab7.c                                   0x00000000   Number         0  lab7.o ABSOLUTE
    RESET                                    0x08000000   Section      388  startup_stm32f207xx.o(RESET)
    .ARM.Collect$$$$00000000                 0x08000184   Section        0  entry.o(.ARM.Collect$$$$00000000)
    .ARM.Collect$$$$00000001                 0x08000184   Section        4  entry2.o(.ARM.Collect$$$$00000001)
    .ARM.Collect$$$$00000004                 0x08000188   Section        4  entry5.o(.ARM.Collect$$$$00000004)
    .ARM.Collect$$$$00000008                 0x0800018c   Section        0  entry7b.o(.ARM.Collect$$$$00000008)
    .ARM.Collect$$$$0000000A                 0x0800018c   Section        0  entry8b.o(.ARM.Collect$$$$0000000A)
    .ARM.Collect$$$$0000000B                 0x0800018c   Section        8  entry9a.o(.ARM.Collect$$$$0000000B)
    .ARM.Collect$$$$0000000D                 0x08000194   Section        0  entry10a.o(.ARM.Collect$$$$0000000D)
    .ARM.Collect$$$$0000000F                 0x08000194   Section        0  entry11a.o(.ARM.Collect$$$$0000000F)
    .ARM.Collect$$$$00002712                 0x08000194   Section        4  entry2.o(.ARM.Collect$$$$00002712)
    __lit__00000000                          0x08000194   Data           4  entry2.o(.ARM.Collect$$$$00002712)
    .text                                    0x08000198   Section       36  startup_stm32f207xx.o(.text)
    .text                                    0x080001bc   Section       36  init.o(.text)
    i.FSMC_NORSRAM_Extended_Timing_Init      0x080001e0   Section        0  stm32f2xx_ll_fsmc.o(i.FSMC_NORSRAM_Extended_Timing_Init)
    i.FSMC_NORSRAM_Init                      0x08000228   Section        0  stm32f2xx_ll_fsmc.o(i.FSMC_NORSRAM_Init)
    i.FSMC_NORSRAM_Timing_Init               0x08000280   Section        0  stm32f2xx_ll_fsmc.o(i.FSMC_NORSRAM_Timing_Init)
    i.GLCD_ClearScreen                       0x080002c4   Section        0  glcd_mcbstm32f200.o(i.GLCD_ClearScreen)
    i.GLCD_DrawChar                          0x08000300   Section        0  glcd_mcbstm32f200.o(i.GLCD_DrawChar)
    i.GLCD_Initialize                        0x080003d0   Section        0  glcd_mcbstm32f200.o(i.GLCD_Initialize)
    i.GLCD_SetBackgroundColor                0x08000b04   Section        0  glcd_mcbstm32f200.o(i.GLCD_SetBackgroundColor)
    i.GLCD_SetFont                           0x08000b14   Section        0  glcd_mcbstm32f200.o(i.GLCD_SetFont)
    i.GLCD_SetWindow                         0x08000b24   Section        0  glcd_mcbstm32f200.o(i.GLCD_SetWindow)
    GLCD_SetWindow                           0x08000b25   Thumb Code   168  glcd_mcbstm32f200.o(i.GLCD_SetWindow)
    i.HAL_Delay                              0x08000bd0   Section        0  stm32f2xx_hal.o(i.HAL_Delay)
    i.HAL_GPIO_Init                          0x08000bf0   Section        0  stm32f2xx_hal_gpio.o(i.HAL_GPIO_Init)
    i.HAL_GPIO_WritePin                      0x08000dfc   Section        0  stm32f2xx_hal_gpio.o(i.HAL_GPIO_WritePin)
    i.HAL_GetTick                            0x08000e08   Section        0  stm32f2xx_hal.o(i.HAL_GetTick)
    i.HAL_IncTick                            0x08000e14   Section        0  stm32f2xx_hal.o(i.HAL_IncTick)
    i.HAL_Init                               0x08000e24   Section        0  stm32f2xx_hal.o(i.HAL_Init)
    i.HAL_InitTick                           0x08000e60   Section        0  stm32f2xx_hal.o(i.HAL_InitTick)
    i.HAL_MspInit                            0x08000e88   Section        0  stm32f2xx_hal.o(i.HAL_MspInit)
    i.HAL_NVIC_SetPriority                   0x08000e8a   Section        0  stm32f2xx_hal_cortex.o(i.HAL_NVIC_SetPriority)
    i.HAL_NVIC_SetPriorityGrouping           0x08000f08   Section        0  stm32f2xx_hal_cortex.o(i.HAL_NVIC_SetPriorityGrouping)
    i.HAL_SRAM_Init                          0x08000f30   Section        0  stm32f2xx_hal_sram.o(i.HAL_SRAM_Init)
    i.HAL_SRAM_MspInit                       0x08000f88   Section        0  stm32f2xx_hal_sram.o(i.HAL_SRAM_MspInit)
    i.HAL_SYSTICK_Config                     0x08000f8a   Section        0  stm32f2xx_hal_cortex.o(i.HAL_SYSTICK_Config)
    i.I2C_Addr                               0x08000fc0   Section        0  i2c_stm32f2xx.o(i.I2C_Addr)
    i.I2C_Init                               0x08000fdc   Section        0  i2c_stm32f2xx.o(i.I2C_Init)
    i.I2C_RdData                             0x080010c4   Section        0  i2c_stm32f2xx.o(i.I2C_RdData)
    i.I2C_Read                               0x08001188   Section        0  i2c_stm32f2xx.o(i.I2C_Read)
    i.I2C_Recovery                           0x080011c8   Section        0  i2c_stm32f2xx.o(i.I2C_Recovery)
    i.I2C_Start                              0x08001270   Section        0  i2c_stm32f2xx.o(i.I2C_Start)
    i.I2C_Stop                               0x0800128c   Section        0  i2c_stm32f2xx.o(i.I2C_Stop)
    i.I2C_WrData                             0x080012a8   Section        0  i2c_stm32f2xx.o(i.I2C_WrData)
    i.I2C_Write                              0x08001348   Section        0  i2c_stm32f2xx.o(i.I2C_Write)
    i.I2C_sr                                 0x0800135c   Section        0  i2c_stm32f2xx.o(i.I2C_sr)
    I2C_sr                                   0x0800135d   Thumb Code    14  i2c_stm32f2xx.o(i.I2C_sr)
    i.IOE_Read                               0x08001370   Section        0  joy.o(i.IOE_Read)
    IOE_Read                                 0x08001371   Thumb Code    20  joy.o(i.IOE_Read)
    i.IOE_Write                              0x08001384   Section        0  joy.o(i.IOE_Write)
    IOE_Write                                0x08001385   Thumb Code    18  joy.o(i.IOE_Write)
    i.JOY_GetKeys                            0x08001396   Section        0  joy.o(i.JOY_GetKeys)
    i.JOY_Init                               0x080013f8   Section        0  joy.o(i.JOY_Init)
    i.SER_GetChar                            0x0800144c   Section        0  serial.o(i.SER_GetChar)
    i.SER_Init                               0x08001468   Section        0  serial.o(i.SER_Init)
    i.SER_PutChar                            0x0800151c   Section        0  serial.o(i.SER_PutChar)
    i.SysTick_Handler                        0x08001538   Section        0  lab7.o(i.SysTick_Handler)
    i.SystemCoreClockUpdate                  0x08001580   Section        0  system_stm32f2xx.o(i.SystemCoreClockUpdate)
    i.SystemInit                             0x08001640   Section        0  system_stm32f2xx.o(i.SystemInit)
    i.USART3_IRQHandler                      0x08001694   Section        0  lab7.o(i.USART3_IRQHandler)
    i.Wait                                   0x080016c0   Section        0  i2c_stm32f2xx.o(i.Wait)
    Wait                                     0x080016c1   Thumb Code    16  i2c_stm32f2xx.o(i.Wait)
    i.WaitFlagClr                            0x080016d0   Section        0  i2c_stm32f2xx.o(i.WaitFlagClr)
    WaitFlagClr                              0x080016d1   Thumb Code    30  i2c_stm32f2xx.o(i.WaitFlagClr)
    i.WaitFlagSet                            0x080016f4   Section        0  i2c_stm32f2xx.o(i.WaitFlagSet)
    WaitFlagSet                              0x080016f5   Thumb Code    30  i2c_stm32f2xx.o(i.WaitFlagSet)
    i.__NVIC_GetPriorityGrouping             0x08001718   Section        0  stm32f2xx_hal_cortex.o(i.__NVIC_GetPriorityGrouping)
    __NVIC_GetPriorityGrouping               0x08001719   Thumb Code    10  stm32f2xx_hal_cortex.o(i.__NVIC_GetPriorityGrouping)
    i.__NVIC_SetPriority                     0x08001728   Section        0  stm32f2xx_hal_cortex.o(i.__NVIC_SetPriority)
    __NVIC_SetPriority                       0x08001729   Thumb Code    32  stm32f2xx_hal_cortex.o(i.__NVIC_SetPriority)
    i.__scatterload_copy                     0x08001750   Section       14  handlers.o(i.__scatterload_copy)
    i.__scatterload_null                     0x0800175e   Section        2  handlers.o(i.__scatterload_null)
    i.__scatterload_zeroinit                 0x08001760   Section       14  handlers.o(i.__scatterload_zeroinit)
    i.fsm_reaction                           0x08001770   Section        0  lab7.o(i.fsm_reaction)
    i.io_dir                                 0x080019f8   Section        0  i2c_stm32f2xx.o(i.io_dir)
    i.io_pin                                 0x08001a58   Section        0  i2c_stm32f2xx.o(i.io_pin)
    i.io_state                               0x08001aa4   Section        0  i2c_stm32f2xx.o(i.io_state)
    i.main                                   0x08001ac4   Section        0  lab7.o(i.main)
    i.wr_cmd                                 0x08001b24   Section        0  glcd_mcbstm32f200.o(i.wr_cmd)
    wr_cmd                                   0x08001b25   Thumb Code     8  glcd_mcbstm32f200.o(i.wr_cmd)
    i.wr_dat                                 0x08001b2c   Section        0  glcd_mcbstm32f200.o(i.wr_dat)
    wr_dat                                   0x08001b2d   Thumb Code     8  glcd_mcbstm32f200.o(i.wr_dat)
    i.wr_dat_only                            0x08001b34   Section        0  glcd_mcbstm32f200.o(i.wr_dat_only)
    wr_dat_only                              0x08001b35   Thumb Code     8  glcd_mcbstm32f200.o(i.wr_dat_only)
    i.wr_reg                                 0x08001b3c   Section        0  glcd_mcbstm32f200.o(i.wr_reg)
    wr_reg                                   0x08001b3d   Thumb Code    20  glcd_mcbstm32f200.o(i.wr_reg)
    .constdata                               0x08001b50   Section     6304  glcd_fonts.o(.constdata)
    Font_6x8_h                               0x08001b50   Data         896  glcd_fonts.o(.constdata)
    Font_16x24_h                             0x08001ed0   Data        5376  glcd_fonts.o(.constdata)
    .constdata                               0x080033f0   Section       24  system_stm32f2xx.o(.constdata)
    .data                                    0x20000000   Section        8  lab7.o(.data)
    joystick                                 0x20000004   Data           4  lab7.o(.data)
    .data                                    0x20000008   Section        9  glcd_mcbstm32f200.o(.data)
    foreground_color                         0x20000008   Data           2  glcd_mcbstm32f200.o(.data)
    background_color                         0x2000000a   Data           2  glcd_mcbstm32f200.o(.data)
    active_font                              0x2000000c   Data           4  glcd_mcbstm32f200.o(.data)
    Himax                                    0x20000010   Data           1  glcd_mcbstm32f200.o(.data)
    .data                                    0x20000014   Section        4  stm32f2xx_hal.o(.data)
    .data                                    0x20000018   Section        4  system_stm32f2xx.o(.data)
    .bss                                     0x2000001c   Section       68  glcd_mcbstm32f200.o(.bss)
    hsram4                                   0x2000001c   Data          68  glcd_mcbstm32f200.o(.bss)
    STACK                                    0x20000060   Section     1024  startup_stm32f207xx.o(STACK)

    Global Symbols

    Symbol Name                              Value     Ov Type        Size  Object(Section)

    BuildAttributes$$THM_ISAv4$P$D$K$B$S$PE$A:L22UL41UL21$X:L11$S22US41US21$IEEE1$IW$USESV6$~STKCKD$USESV7$~SHL$OSPACE$EBA8$MICROLIB$REQ8$PRES8$EABIv2 0x00000000   Number         0  anon$$obj.o ABSOLUTE
    __ARM_use_no_argv                        0x00000000   Number         0  lab7.o ABSOLUTE
    __cpp_initialize__aeabi_                  - Undefined Weak Reference
    __cxa_finalize                            - Undefined Weak Reference
    __decompress                              - Undefined Weak Reference
    _clock_init                               - Undefined Weak Reference
    _microlib_exit                            - Undefined Weak Reference
    __Vectors_Size                           0x00000184   Number         0  startup_stm32f207xx.o ABSOLUTE
    __Vectors                                0x08000000   Data           4  startup_stm32f207xx.o(RESET)
    __Vectors_End                            0x08000184   Data           0  startup_stm32f207xx.o(RESET)
    __main                                   0x08000185   Thumb Code     0  entry.o(.ARM.Collect$$$$00000000)
    _main_stk                                0x08000185   Thumb Code     0  entry2.o(.ARM.Collect$$$$00000001)
    _main_scatterload                        0x08000189   Thumb Code     0  entry5.o(.ARM.Collect$$$$00000004)
    __main_after_scatterload                 0x0800018d   Thumb Code     0  entry5.o(.ARM.Collect$$$$00000004)
    _main_clock                              0x0800018d   Thumb Code     0  entry7b.o(.ARM.Collect$$$$00000008)
    _main_cpp_init                           0x0800018d   Thumb Code     0  entry8b.o(.ARM.Collect$$$$0000000A)
    _main_init                               0x0800018d   Thumb Code     0  entry9a.o(.ARM.Collect$$$$0000000B)
    __rt_final_cpp                           0x08000195   Thumb Code     0  entry10a.o(.ARM.Collect$$$$0000000D)
    __rt_final_exit                          0x08000195   Thumb Code     0  entry11a.o(.ARM.Collect$$$$0000000F)
    Reset_Handler                            0x08000199   Thumb Code     8  startup_stm32f207xx.o(.text)
    NMI_Handler                              0x080001a1   Thumb Code     2  startup_stm32f207xx.o(.text)
    HardFault_Handler                        0x080001a3   Thumb Code     2  startup_stm32f207xx.o(.text)
    MemManage_Handler                        0x080001a5   Thumb Code     2  startup_stm32f207xx.o(.text)
    BusFault_Handler                         0x080001a7   Thumb Code     2  startup_stm32f207xx.o(.text)
    UsageFault_Handler                       0x080001a9   Thumb Code     2  startup_stm32f207xx.o(.text)
    SVC_Handler                              0x080001ab   Thumb Code     2  startup_stm32f207xx.o(.text)
    DebugMon_Handler                         0x080001ad   Thumb Code     2  startup_stm32f207xx.o(.text)
    PendSV_Handler                           0x080001af   Thumb Code     2  startup_stm32f207xx.o(.text)
    ADC_IRQHandler                           0x080001b3   Thumb Code     0  startup_stm32f207xx.o(.text)
    CAN1_RX0_IRQHandler                      0x080001b3   Thumb Code     0  startup_stm32f207xx.o(.text)
    CAN1_RX1_IRQHandler                      0x080001b3   Thumb Code     0  startup_stm32f207xx.o(.text)
    CAN1_SCE_IRQHandler                      0x080001b3   Thumb Code     0  startup_stm32f207xx.o(.text)
    CAN1_TX_IRQHandler                       0x080001b3   Thumb Code     0  startup_stm32f207xx.o(.text)
    CAN2_RX0_IRQHandler                      0x080001b3   Thumb Code     0  startup_stm32f207xx.o(.text)
    CAN2_RX1_IRQHandler                      0x080001b3   Thumb Code     0  startup_stm32f207xx.o(.text)
    CAN2_SCE_IRQHandler                      0x080001b3   Thumb Code     0  startup_stm32f207xx.o(.text)
    CAN2_TX_IRQHandler                       0x080001b3   Thumb Code     0  startup_stm32f207xx.o(.text)
    DCMI_IRQHandler                          0x080001b3   Thumb Code     0  startup_stm32f207xx.o(.text)
    DMA1_Stream0_IRQHandler                  0x080001b3   Thumb Code     0  startup_stm32f207xx.o(.text)
    DMA1_Stream1_IRQHandler                  0x080001b3   Thumb Code     0  startup_stm32f207xx.o(.text)
    DMA1_Stream2_IRQHandler                  0x080001b3   Thumb Code     0  startup_stm32f207xx.o(.text)
    DMA1_Stream3_IRQHandler                  0x080001b3   Thumb Code     0  startup_stm32f207xx.o(.text)
    DMA1_Stream4_IRQHandler                  0x080001b3   Thumb Code     0  startup_stm32f207xx.o(.text)
    DMA1_Stream5_IRQHandler                  0x080001b3   Thumb Code     0  startup_stm32f207xx.o(.text)
    DMA1_Stream6_IRQHandler                  0x080001b3   Thumb Code     0  startup_stm32f207xx.o(.text)
    DMA1_Stream7_IRQHandler                  0x080001b3   Thumb Code     0  startup_stm32f207xx.o(.text)
    DMA2_Stream0_IRQHandler                  0x080001b3   Thumb Code     0  startup_stm32f207xx.o(.text)
    DMA2_Stream1_IRQHandler                  0x080001b3   Thumb Code     0  startup_stm32f207xx.o(.text)
    DMA2_Stream2_IRQHandler                  0x080001b3   Thumb Code     0  startup_stm32f207xx.o(.text)
    DMA2_Stream3_IRQHandler                  0x080001b3   Thumb Code     0  startup_stm32f207xx.o(.text)
    DMA2_Stream4_IRQHandler                  0x080001b3   Thumb Code     0  startup_stm32f207xx.o(.text)
    DMA2_Stream5_IRQHandler                  0x080001b3   Thumb Code     0  startup_stm32f207xx.o(.text)
    DMA2_Stream6_IRQHandler                  0x080001b3   Thumb Code     0  startup_stm32f207xx.o(.text)
    DMA2_Stream7_IRQHandler                  0x080001b3   Thumb Code     0  startup_stm32f207xx.o(.text)
    ETH_IRQHandler                           0x080001b3   Thumb Code     0  startup_stm32f207xx.o(.text)
    ETH_WKUP_IRQHandler                      0x080001b3   Thumb Code     0  startup_stm32f207xx.o(.text)
    EXTI0_IRQHandler                         0x080001b3   Thumb Code     0  startup_stm32f207xx.o(.text)
    EXTI15_10_IRQHandler                     0x080001b3   Thumb Code     0  startup_stm32f207xx.o(.text)
    EXTI1_IRQHandler                         0x080001b3   Thumb Code     0  startup_stm32f207xx.o(.text)
    EXTI2_IRQHandler                         0x080001b3   Thumb Code     0  startup_stm32f207xx.o(.text)
    EXTI3_IRQHandler                         0x080001b3   Thumb Code     0  startup_stm32f207xx.o(.text)
    EXTI4_IRQHandler                         0x080001b3   Thumb Code     0  startup_stm32f207xx.o(.text)
    EXTI9_5_IRQHandler                       0x080001b3   Thumb Code     0  startup_stm32f207xx.o(.text)
    FLASH_IRQHandler                         0x080001b3   Thumb Code     0  startup_stm32f207xx.o(.text)
    FSMC_IRQHandler                          0x080001b3   Thumb Code     0  startup_stm32f207xx.o(.text)
    HASH_RNG_IRQHandler                      0x080001b3   Thumb Code     0  startup_stm32f207xx.o(.text)
    I2C1_ER_IRQHandler                       0x080001b3   Thumb Code     0  startup_stm32f207xx.o(.text)
    I2C1_EV_IRQHandler                       0x080001b3   Thumb Code     0  startup_stm32f207xx.o(.text)
    I2C2_ER_IRQHandler                       0x080001b3   Thumb Code     0  startup_stm32f207xx.o(.text)
    I2C2_EV_IRQHandler                       0x080001b3   Thumb Code     0  startup_stm32f207xx.o(.text)
    I2C3_ER_IRQHandler                       0x080001b3   Thumb Code     0  startup_stm32f207xx.o(.text)
    I2C3_EV_IRQHandler                       0x080001b3   Thumb Code     0  startup_stm32f207xx.o(.text)
    OTG_FS_IRQHandler                        0x080001b3   Thumb Code     0  startup_stm32f207xx.o(.text)
    OTG_FS_WKUP_IRQHandler                   0x080001b3   Thumb Code     0  startup_stm32f207xx.o(.text)
    OTG_HS_EP1_IN_IRQHandler                 0x080001b3   Thumb Code     0  startup_stm32f207xx.o(.text)
    OTG_HS_EP1_OUT_IRQHandler                0x080001b3   Thumb Code     0  startup_stm32f207xx.o(.text)
    OTG_HS_IRQHandler                        0x080001b3   Thumb Code     0  startup_stm32f207xx.o(.text)
    OTG_HS_WKUP_IRQHandler                   0x080001b3   Thumb Code     0  startup_stm32f207xx.o(.text)
    PVD_IRQHandler                           0x080001b3   Thumb Code     0  startup_stm32f207xx.o(.text)
    RCC_IRQHandler                           0x080001b3   Thumb Code     0  startup_stm32f207xx.o(.text)
    RTC_Alarm_IRQHandler                     0x080001b3   Thumb Code     0  startup_stm32f207xx.o(.text)
    RTC_WKUP_IRQHandler                      0x080001b3   Thumb Code     0  startup_stm32f207xx.o(.text)
    SDIO_IRQHandler                          0x080001b3   Thumb Code     0  startup_stm32f207xx.o(.text)
    SPI1_IRQHandler                          0x080001b3   Thumb Code     0  startup_stm32f207xx.o(.text)
    SPI2_IRQHandler                          0x080001b3   Thumb Code     0  startup_stm32f207xx.o(.text)
    SPI3_IRQHandler                          0x080001b3   Thumb Code     0  startup_stm32f207xx.o(.text)
    TAMP_STAMP_IRQHandler                    0x080001b3   Thumb Code     0  startup_stm32f207xx.o(.text)
    TIM1_BRK_TIM9_IRQHandler                 0x080001b3   Thumb Code     0  startup_stm32f207xx.o(.text)
    TIM1_CC_IRQHandler                       0x080001b3   Thumb Code     0  startup_stm32f207xx.o(.text)
    TIM1_TRG_COM_TIM11_IRQHandler            0x080001b3   Thumb Code     0  startup_stm32f207xx.o(.text)
    TIM1_UP_TIM10_IRQHandler                 0x080001b3   Thumb Code     0  startup_stm32f207xx.o(.text)
    TIM2_IRQHandler                          0x080001b3   Thumb Code     0  startup_stm32f207xx.o(.text)
    TIM3_IRQHandler                          0x080001b3   Thumb Code     0  startup_stm32f207xx.o(.text)
    TIM4_IRQHandler                          0x080001b3   Thumb Code     0  startup_stm32f207xx.o(.text)
    TIM5_IRQHandler                          0x080001b3   Thumb Code     0  startup_stm32f207xx.o(.text)
    TIM6_DAC_IRQHandler                      0x080001b3   Thumb Code     0  startup_stm32f207xx.o(.text)
    TIM7_IRQHandler                          0x080001b3   Thumb Code     0  startup_stm32f207xx.o(.text)
    TIM8_BRK_TIM12_IRQHandler                0x080001b3   Thumb Code     0  startup_stm32f207xx.o(.text)
    TIM8_CC_IRQHandler                       0x080001b3   Thumb Code     0  startup_stm32f207xx.o(.text)
    TIM8_TRG_COM_TIM14_IRQHandler            0x080001b3   Thumb Code     0  startup_stm32f207xx.o(.text)
    TIM8_UP_TIM13_IRQHandler                 0x080001b3   Thumb Code     0  startup_stm32f207xx.o(.text)
    UART4_IRQHandler                         0x080001b3   Thumb Code     0  startup_stm32f207xx.o(.text)
    UART5_IRQHandler                         0x080001b3   Thumb Code     0  startup_stm32f207xx.o(.text)
    USART1_IRQHandler                        0x080001b3   Thumb Code     0  startup_stm32f207xx.o(.text)
    USART2_IRQHandler                        0x080001b3   Thumb Code     0  startup_stm32f207xx.o(.text)
    USART6_IRQHandler                        0x080001b3   Thumb Code     0  startup_stm32f207xx.o(.text)
    WWDG_IRQHandler                          0x080001b3   Thumb Code     0  startup_stm32f207xx.o(.text)
    __scatterload                            0x080001bd   Thumb Code    28  init.o(.text)
    __scatterload_rt2                        0x080001bd   Thumb Code     0  init.o(.text)
    FSMC_NORSRAM_Extended_Timing_Init        0x080001e1   Thumb Code    66  stm32f2xx_ll_fsmc.o(i.FSMC_NORSRAM_Extended_Timing_Init)
    FSMC_NORSRAM_Init                        0x08000229   Thumb Code    84  stm32f2xx_ll_fsmc.o(i.FSMC_NORSRAM_Init)
    FSMC_NORSRAM_Timing_Init                 0x08000281   Thumb Code    68  stm32f2xx_ll_fsmc.o(i.FSMC_NORSRAM_Timing_Init)
    GLCD_ClearScreen                         0x080002c5   Thumb Code    54  glcd_mcbstm32f200.o(i.GLCD_ClearScreen)
    GLCD_DrawChar                            0x08000301   Thumb Code   194  glcd_mcbstm32f200.o(i.GLCD_DrawChar)
    GLCD_Initialize                          0x080003d1   Thumb Code  1838  glcd_mcbstm32f200.o(i.GLCD_Initialize)
    GLCD_SetBackgroundColor                  0x08000b05   Thumb Code    10  glcd_mcbstm32f200.o(i.GLCD_SetBackgroundColor)
    GLCD_SetFont                             0x08000b15   Thumb Code    10  glcd_mcbstm32f200.o(i.GLCD_SetFont)
    HAL_Delay                                0x08000bd1   Thumb Code    30  stm32f2xx_hal.o(i.HAL_Delay)
    HAL_GPIO_Init                            0x08000bf1   Thumb Code   476  stm32f2xx_hal_gpio.o(i.HAL_GPIO_Init)
    HAL_GPIO_WritePin                        0x08000dfd   Thumb Code    12  stm32f2xx_hal_gpio.o(i.HAL_GPIO_WritePin)
    HAL_GetTick                              0x08000e09   Thumb Code     6  stm32f2xx_hal.o(i.HAL_GetTick)
    HAL_IncTick                              0x08000e15   Thumb Code    12  stm32f2xx_hal.o(i.HAL_IncTick)
    HAL_Init                                 0x08000e25   Thumb Code    54  stm32f2xx_hal.o(i.HAL_Init)
    HAL_InitTick                             0x08000e61   Thumb Code    36  stm32f2xx_hal.o(i.HAL_InitTick)
    HAL_MspInit                              0x08000e89   Thumb Code     2  stm32f2xx_hal.o(i.HAL_MspInit)
    HAL_NVIC_SetPriority                     0x08000e8b   Thumb Code   124  stm32f2xx_hal_cortex.o(i.HAL_NVIC_SetPriority)
    HAL_NVIC_SetPriorityGrouping             0x08000f09   Thumb Code    32  stm32f2xx_hal_cortex.o(i.HAL_NVIC_SetPriorityGrouping)
    HAL_SRAM_Init                            0x08000f31   Thumb Code    88  stm32f2xx_hal_sram.o(i.HAL_SRAM_Init)
    HAL_SRAM_MspInit                         0x08000f89   Thumb Code     2  stm32f2xx_hal_sram.o(i.HAL_SRAM_MspInit)
    HAL_SYSTICK_Config                       0x08000f8b   Thumb Code    52  stm32f2xx_hal_cortex.o(i.HAL_SYSTICK_Config)
    I2C_Addr                                 0x08000fc1   Thumb Code    22  i2c_stm32f2xx.o(i.I2C_Addr)
    I2C_Init                                 0x08000fdd   Thumb Code   218  i2c_stm32f2xx.o(i.I2C_Init)
    I2C_RdData                               0x080010c5   Thumb Code   196  i2c_stm32f2xx.o(i.I2C_RdData)
    I2C_Read                                 0x08001189   Thumb Code    58  i2c_stm32f2xx.o(i.I2C_Read)
    I2C_Recovery                             0x080011c9   Thumb Code   158  i2c_stm32f2xx.o(i.I2C_Recovery)
    I2C_Start                                0x08001271   Thumb Code    22  i2c_stm32f2xx.o(i.I2C_Start)
    I2C_Stop                                 0x0800128d   Thumb Code    24  i2c_stm32f2xx.o(i.I2C_Stop)
    I2C_WrData                               0x080012a9   Thumb Code   158  i2c_stm32f2xx.o(i.I2C_WrData)
    I2C_Write                                0x08001349   Thumb Code    16  i2c_stm32f2xx.o(i.I2C_Write)
    JOY_GetKeys                              0x08001397   Thumb Code    98  joy.o(i.JOY_GetKeys)
    JOY_Init                                 0x080013f9   Thumb Code    80  joy.o(i.JOY_Init)
    SER_GetChar                              0x0800144d   Thumb Code    24  serial.o(i.SER_GetChar)
    SER_Init                                 0x08001469   Thumb Code   164  serial.o(i.SER_Init)
    SER_PutChar                              0x0800151d   Thumb Code    24  serial.o(i.SER_PutChar)
    SysTick_Handler                          0x08001539   Thumb Code    68  lab7.o(i.SysTick_Handler)
    SystemCoreClockUpdate                    0x08001581   Thumb Code   170  system_stm32f2xx.o(i.SystemCoreClockUpdate)
    SystemInit                               0x08001641   Thumb Code    68  system_stm32f2xx.o(i.SystemInit)
    USART3_IRQHandler                        0x08001695   Thumb Code    44  lab7.o(i.USART3_IRQHandler)
    __scatterload_copy                       0x08001751   Thumb Code    14  handlers.o(i.__scatterload_copy)
    __scatterload_null                       0x0800175f   Thumb Code     2  handlers.o(i.__scatterload_null)
    __scatterload_zeroinit                   0x08001761   Thumb Code    14  handlers.o(i.__scatterload_zeroinit)
    fsm_reaction                             0x08001771   Thumb Code   644  lab7.o(i.fsm_reaction)
    io_dir                                   0x080019f9   Thumb Code    90  i2c_stm32f2xx.o(i.io_dir)
    io_pin                                   0x08001a59   Thumb Code    70  i2c_stm32f2xx.o(i.io_pin)
    io_state                                 0x08001aa5   Thumb Code    28  i2c_stm32f2xx.o(i.io_state)
    main                                     0x08001ac5   Thumb Code    82  lab7.o(i.main)
    GLCD_Font_6x8                            0x080033d0   Data          16  glcd_fonts.o(.constdata)
    GLCD_Font_16x24                          0x080033e0   Data          16  glcd_fonts.o(.constdata)
    AHBPrescTable                            0x080033f0   Data          16  system_stm32f2xx.o(.constdata)
    APBPrescTable                            0x08003400   Data           8  system_stm32f2xx.o(.constdata)
    Region$$Table$$Base                      0x08003408   Number         0  anon$$obj.o(Region$$Table)
    Region$$Table$$Limit                     0x08003428   Number         0  anon$$obj.o(Region$$Table)
    state                                    0x20000000   Data           1  lab7.o(.data)
    uwTick                                   0x20000014   Data           4  stm32f2xx_hal.o(.data)
    SystemCoreClock                          0x20000018   Data           4  system_stm32f2xx.o(.data)
    __initial_sp                             0x20000460   Data           0  startup_stm32f207xx.o(STACK)



==============================================================================

Memory Map of the image

  Image Entry point : 0x08000199

  Load Region LR_1 (Base: 0x08000000, Size: 0x00003444, Max: 0xffffffff, ABSOLUTE)

    Execution Region ER_RO (Exec base: 0x08000000, Load base: 0x08000000, Size: 0x00003428, Max: 0xffffffff, ABSOLUTE)

    Exec Addr    Load Addr    Size         Type   Attr      Idx    E Section Name        Object

    0x08000000   0x08000000   0x00000184   Data   RO         1439    RESET               startup_stm32f207xx.o
    0x08000184   0x08000184   0x00000000   Code   RO         1481  * .ARM.Collect$$$$00000000  mc_w.l(entry.o)
    0x08000184   0x08000184   0x00000004   Code   RO         1486    .ARM.Collect$$$$00000001  mc_w.l(entry2.o)
    0x08000188   0x08000188   0x00000004   Code   RO         1489    .ARM.Collect$$$$00000004  mc_w.l(entry5.o)
    0x0800018c   0x0800018c   0x00000000   Code   RO         1491    .ARM.Collect$$$$00000008  mc_w.l(entry7b.o)
    0x0800018c   0x0800018c   0x00000000   Code   RO         1493    .ARM.Collect$$$$0000000A  mc_w.l(entry8b.o)
    0x0800018c   0x0800018c   0x00000008   Code   RO         1494    .ARM.Collect$$$$0000000B  mc_w.l(entry9a.o)
    0x08000194   0x08000194   0x00000000   Code   RO         1496    .ARM.Collect$$$$0000000D  mc_w.l(entry10a.o)
    0x08000194   0x08000194   0x00000000   Code   RO         1498    .ARM.Collect$$$$0000000F  mc_w.l(entry11a.o)
    0x08000194   0x08000194   0x00000004   Code   RO         1487    .ARM.Collect$$$$00002712  mc_w.l(entry2.o)
    0x08000198   0x08000198   0x00000024   Code   RO         1440  * .text               startup_stm32f207xx.o
    0x080001bc   0x080001bc   0x00000024   Code   RO         1504    .text               mc_w.l(init.o)
    0x080001e0   0x080001e0   0x00000048   Code   RO         1318    i.FSMC_NORSRAM_Extended_Timing_Init  stm32f2xx_ll_fsmc.o
    0x08000228   0x08000228   0x00000058   Code   RO         1319    i.FSMC_NORSRAM_Init  stm32f2xx_ll_fsmc.o
    0x08000280   0x08000280   0x00000044   Code   RO         1320    i.FSMC_NORSRAM_Timing_Init  stm32f2xx_ll_fsmc.o
    0x080002c4   0x080002c4   0x0000003c   Code   RO          368    i.GLCD_ClearScreen  glcd_mcbstm32f200.o
    0x08000300   0x08000300   0x000000d0   Code   RO          371    i.GLCD_DrawChar     glcd_mcbstm32f200.o
    0x080003d0   0x080003d0   0x00000734   Code   RO          379    i.GLCD_Initialize   glcd_mcbstm32f200.o
    0x08000b04   0x08000b04   0x00000010   Code   RO          380    i.GLCD_SetBackgroundColor  glcd_mcbstm32f200.o
    0x08000b14   0x08000b14   0x00000010   Code   RO          381    i.GLCD_SetFont      glcd_mcbstm32f200.o
    0x08000b24   0x08000b24   0x000000ac   Code   RO          383    i.GLCD_SetWindow    glcd_mcbstm32f200.o
    0x08000bd0   0x08000bd0   0x0000001e   Code   RO          527    i.HAL_Delay         stm32f2xx_hal.o
    0x08000bee   0x08000bee   0x00000002   PAD
    0x08000bf0   0x08000bf0   0x0000020c   Code   RO          979    i.HAL_GPIO_Init     stm32f2xx_hal_gpio.o
    0x08000dfc   0x08000dfc   0x0000000c   Code   RO          983    i.HAL_GPIO_WritePin  stm32f2xx_hal_gpio.o
    0x08000e08   0x08000e08   0x0000000c   Code   RO          533    i.HAL_GetTick       stm32f2xx_hal.o
    0x08000e14   0x08000e14   0x00000010   Code   RO          535    i.HAL_IncTick       stm32f2xx_hal.o
    0x08000e24   0x08000e24   0x0000003c   Code   RO          536    i.HAL_Init          stm32f2xx_hal.o
    0x08000e60   0x08000e60   0x00000028   Code   RO          537    i.HAL_InitTick      stm32f2xx_hal.o
    0x08000e88   0x08000e88   0x00000002   Code   RO          539    i.HAL_MspInit       stm32f2xx_hal.o
    0x08000e8a   0x08000e8a   0x0000007c   Code   RO          688    i.HAL_NVIC_SetPriority  stm32f2xx_hal_cortex.o
    0x08000f06   0x08000f06   0x00000002   PAD
    0x08000f08   0x08000f08   0x00000028   Code   RO          689    i.HAL_NVIC_SetPriorityGrouping  stm32f2xx_hal_cortex.o
    0x08000f30   0x08000f30   0x00000058   Code   RO         1190    i.HAL_SRAM_Init     stm32f2xx_hal_sram.o
    0x08000f88   0x08000f88   0x00000002   Code   RO         1192    i.HAL_SRAM_MspInit  stm32f2xx_hal_sram.o
    0x08000f8a   0x08000f8a   0x00000034   Code   RO          693    i.HAL_SYSTICK_Config  stm32f2xx_hal_cortex.o
    0x08000fbe   0x08000fbe   0x00000002   PAD
    0x08000fc0   0x08000fc0   0x0000001c   Code   RO            4    i.I2C_Addr          i2c_stm32f2xx.o
    0x08000fdc   0x08000fdc   0x000000e8   Code   RO            5    i.I2C_Init          i2c_stm32f2xx.o
    0x080010c4   0x080010c4   0x000000c4   Code   RO            7    i.I2C_RdData        i2c_stm32f2xx.o
    0x08001188   0x08001188   0x00000040   Code   RO            8    i.I2C_Read          i2c_stm32f2xx.o
    0x080011c8   0x080011c8   0x000000a8   Code   RO            9    i.I2C_Recovery      i2c_stm32f2xx.o
    0x08001270   0x08001270   0x0000001c   Code   RO           10    i.I2C_Start         i2c_stm32f2xx.o
    0x0800128c   0x0800128c   0x0000001c   Code   RO           11    i.I2C_Stop          i2c_stm32f2xx.o
    0x080012a8   0x080012a8   0x0000009e   Code   RO           13    i.I2C_WrData        i2c_stm32f2xx.o
    0x08001346   0x08001346   0x00000002   PAD
    0x08001348   0x08001348   0x00000014   Code   RO           14    i.I2C_Write         i2c_stm32f2xx.o
    0x0800135c   0x0800135c   0x00000014   Code   RO           15    i.I2C_sr            i2c_stm32f2xx.o
    0x08001370   0x08001370   0x00000014   Code   RO          161    i.IOE_Read          joy.o
    0x08001384   0x08001384   0x00000012   Code   RO          162    i.IOE_Write         joy.o
    0x08001396   0x08001396   0x00000062   Code   RO          163    i.JOY_GetKeys       joy.o
    0x080013f8   0x080013f8   0x00000054   Code   RO          164    i.JOY_Init          joy.o
    0x0800144c   0x0800144c   0x0000001c   Code   RO          320    i.SER_GetChar       serial.o
    0x08001468   0x08001468   0x000000b4   Code   RO          321    i.SER_Init          serial.o
    0x0800151c   0x0800151c   0x0000001c   Code   RO          322    i.SER_PutChar       serial.o
    0x08001538   0x08001538   0x00000048   Code   RO          210    i.SysTick_Handler   lab7.o
    0x08001580   0x08001580   0x000000c0   Code   RO         1447    i.SystemCoreClockUpdate  system_stm32f2xx.o
    0x08001640   0x08001640   0x00000054   Code   RO         1448    i.SystemInit        system_stm32f2xx.o
    0x08001694   0x08001694   0x0000002c   Code   RO          211    i.USART3_IRQHandler  lab7.o
    0x080016c0   0x080016c0   0x00000010   Code   RO           16    i.Wait              i2c_stm32f2xx.o
    0x080016d0   0x080016d0   0x00000024   Code   RO           17    i.WaitFlagClr       i2c_stm32f2xx.o
    0x080016f4   0x080016f4   0x00000024   Code   RO           18    i.WaitFlagSet       i2c_stm32f2xx.o
    0x08001718   0x08001718   0x00000010   Code   RO          695    i.__NVIC_GetPriorityGrouping  stm32f2xx_hal_cortex.o
    0x08001728   0x08001728   0x00000028   Code   RO          696    i.__NVIC_SetPriority  stm32f2xx_hal_cortex.o
    0x08001750   0x08001750   0x0000000e   Code   RO         1508    i.__scatterload_copy  mc_w.l(handlers.o)
    0x0800175e   0x0800175e   0x00000002   Code   RO         1509    i.__scatterload_null  mc_w.l(handlers.o)
    0x08001760   0x08001760   0x0000000e   Code   RO         1510    i.__scatterload_zeroinit  mc_w.l(handlers.o)
    0x0800176e   0x0800176e   0x00000002   PAD
    0x08001770   0x08001770   0x00000288   Code   RO          212    i.fsm_reaction      lab7.o
    0x080019f8   0x080019f8   0x00000060   Code   RO           19    i.io_dir            i2c_stm32f2xx.o
    0x08001a58   0x08001a58   0x0000004c   Code   RO           20    i.io_pin            i2c_stm32f2xx.o
    0x08001aa4   0x08001aa4   0x00000020   Code   RO           21    i.io_state          i2c_stm32f2xx.o
    0x08001ac4   0x08001ac4   0x00000060   Code   RO          213    i.main              lab7.o
    0x08001b24   0x08001b24   0x00000008   Code   RO          386    i.wr_cmd            glcd_mcbstm32f200.o
    0x08001b2c   0x08001b2c   0x00000008   Code   RO          387    i.wr_dat            glcd_mcbstm32f200.o
    0x08001b34   0x08001b34   0x00000008   Code   RO          388    i.wr_dat_only       glcd_mcbstm32f200.o
    0x08001b3c   0x08001b3c   0x00000014   Code   RO          389    i.wr_reg            glcd_mcbstm32f200.o
    0x08001b50   0x08001b50   0x000018a0   Data   RO          356    .constdata          glcd_fonts.o
    0x080033f0   0x080033f0   0x00000018   Data   RO         1449    .constdata          system_stm32f2xx.o
    0x08003408   0x08003408   0x00000020   Data   RO         1506    Region$$Table       anon$$obj.o


    Execution Region ER_RW (Exec base: 0x20000000, Load base: 0x08003428, Size: 0x0000001c, Max: 0xffffffff, ABSOLUTE)

    Exec Addr    Load Addr    Size         Type   Attr      Idx    E Section Name        Object

    0x20000000   0x08003428   0x00000008   Data   RW          214    .data               lab7.o
    0x20000008   0x08003430   0x00000009   Data   RW          391    .data               glcd_mcbstm32f200.o
    0x20000011   0x08003439   0x00000003   PAD
    0x20000014   0x0800343c   0x00000004   Data   RW          542    .data               stm32f2xx_hal.o
    0x20000018   0x08003440   0x00000004   Data   RW         1450    .data               system_stm32f2xx.o


    Execution Region ER_ZI (Exec base: 0x2000001c, Load base: 0x08003444, Size: 0x00000444, Max: 0xffffffff, ABSOLUTE)

    Exec Addr    Load Addr    Size         Type   Attr      Idx    E Section Name        Object

    0x2000001c        -       0x00000044   Zero   RW          390    .bss                glcd_mcbstm32f200.o
    0x20000060        -       0x00000400   Zero   RW         1437    STACK               startup_stm32f207xx.o


==============================================================================

Image component sizes


      Code (inc. data)   RO Data    RW Data    ZI Data      Debug   Object Name

         0          0       6304          0          0        896   glcd_fonts.o
      2360         78          0          9         68       9162   glcd_mcbstm32f200.o
      1234         98          0          0          0     545346   i2c_stm32f2xx.o
       220          4          0          0          0       2409   joy.o
       860         30          0          8          0      32690   lab7.o
       236         24          0          0          0       1399   serial.o
        36          8        388          0       1024        816   startup_stm32f207xx.o
       160         20          0          4          0       4865   stm32f2xx_hal.o
       272         22          0          0          0      30626   stm32f2xx_hal_cortex.o
       536         48          0          0          0       2500   stm32f2xx_hal_gpio.o
        90          0          0          0          0       1947   stm32f2xx_hal_sram.o
       228         10          0          0          0       2895   stm32f2xx_ll_fsmc.o
       276         38         24          4          0       2103   system_stm32f2xx.o

    ----------------------------------------------------------------------
      6516        380       6748         28       1092     637654   Object Totals
         0          0         32          0          0          0   (incl. Generated)
         8          0          0          3          0          0   (incl. Padding)

    ----------------------------------------------------------------------

      Code (inc. data)   RO Data    RW Data    ZI Data      Debug   Library Member Name

         0          0          0          0          0          0   entry.o
         0          0          0          0          0          0   entry10a.o
         0          0          0          0          0          0   entry11a.o
         8          4          0          0          0          0   entry2.o
         4          0          0          0          0          0   entry5.o
         0          0          0          0          0          0   entry7b.o
         0          0          0          0          0          0   entry8b.o
         8          4          0          0          0          0   entry9a.o
        30          0          0          0          0          0   handlers.o
        36          8          0          0          0         68   init.o

    ----------------------------------------------------------------------
        88         16          0          0          0         68   Library Totals
         2          0          0          0          0          0   (incl. Padding)

    ----------------------------------------------------------------------

      Code (inc. data)   RO Data    RW Data    ZI Data      Debug   Library Name

        86         16          0          0          0         68   mc_w.l

    ----------------------------------------------------------------------
        88         16          0          0          0         68   Library Totals

    ----------------------------------------------------------------------

==============================================================================


      Code (inc. data)   RO Data    RW Data    ZI Data      Debug   

      6604        396       6748         28       1092     635118   Grand Totals
      6604        396       6748         28       1092     635118   ELF Image Totals
      6604        396       6748         28          0          0   ROM Totals

==============================================================================

    Total RO  Size (Code + RO Data)                13352 (  13.04kB)
    Total RW  Size (RW Data + ZI Data)              1120 (   1.09kB)
    Total ROM Size (Code + RO Data + RW Data)      13380 (  13.07kB)

==============================================================================

